Laura/avocado_sales_2018.csv
,Date,AveragePrice,Total Volume,4046,4225,4770,Total Bags,Small Bags,Large Bags,XLarge Bags,type,year,region
915,1/1/2018,1.4,419696.59,9622.52,325398.02,2061.91,82614.14,65868.23,16745.91,0.0,conventional,2018,Boston
916,1/7/2018,1.28,685417.51,12012.96,557314.83,4961.24,111128.48,58834.32,52294.16,0.0,conventional,2018,Boston
917,1/14/2018,1.49,533150.49,10669.09,393026.08,2533.63,126921.69,81610.31,45311.38,0.0,conventional,2018,Boston
918,1/21/2018,1.12,999783.13,15177.93,865836.92,6492.83,112275.45,85468.78,26806.67,0.0,conventional,2018,Boston
919,1/28/2018,1.22,800274.4,14384.54,680080.04,2656.9,103152.92,77511.92,25561.0,80.0,conventional,2018,Boston
920,2/4/2018,1.39,725934.21,21309.4,566751.03,3293.87,134579.91,98025.22,36068.02,486.67,conventional,2018,Boston
921,2/11/2018,1.3,834304.52,23220.89,703749.06,6620.69,100713.88,86124.35,13366.2,1223.33,conventional,2018,Boston
922,2/18/2018,1.51,515022.94,16054.89,378699.13,2422.76,117846.16,99085.39,17672.99,1087.78,conventional,2018,Boston
923,2/25/2018,1.41,527274.99,19622.47,376506.86,1796.38,129349.28,112254.26,15890.58,1204.44,conventional,2018,Boston
924,3/4/2018,1.19,785188.72,20384.08,645988.55,1884.67,116931.42,88147.57,27442.74,1341.11,conventional,2018,Boston
925,3/11/2018,1.34,629090.87,23641.04,479640.6,1840.01,123969.22,102902.94,19475.17,1591.11,conventional,2018,Boston
926,3/18/2018,1.38,602177.43,24831.59,443903.93,1853.86,131588.05,101891.24,28125.7,1571.11,conventional,2018,Boston
927,3/25/2018,1.39,641462.43,26019.52,479186.12,1883.17,134373.62,109938.39,22955.23,1480.0,conventional,2018,Boston
928,4/1/2018,1.36,615262.32,21802.25,451222.52,1834.46,140403.09,114096.33,24413.43,1893.33,conventional,2018,Boston
929,4/8/2018,1.33,657783.55,26143.84,508099.32,1803.62,121736.77,102162.12,18017.99,1556.66,conventional,2018,Boston
930,4/15/2018,1.31,719051.88,29631.12,571454.34,1979.86,115986.56,80444.25,33942.31,1600.0,conventional,2018,Boston
931,4/22/2018,1.3,689571.58,26889.95,532260.87,2034.19,128386.57,86727.58,39871.21,1787.78,conventional,2018,Boston
932,4/29/2018,1.08,883607.95,26040.67,730367.87,1100.96,126098.45,83226.21,40942.24,1930.0,conventional,2018,Boston
933,5/6/2018,1.07,951681.75,33402.52,781710.93,1089.85,135478.45,96954.41,36599.6,1924.44,conventional,2018,Boston
934,5/13/2018,1.09,884528.06,29898.55,724162.93,966.74,129499.84,95608.5,31914.67,1976.67,conventional,2018,Boston
935,5/20/2018,1.23,744286.38,29700.23,583766.75,760.23,130059.17,88436.9,39633.38,1988.89,conventional,2018,Boston
936,5/27/2018,1.09,1009164.35,34601.69,843649.93,1529.55,129383.18,95401.72,32165.9,1815.56,conventional,2018,Boston
937,6/3/2018,1.29,831230.87,31153.19,644756.58,1374.56,153946.54,111654.62,40084.14,2207.78,conventional,2018,Boston
938,6/10/2018,1.03,1190209.04,34751.16,1007026.97,1965.98,146464.93,129868.28,14991.09,1605.56,conventional,2018,Boston
939,6/17/2018,1.25,869355.03,34257.51,682264.48,646.18,152186.86,124141.85,26909.46,1135.55,conventional,2018,Boston
940,6/24/2018,1.15,896730.29,35373.39,718514.12,1305.88,141536.9,99671.12,40733.56,1132.22,conventional,2018,Boston
941,7/1/2018,1.28,807473.71,33490.93,633108.05,851.25,140023.48,110736.77,28350.05,936.66,conventional,2018,Boston
942,7/8/2018,1.29,843260.92,26250.12,675111.01,146.8,141752.99,106266.82,34529.51,956.66,conventional,2018,Boston
943,7/15/2018,1.23,830108.17,19411.03,675512.48,958.98,134225.68,104249.53,28949.49,1026.66,conventional,2018,Boston
944,7/22/2018,1.28,723377.81,17674.66,559251.89,348.46,146102.8,122691.51,22687.96,723.33,conventional,2018,Boston
945,7/29/2018,1.12,886169.01,15425.09,725883.16,890.99,143969.77,136517.25,6702.52,750.0,conventional,2018,Boston
946,8/5/2018,1.29,703209.73,15427.26,527669.49,696.83,159416.15,147791.54,10423.5,1201.11,conventional,2018,Boston
947,8/12/2018,1.28,772077.18,15554.18,609901.86,630.9,145990.24,141326.85,3373.39,1290.0,conventional,2018,Boston
948,8/19/2018,1.42,626379.69,14679.8,477810.05,2794.34,131095.5,118783.02,11065.82,1246.66,conventional,2018,Boston
949,8/26/2018,1.42,664225.22,12599.87,513576.06,2587.46,135461.83,125744.81,8593.68,1123.34,conventional,2018,Boston
950,9/2/2018,1.48,632104.18,13301.46,486012.35,2332.03,130458.34,122625.84,6672.5,1160.0,conventional,2018,Boston
951,9/9/2018,1.5,701585.62,11946.4,552314.16,2193.6,135131.46,122937.17,10377.63,1816.66,conventional,2018,Boston
952,9/16/2018,1.46,595407.76,9294.2,449239.47,2384.65,134489.44,126059.16,8016.95,413.33,conventional,2018,Boston
953,9/23/2018,1.43,608878.9,8996.45,462548.62,3097.28,134236.55,127293.33,5193.22,1750.0,conventional,2018,Boston
954,9/30/2018,1.49,585261.21,6898.64,452041.81,1699.77,124620.99,119260.61,4749.28,611.1,conventional,2018,Boston
955,10/7/2018,1.47,580242.99,7204.42,432925.4,1890.86,138222.31,132173.43,6045.55,3.33,conventional,2018,Boston
956,10/14/2018,1.46,575912.91,8102.33,419013.04,2492.56,146304.98,138909.53,7395.45,0.0,conventional,2018,Boston
957,10/21/2018,1.4,597748.99,8041.99,452780.27,1792.67,135134.06,131463.9,3670.16,0.0,conventional,2018,Boston
958,10/28/2018,1.38,558467.92,8476.72,413816.76,1611.33,134563.11,125231.39,9331.72,0.0,conventional,2018,Boston
959,11/4/2018,1.45,579101.75,9568.69,437188.03,1805.5,130539.53,107805.72,22733.81,0.0,conventional,2018,Boston
960,11/11/2018,1.45,583609.02,10379.89,438191.98,1936.94,133100.21,104725.35,28368.19,6.67,conventional,2018,Boston
961,11/18/2018,1.47,573890.27,9356.91,429840.18,1613.71,133079.47,115488.55,17587.59,3.33,conventional,2018,Boston
962,11/25/2018,1.67,397168.09,10492.06,295385.75,1574.07,89716.21,70989.63,18726.58,0.0,conventional,2018,Boston
963,12/2/2018,1.61,373555.17,17216.67,281159.07,1457.1,73722.33,52494.01,21228.32,0.0,conventional,2018,Boston
1168,1/1/2018,0.93,7132711.23,2280934.17,3201737.11,111845.09,1538194.86,1461095.1,20553.6,56546.16,conventional,2018,California
1169,1/7/2018,1.19,5756632.36,2350838.88,1704810.36,135053.06,1565930.06,1465321.32,25951.12,74657.62,conventional,2018,California
1170,1/14/2018,1.27,5927016.73,2098762.55,2356359.93,151045.33,1320848.92,1226559.09,25390.97,68898.86,conventional,2018,California
1171,1/21/2018,1.12,6610010.64,2378177.09,2590301.7,122950.68,1518581.17,1431898.88,24801.59,61880.7,conventional,2018,California
1172,1/28/2018,1.16,6134040.58,2254631.8,2185495.65,121090.87,1572822.26,1480527.7,24545.94,67748.62,conventional,2018,California
1173,2/4/2018,0.8,10894677.77,4473811.63,4097591.67,146357.78,2176916.69,2072477.62,34196.27,70242.8,conventional,2018,California
1174,2/11/2018,0.98,6718358.1,2787033.93,1781591.88,119593.17,2030139.12,1930311.89,31301.69,68525.54,conventional,2018,California
1175,2/18/2018,1.1,6379219.83,2086478.7,2413234.64,114573.33,1764933.16,1640897.04,47009.82,77026.3,conventional,2018,California
1176,2/25/2018,1.03,6750361.46,2666133.31,1947660.32,110662.05,2025905.78,1908897.38,42064.35,74944.05,conventional,2018,California
1177,3/4/2018,1.13,6295529.61,2380723.98,1676629.99,116796.74,2121378.9,1992549.07,47126.97,81702.86,conventional,2018,California
1178,3/11/2018,1.11,6488605.43,2277437.31,1750118.87,108244.33,2352804.92,2230913.33,41105.34,80786.25,conventional,2018,California
1179,3/18/2018,1.02,6802084.11,2161037.82,2305253.24,94087.86,2241705.19,2116307.93,38597.17,86800.09,conventional,2018,California
1180,3/25/2018,1.04,6687009.44,1932162.02,2715163.6,92955.04,1946728.78,1827362.5,37434.21,81932.07,conventional,2018,California
1181,4/1/2018,1.21,6134850.93,1998580.7,1843635.19,105071.07,2187563.97,1847127.0,244874.48,95562.49,conventional,2018,California
1182,4/8/2018,0.93,7980946.27,2742336.49,2991201.15,104338.3,2143070.33,1988641.24,85552.66,68876.43,conventional,2018,California
1183,4/15/2018,1.06,6628348.74,2674908.49,1900645.11,104954.78,1947840.36,1817826.19,76296.6,53717.57,conventional,2018,California
1184,4/22/2018,1.06,6979237.55,2132206.83,2953974.58,95722.63,1797333.51,1659351.09,49228.03,88754.39,conventional,2018,California
1185,4/29/2018,1.16,6375659.22,2011500.55,2361398.37,101999.26,1900761.04,1756488.68,45676.27,98596.09,conventional,2018,California
1186,5/6/2018,0.85,10094234.35,3254794.46,3610156.5,105864.37,3123419.02,2796915.41,240425.99,86077.62,conventional,2018,California
1187,5/13/2018,1.05,6788833.84,2571518.16,1741569.28,105679.43,2370066.97,2185146.59,92421.81,92498.57,conventional,2018,California
1188,5/20/2018,1.15,6107948.96,2181143.55,1982500.62,120959.29,1823345.5,1683407.24,47149.23,92789.03,conventional,2018,California
1189,5/27/2018,1.15,6508694.8,2262725.96,1862170.67,137705.2,2246092.97,1884065.18,270851.15,91176.64,conventional,2018,California
1190,6/3/2018,1.1,7111190.03,2481805.2,2070019.26,125632.97,2433732.6,2238394.95,96234.86,99102.79,conventional,2018,California
1191,6/10/2018,1.07,7042283.35,2510328.68,2113127.62,134295.14,2284531.91,2147142.46,49638.36,87751.09,conventional,2018,California
1192,6/17/2018,1.14,6719738.66,2453766.33,1951344.6,141927.83,2172699.9,2015047.41,66600.26,91052.23,conventional,2018,California
1193,6/24/2018,1.13,6508328.72,2471885.05,1875405.48,131400.7,2029637.49,1873893.94,72921.84,82821.71,conventional,2018,California
1194,7/1/2018,1.09,7180156.76,2783456.63,1981059.57,152715.28,2262925.28,1934008.57,240624.79,88291.92,conventional,2018,California
1195,7/8/2018,1.01,8275528.18,2759063.3,2816949.38,376374.16,2323141.34,2026543.11,148054.82,148543.41,conventional,2018,California
1196,7/15/2018,1.14,6651796.99,2453641.64,1915608.9,154454.63,2128091.82,1950915.69,81402.68,95773.45,conventional,2018,California
1197,7/22/2018,1.14,6778957.79,2140850.85,2505446.57,144484.55,1988175.82,1839704.17,68080.13,80391.52,conventional,2018,California
1198,7/29/2018,1.19,6501318.77,1980086.2,2468489.43,110784.39,1941958.75,1816647.01,50935.45,74376.29,conventional,2018,California
1199,8/5/2018,1.24,6264096.62,2042460.92,2207840.57,126325.18,1887469.95,1742264.99,67670.45,77534.51,conventional,2018,California
1200,8/12/2018,1.21,6555916.07,1941100.6,2328177.4,147595.57,2139042.5,1967457.55,72693.12,98891.83,conventional,2018,California
1201,8/19/2018,1.3,5897913.08,1852032.02,1923556.06,146560.59,1975764.41,1806105.21,81833.77,87825.43,conventional,2018,California
1202,8/26/2018,1.29,5790412.43,1743858.57,2053206.1,141467.0,1851880.76,1700676.41,68564.11,82640.24,conventional,2018,California
1203,9/2/2018,1.5,5530177.58,1643702.52,1779227.48,131793.41,1975454.17,1808394.58,75779.29,91280.3,conventional,2018,California
1204,9/9/2018,1.32,6171557.2,1755587.64,2369746.78,135077.18,1911145.6,1741195.12,81512.54,88437.94,conventional,2018,California
1205,9/16/2018,1.4,5441695.87,1730813.9,1615748.07,122581.11,1972552.79,1833301.99,57960.9,81289.9,conventional,2018,California
1206,9/23/2018,1.19,6087560.63,1982300.05,2257909.82,117932.72,1729418.04,1601819.94,55512.18,72085.92,conventional,2018,California
1207,9/30/2018,1.18,6044786.34,1976115.24,1964842.64,120289.08,1983539.38,1846779.95,53326.08,83433.35,conventional,2018,California
1208,10/7/2018,1.13,6219004.27,1700292.61,2168126.18,117912.28,2232673.2,2091130.73,63427.69,78114.78,conventional,2018,California
1209,10/14/2018,1.15,5974050.81,1715131.47,2122004.37,95124.7,2041790.27,1892650.65,63311.15,85828.47,conventional,2018,California
1210,10/21/2018,1.29,5325217.24,1503492.27,1819977.9,100303.3,1901443.77,1753315.86,63631.9,84496.01,conventional,2018,California
1211,10/28/2018,1.1,6257515.26,2027962.51,2163653.83,102212.58,1963686.34,1838937.05,56190.19,68559.1,conventional,2018,California
1212,11/4/2018,1.11,5904995.25,1931281.87,1761347.26,111659.98,2100706.14,1983386.45,54744.63,62575.06,conventional,2018,California
1213,11/11/2018,1.02,6769569.54,1988282.17,2492369.81,106469.95,2182447.61,2057584.32,61365.22,63498.07,conventional,2018,California
1214,11/18/2018,1.33,4740571.79,1538925.65,1135169.73,101655.83,1964820.58,1846124.4,51552.16,67144.02,conventional,2018,California
1215,11/25/2018,1.57,3379381.51,972218.09,1137343.19,95048.53,1174771.7,1050404.23,53317.51,71049.96,conventional,2018,California
1216,12/2/2018,1.47,4195609.46,1377730.39,1319653.21,103954.88,1394270.98,1313658.48,37934.15,42678.35,conventional,2018,California
1421,1/1/2018,0.93,346356.5,60766.53,108930.41,6349.26,170310.3,162934.08,7369.55,6.67,conventional,2018,Charlotte
1422,1/7/2018,1.36,243301.08,69157.01,80320.79,4915.1,88908.18,84280.34,4627.84,0.0,conventional,2018,Charlotte
1423,1/14/2018,1.38,251260.54,60751.23,97094.95,5512.27,87902.09,82964.19,4937.9,0.0,conventional,2018,Charlotte
1424,1/21/2018,1.11,331324.99,74246.57,80371.21,4657.83,172049.38,165016.97,7031.3,1.11,conventional,2018,Charlotte
1425,1/28/2018,1.37,247893.13,68666.93,79639.9,4802.79,94783.51,89456.12,5327.39,0.0,conventional,2018,Charlotte
1426,2/4/2018,0.99,411160.94,86708.74,99117.46,6476.93,218857.81,208289.93,10567.88,0.0,conventional,2018,Charlotte
1427,2/11/2018,1.18,262133.71,69727.98,67904.5,5261.66,119239.57,113041.82,6197.75,0.0,conventional,2018,Charlotte
1428,2/18/2018,1.36,224395.77,53547.46,75445.39,5423.5,89979.42,85685.59,4293.83,0.0,conventional,2018,Charlotte
1429,2/25/2018,1.34,249254.23,63442.49,91258.71,5678.86,88874.17,86338.79,2535.38,0.0,conventional,2018,Charlotte
1430,3/4/2018,1.32,259060.74,67459.59,80515.46,6005.97,105079.72,97703.43,7376.29,0.0,conventional,2018,Charlotte
1431,3/11/2018,1.27,279661.71,72847.8,98059.2,6212.37,102542.34,96038.19,6503.04,1.11,conventional,2018,Charlotte
1432,3/18/2018,0.99,396324.57,73274.02,93954.85,5330.38,223765.32,218181.7,5583.62,0.0,conventional,2018,Charlotte
1433,3/25/2018,1.32,258547.55,68088.95,87220.18,5567.45,97670.97,92743.21,4926.65,1.11,conventional,2018,Charlotte
1434,4/1/2018,1.32,258747.31,66103.18,86252.4,5495.76,100895.97,95017.7,5878.27,0.0,conventional,2018,Charlotte
1435,4/8/2018,1.34,259360.39,64036.02,83598.94,6350.51,105374.92,97365.51,8009.41,0.0,conventional,2018,Charlotte
1436,4/15/2018,1.25,283068.23,84016.93,86116.47,6222.09,106712.74,93567.44,13145.3,0.0,conventional,2018,Charlotte
1437,4/22/2018,1.31,274692.44,76052.77,87053.03,6375.69,105210.95,94507.87,10703.08,0.0,conventional,2018,Charlotte
1438,4/29/2018,1.26,304727.34,88734.27,92065.33,6392.03,117535.71,100120.52,17414.08,1.11,conventional,2018,Charlotte
1439,5/6/2018,0.93,465904.9,97209.58,140064.93,7034.47,221595.92,203734.24,17860.57,1.11,conventional,2018,Charlotte
1440,5/13/2018,1.23,295237.78,82331.63,83052.05,6355.81,123498.29,110260.91,13237.38,0.0,conventional,2018,Charlotte
1441,5/20/2018,1.15,320281.11,98384.47,102375.4,6325.45,113195.79,97998.67,15194.9,2.22,conventional,2018,Charlotte
1442,5/27/2018,1.27,303101.69,96205.37,87451.7,8466.54,110978.08,95460.82,15517.26,0.0,conventional,2018,Charlotte
1443,6/3/2018,1.25,287984.27,98639.89,71320.37,6444.15,111579.86,96653.55,14926.31,0.0,conventional,2018,Charlotte
1444,6/10/2018,1.21,301189.5,109239.05,83132.8,5789.42,103028.23,91734.68,11286.89,6.66,conventional,2018,Charlotte
1445,6/17/2018,1.23,294786.3,107892.45,68851.4,5316.96,112725.49,95705.81,17019.68,0.0,conventional,2018,Charlotte
1446,6/24/2018,1.29,263033.5,82083.27,63087.73,5313.49,112549.01,100823.35,11725.66,0.0,conventional,2018,Charlotte
1447,7/1/2018,1.19,292570.77,93910.83,74811.83,5885.92,117962.19,99759.2,18202.99,0.0,conventional,2018,Charlotte
1448,7/8/2018,1.23,283548.74,93013.69,77016.63,5981.58,107536.84,94215.43,13319.19,2.22,conventional,2018,Charlotte
1449,7/15/2018,1.28,263245.74,80443.03,71233.24,5126.56,106442.91,93985.03,12420.1,37.78,conventional,2018,Charlotte
1450,7/22/2018,1.29,254424.96,78867.08,72113.73,6027.11,97417.04,82510.08,14904.74,2.22,conventional,2018,Charlotte
1451,7/29/2018,1.34,253318.19,80020.61,71188.81,5171.1,96937.67,80899.7,16037.97,0.0,conventional,2018,Charlotte
1452,8/5/2018,1.31,260527.39,80193.86,72996.43,5236.16,102100.94,84774.76,17326.18,0.0,conventional,2018,Charlotte
1453,8/12/2018,1.25,274356.12,89110.84,79479.21,6027.97,99738.1,85464.14,14270.63,3.33,conventional,2018,Charlotte
1454,8/19/2018,1.27,276940.89,94486.83,75468.38,6908.28,100077.4,82753.21,17284.19,40.0,conventional,2018,Charlotte
1455,8/26/2018,1.38,257392.71,84412.19,70481.71,6716.06,95782.75,80958.7,14824.05,0.0,conventional,2018,Charlotte
1456,9/2/2018,1.34,267934.3,82398.42,69989.66,6450.15,109096.07,90663.86,18432.21,0.0,conventional,2018,Charlotte
1457,9/9/2018,1.37,268858.28,82568.05,75740.05,6771.99,103778.19,88435.73,15342.46,0.0,conventional,2018,Charlotte
1458,9/16/2018,1.28,282107.53,89047.39,72994.06,6349.52,113716.56,94833.35,18883.21,0.0,conventional,2018,Charlotte
1459,9/23/2018,1.29,219759.58,66277.48,61980.35,5240.75,86261.0,73689.31,11427.25,1144.44,conventional,2018,Charlotte
1460,9/30/2018,1.24,233193.86,72134.65,64679.1,6385.98,89994.13,70157.46,18540.0,1296.67,conventional,2018,Charlotte
1461,10/7/2018,1.28,230012.11,64240.29,67054.31,7346.7,91370.81,74846.77,16492.93,31.11,conventional,2018,Charlotte
1462,10/14/2018,1.21,243974.88,72530.68,68728.28,7034.69,95681.23,80530.72,15147.18,3.33,conventional,2018,Charlotte
1463,10/21/2018,1.19,238338.87,79039.25,69912.34,6925.14,82462.14,70402.84,12059.3,0.0,conventional,2018,Charlotte
1464,10/28/2018,0.89,318502.81,78014.38,64924.49,5900.24,169663.7,153593.65,16070.05,0.0,conventional,2018,Charlotte
1465,11/4/2018,1.13,234080.67,73961.3,65958.37,5903.26,88257.74,70244.77,18009.64,3.33,conventional,2018,Charlotte
1466,11/11/2018,1.15,244184.18,84129.73,73206.42,6463.83,80384.2,66642.17,13738.7,3.33,conventional,2018,Charlotte
1467,11/18/2018,1.2,209045.96,67819.91,52752.34,4105.05,84368.66,71820.26,12541.73,6.67,conventional,2018,Charlotte
1468,11/25/2018,1.21,167987.96,51034.45,45632.34,3522.61,67798.56,60320.38,7478.18,0.0,conventional,2018,Charlotte
1469,12/2/2018,1.24,200056.46,65488.4,46672.53,4708.64,83186.89,69398.85,13783.6,4.44,conventional,2018,Charlotte
