Laura/avocado_sales_2018.csv
,Date,AveragePrice,Total Volume,4046,4225,4770,Total Bags,Small Bags,Large Bags,XLarge Bags,type,year,region
1674,1/1/2018,0.93,1182647.5,144034.24,845964.7,120869.17,71779.39,63314.15,8409.9,55.34,conventional,2018,Chicago
1675,1/7/2018,1.5,842141.42,132853.21,475772.58,139314.8,94200.83,85019.84,9161.86,19.13,conventional,2018,Chicago
1676,1/14/2018,1.64,762997.53,82376.44,440322.05,134141.55,106157.49,93374.57,12782.92,0.0,conventional,2018,Chicago
1677,1/21/2018,1.42,951648.11,110759.53,473797.46,154585.97,212505.15,79124.15,133370.44,10.56,conventional,2018,Chicago
1678,1/28/2018,1.36,947968.47,108233.69,515116.55,124271.04,200347.19,79871.28,120462.37,13.54,conventional,2018,Chicago
1679,2/4/2018,0.88,1802646.35,257095.68,1235325.42,158735.41,151489.84,91953.59,59112.77,423.48,conventional,2018,Chicago
1680,2/11/2018,1.39,897178.36,131360.75,488374.4,154223.75,123219.46,85210.17,37063.73,945.56,conventional,2018,Chicago
1681,2/18/2018,1.53,736317.26,67207.4,403149.52,131732.99,134227.35,98803.7,35146.84,276.81,conventional,2018,Chicago
1682,2/25/2018,1.51,794925.31,74465.63,452448.67,131640.53,136370.48,91023.86,44466.75,879.87,conventional,2018,Chicago
1683,3/4/2018,1.53,820728.47,109595.38,465039.55,104755.22,141338.32,97377.72,42517.93,1442.67,conventional,2018,Chicago
1684,3/11/2018,1.54,830421.03,95041.64,454041.33,142564.1,138773.96,100438.58,37184.96,1150.42,conventional,2018,Chicago
1685,3/18/2018,1.42,841171.24,85185.29,435552.05,174149.72,146284.18,110035.76,34764.91,1483.51,conventional,2018,Chicago
1686,3/25/2018,1.36,908202.13,142681.06,463136.28,174975.75,127409.04,103579.41,22467.04,1362.59,conventional,2018,Chicago
1687,4/1/2018,1.4,910975.86,122368.45,470374.79,179201.71,139030.91,117942.69,19750.48,1337.74,conventional,2018,Chicago
1688,4/8/2018,1.39,888718.71,114128.35,466558.84,171886.3,136145.22,119528.39,15220.3,1396.53,conventional,2018,Chicago
1689,4/15/2018,1.41,928198.35,103605.71,502229.66,171913.76,150449.22,129397.61,19504.67,1546.94,conventional,2018,Chicago
1690,4/22/2018,1.44,875948.45,84457.0,465263.89,173936.99,152290.57,133251.66,17081.41,1957.5,conventional,2018,Chicago
1691,4/29/2018,1.45,821127.9,67346.3,437465.46,172602.28,143713.86,123696.08,18648.56,1369.22,conventional,2018,Chicago
1692,5/6/2018,1.03,1405374.09,173205.76,888523.81,176808.41,166836.11,137145.05,27874.25,1816.81,conventional,2018,Chicago
1693,5/13/2018,1.21,939728.44,104787.38,509295.96,170505.56,155139.54,136319.9,17232.39,1587.25,conventional,2018,Chicago
1694,5/20/2018,1.24,895126.67,72407.4,515621.87,175271.83,131825.57,110010.62,20832.71,982.24,conventional,2018,Chicago
1695,5/27/2018,1.19,926110.32,101845.42,526054.59,150457.56,147752.75,126472.03,19803.03,1477.69,conventional,2018,Chicago
1696,6/3/2018,1.2,935297.56,89938.63,531152.28,149419.44,164787.21,135235.31,26681.72,2870.18,conventional,2018,Chicago
1697,6/10/2018,1.21,907779.98,82364.3,513666.59,146566.52,165182.57,138014.4,25875.94,1292.23,conventional,2018,Chicago
1698,6/17/2018,1.21,910549.74,74700.79,530012.18,150083.2,155753.57,128560.2,26834.36,359.01,conventional,2018,Chicago
1699,6/24/2018,1.17,1000474.98,77813.59,578442.76,167626.91,176591.72,142976.9,33482.13,132.69,conventional,2018,Chicago
1700,7/1/2018,1.21,946025.89,79887.9,505073.1,171641.16,189423.73,173338.83,15981.52,103.38,conventional,2018,Chicago
1701,7/8/2018,1.22,929878.96,72189.96,503542.19,164257.14,189889.67,171688.54,17861.1,340.03,conventional,2018,Chicago
1702,7/15/2018,1.22,931627.18,63024.5,513519.76,169535.93,185546.99,153891.42,29360.45,2295.12,conventional,2018,Chicago
1703,7/22/2018,1.29,821297.44,123244.8,387121.57,114844.73,196086.34,140415.6,52630.54,3040.2,conventional,2018,Chicago
1704,7/29/2018,1.43,715396.39,138193.78,307354.75,91390.29,178457.57,153537.73,22543.02,2376.82,conventional,2018,Chicago
1705,8/5/2018,1.42,714871.35,141060.51,325435.71,83127.47,165247.66,148586.8,13425.73,3235.13,conventional,2018,Chicago
1706,8/12/2018,1.42,733138.86,133194.54,358353.8,92264.58,149325.94,130606.95,13582.51,5136.48,conventional,2018,Chicago
1707,8/19/2018,1.54,726537.35,110818.1,355199.55,85884.6,174635.1,131627.59,39012.53,3994.98,conventional,2018,Chicago
1708,8/26/2018,1.78,651692.07,108790.67,252756.02,86831.66,203313.72,142432.32,57280.95,3600.45,conventional,2018,Chicago
1709,9/2/2018,1.74,672716.57,116647.69,268543.47,83925.63,203599.78,150341.93,49772.38,3485.47,conventional,2018,Chicago
1710,9/9/2018,1.7,607827.74,101447.47,288383.55,75127.55,142869.17,116310.64,22999.96,3558.57,conventional,2018,Chicago
1711,9/16/2018,1.41,663940.95,159910.74,276872.12,63026.85,164131.24,149896.32,12686.32,1548.6,conventional,2018,Chicago
1712,9/23/2018,1.44,679712.16,132236.25,279169.84,70042.47,198263.6,156944.57,38256.81,3062.22,conventional,2018,Chicago
1713,9/30/2018,1.41,619757.07,121936.86,265584.86,58579.78,173655.57,151406.61,21310.07,938.89,conventional,2018,Chicago
1714,10/7/2018,1.36,669965.45,128932.07,322985.59,62952.02,155095.77,130410.74,24618.36,66.67,conventional,2018,Chicago
1715,10/14/2018,1.04,937672.53,202563.73,547880.25,62929.44,124299.11,101900.67,22375.11,23.33,conventional,2018,Chicago
1716,10/21/2018,1.45,577570.22,140833.78,253405.37,64090.99,119240.08,105173.19,14060.22,6.67,conventional,2018,Chicago
1717,10/28/2018,1.45,583851.4,119348.27,282558.35,68063.42,113881.36,103507.16,10370.87,3.33,conventional,2018,Chicago
1718,11/4/2018,1.33,638034.49,189298.45,276160.54,64290.83,108284.67,90401.93,17880.97,1.77,conventional,2018,Chicago
1719,11/11/2018,1.17,785857.87,170891.04,427924.85,61050.52,125991.46,102725.92,23194.63,70.91,conventional,2018,Chicago
1720,11/18/2018,1.52,534311.56,109791.95,240243.18,60740.24,123536.19,110525.7,12646.37,364.12,conventional,2018,Chicago
1721,11/25/2018,1.62,429610.98,89077.71,207276.47,31951.78,101305.02,85135.93,16001.64,167.45,conventional,2018,Chicago
1722,12/2/2018,1.68,469585.29,94049.69,235515.83,49493.34,90526.43,79855.81,10505.3,165.32,conventional,2018,Chicago
1927,1/1/2018,0.8,221203.78,103506.03,30763.37,5224.82,81709.56,68828.14,12796.92,84.5,conventional,2018,Columbus
1928,1/7/2018,0.84,256757.6,112638.98,32262.19,4167.93,107688.5,89971.36,17360.9,356.24,conventional,2018,Columbus
1929,1/14/2018,1.07,194619.31,77236.77,24462.37,3266.68,89653.49,75499.35,14125.61,28.53,conventional,2018,Columbus
1930,1/21/2018,0.99,214353.02,75486.73,52395.54,4298.3,82172.45,63261.5,18897.31,13.64,conventional,2018,Columbus
1931,1/28/2018,1.03,187523.2,60555.62,23671.37,3175.28,100120.93,83156.44,16932.05,32.44,conventional,2018,Columbus
1932,2/4/2018,0.73,333398.29,108554.97,61748.67,5329.61,157765.04,117614.03,39927.3,223.71,conventional,2018,Columbus
1933,2/11/2018,0.82,218329.7,79239.58,26356.05,2998.74,109735.33,73393.34,34338.97,2003.02,conventional,2018,Columbus
1934,2/18/2018,1.02,179193.25,47570.1,13758.25,2239.22,115625.68,76906.83,36898.98,1819.87,conventional,2018,Columbus
1935,2/25/2018,1.03,209180.18,55429.58,28466.82,3406.16,121877.62,85192.08,34250.82,2434.72,conventional,2018,Columbus
1936,3/4/2018,1.04,207531.29,61462.7,17792.45,2208.68,126067.46,103725.06,21557.69,784.71,conventional,2018,Columbus
1937,3/11/2018,1.05,212107.87,60498.56,22813.02,2942.75,125853.54,85932.68,39844.53,76.33,conventional,2018,Columbus
1938,3/18/2018,1.01,216897.74,62775.9,15964.09,2293.97,135863.78,95448.1,39893.13,522.55,conventional,2018,Columbus
1939,3/25/2018,0.96,264778.18,77671.02,21732.24,3272.61,162102.31,133163.77,28160.04,778.5,conventional,2018,Columbus
1940,4/1/2018,0.97,234928.69,64924.67,16453.42,2604.67,150945.93,114764.57,34309.4,1871.96,conventional,2018,Columbus
1941,4/8/2018,1.03,193953.34,50128.33,18091.28,3384.57,122349.16,92224.02,29030.4,1094.74,conventional,2018,Columbus
1942,4/15/2018,0.87,321769.25,87293.64,31329.39,3629.68,199516.54,171804.12,26862.1,850.32,conventional,2018,Columbus
1943,4/22/2018,0.85,275527.81,80778.52,20153.24,3435.47,171160.58,140526.93,30596.39,37.26,conventional,2018,Columbus
1944,4/29/2018,1.01,195297.83,52829.19,23273.14,3688.9,115506.6,77188.99,38308.23,9.38,conventional,2018,Columbus
1945,5/6/2018,0.74,402841.56,140345.44,46356.27,7716.64,208423.21,160436.36,47951.91,34.94,conventional,2018,Columbus
1946,5/13/2018,0.81,269775.97,85823.85,25345.99,4764.52,153841.61,118613.76,35209.86,17.99,conventional,2018,Columbus
1947,5/20/2018,1.0,211785.38,54903.66,24187.07,3803.91,128890.74,102339.53,26543.91,7.3,conventional,2018,Columbus
1948,5/27/2018,1.04,223058.12,55920.7,23837.75,4193.56,139106.11,102204.45,36882.5,19.16,conventional,2018,Columbus
1949,6/3/2018,1.06,216525.62,54893.97,26291.07,4981.44,130359.14,94941.87,35387.11,30.16,conventional,2018,Columbus
1950,6/10/2018,1.08,228316.86,51080.0,24413.35,9991.95,142831.56,118512.9,24136.37,182.29,conventional,2018,Columbus
1951,6/17/2018,1.07,218058.09,50210.32,21314.68,9532.33,137000.76,104650.36,31112.55,1237.85,conventional,2018,Columbus
1952,6/24/2018,0.84,292918.14,69864.69,49106.01,7083.73,166863.71,130032.68,35124.07,1706.96,conventional,2018,Columbus
1953,7/1/2018,0.89,254624.18,68668.44,26261.79,5257.99,154435.96,123975.74,29407.9,1052.32,conventional,2018,Columbus
1954,7/8/2018,0.92,227788.78,69009.0,23796.68,4896.02,130087.08,99229.68,29080.73,1776.67,conventional,2018,Columbus
1955,7/15/2018,0.89,229774.43,65406.78,24620.61,4334.51,135412.53,105643.81,28292.06,1476.66,conventional,2018,Columbus
1956,7/22/2018,1.0,225180.59,47013.57,44016.5,4626.44,129524.08,105478.84,22537.68,1507.56,conventional,2018,Columbus
1957,7/29/2018,0.92,274066.25,69773.06,21050.59,2610.53,180632.07,152838.16,26283.48,1510.43,conventional,2018,Columbus
1958,8/5/2018,0.96,209806.46,67349.11,27389.95,2763.49,112303.91,76989.71,33766.59,1547.61,conventional,2018,Columbus
1959,8/12/2018,1.13,207141.59,44103.39,37919.71,3109.0,122009.49,96447.74,24478.5,1083.25,conventional,2018,Columbus
1960,8/19/2018,1.1,248649.71,45072.23,56367.15,4510.67,142699.66,113495.16,26634.95,2569.55,conventional,2018,Columbus
1961,8/26/2018,1.24,181285.6,42833.81,23618.41,3494.47,111338.91,85344.75,24688.38,1305.78,conventional,2018,Columbus
1962,9/2/2018,1.35,187674.28,42969.51,33320.97,3813.42,107570.38,83033.24,23257.26,1279.88,conventional,2018,Columbus
1963,9/9/2018,1.31,207716.99,42362.4,42405.59,4940.06,118008.94,95408.48,21356.47,1243.99,conventional,2018,Columbus
1964,9/16/2018,1.34,195524.82,41481.96,29309.74,3248.7,121484.42,80716.23,36393.04,4375.15,conventional,2018,Columbus
1965,9/23/2018,1.29,182313.69,43918.52,23152.89,3394.19,111848.09,74086.09,34458.83,3303.17,conventional,2018,Columbus
1966,9/30/2018,0.94,234671.16,73178.75,21660.79,2915.76,136915.86,111101.1,24907.64,907.12,conventional,2018,Columbus
1967,10/7/2018,0.92,230473.19,63871.56,40898.78,2945.03,122757.82,94460.89,28286.93,10.0,conventional,2018,Columbus
1968,10/14/2018,1.04,191397.72,49049.11,24576.22,2039.34,115733.05,94851.29,20873.75,8.01,conventional,2018,Columbus
1969,10/21/2018,0.87,250068.21,72384.5,16735.89,1788.6,159159.22,123835.78,35315.42,8.02,conventional,2018,Columbus
1970,10/28/2018,0.92,234186.85,63669.76,26703.63,2138.61,141674.85,118757.19,22868.36,49.3,conventional,2018,Columbus
1971,11/4/2018,1.03,178688.51,49201.19,20682.62,1805.08,106999.62,74436.04,32563.58,0.0,conventional,2018,Columbus
1972,11/11/2018,0.89,233467.33,67120.52,25273.15,3296.26,137777.4,103395.67,34375.07,6.66,conventional,2018,Columbus
1973,11/18/2018,0.91,196531.38,59461.2,18736.45,2686.3,115647.43,101734.34,13893.15,19.94,conventional,2018,Columbus
1974,11/25/2018,1.03,152488.56,44642.27,16197.79,1122.28,90526.22,68922.59,21594.28,9.35,conventional,2018,Columbus
1975,12/2/2018,1.08,174839.31,49700.08,17679.36,2619.53,104840.34,83329.53,21188.08,322.73,conventional,2018,Columbus
2180,1/1/2018,0.94,938481.85,127052.75,355322.2,8950.91,447155.99,62602.48,384553.51,0.0,conventional,2018,Denver
2181,1/7/2018,1.01,963849.75,184830.15,292349.16,14102.19,472568.25,112396.9,360171.35,0.0,conventional,2018,Denver
2182,1/14/2018,1.1,1003142.47,178992.28,323916.08,11963.62,488270.49,121454.8,366815.69,0.0,conventional,2018,Denver
2183,1/21/2018,1.16,872673.39,147297.68,233968.98,14834.26,476572.47,101867.53,374703.83,1.11,conventional,2018,Denver
2184,1/28/2018,1.15,773218.13,181751.78,215803.07,9803.85,365859.43,111320.37,254537.95,1.11,conventional,2018,Denver
2185,2/4/2018,0.87,1381528.74,234985.26,468889.32,11698.36,665955.8,88502.27,577453.53,0.0,conventional,2018,Denver
2186,2/11/2018,0.91,1056054.41,234995.54,251174.58,13754.34,556129.95,86599.13,469530.82,0.0,conventional,2018,Denver
2187,2/18/2018,1.16,743979.81,159850.99,197244.92,12929.9,373954.0,126126.99,247827.01,0.0,conventional,2018,Denver
2188,2/25/2018,0.99,1018614.31,166753.37,254657.74,14153.31,583049.89,137052.52,445944.87,52.5,conventional,2018,Denver
2189,3/4/2018,1.01,934460.44,192776.45,258652.66,15526.86,467504.47,137337.91,330166.56,0.0,conventional,2018,Denver
2190,3/11/2018,1.16,788107.23,159389.01,205340.23,16598.6,406779.39,156327.39,250452.0,0.0,conventional,2018,Denver
2191,3/18/2018,1.02,1010953.71,163394.48,260747.73,15483.84,571327.66,129403.31,441922.13,2.22,conventional,2018,Denver
2192,3/25/2018,1.02,950483.37,176286.79,222958.27,16540.62,534697.69,121655.4,413042.29,0.0,conventional,2018,Denver
2193,4/1/2018,1.21,829743.53,182084.91,180890.09,27515.15,439253.38,157426.63,281826.75,0.0,conventional,2018,Denver
2194,4/8/2018,0.98,1126816.52,155978.72,349024.09,15274.64,606539.07,145672.92,460863.49,2.66,conventional,2018,Denver
2195,4/15/2018,1.01,1011960.14,189260.31,247643.78,17625.3,557430.75,149655.74,407740.6,34.41,conventional,2018,Denver
2196,4/22/2018,1.13,986607.06,187662.24,219369.36,29752.94,549822.52,151479.64,398342.88,0.0,conventional,2018,Denver
2197,4/29/2018,1.14,970135.0,198818.47,214184.88,16782.37,540349.28,171567.44,368780.73,1.11,conventional,2018,Denver
2198,5/6/2018,0.94,1293645.42,215263.19,401440.6,14591.22,662350.41,150153.18,512197.23,0.0,conventional,2018,Denver
2199,5/13/2018,0.93,1149303.87,196880.53,254419.46,18414.49,679589.39,150627.99,528961.4,0.0,conventional,2018,Denver
2200,5/20/2018,1.02,958398.44,183950.96,211266.7,17845.51,545335.27,164955.46,380379.81,0.0,conventional,2018,Denver
2201,5/27/2018,1.16,861003.62,194493.35,179422.34,20945.81,466142.12,169560.93,296576.0,5.19,conventional,2018,Denver
2202,6/3/2018,0.97,1055266.78,218834.67,322284.74,13084.59,501062.78,156157.49,344894.94,10.35,conventional,2018,Denver
2203,6/10/2018,1.05,975679.65,207607.13,248902.46,29722.94,489447.12,164631.3,324793.25,22.57,conventional,2018,Denver
2204,6/17/2018,0.98,993504.41,202983.76,379244.31,13531.29,397745.05,190766.59,206960.35,18.11,conventional,2018,Denver
2205,6/24/2018,1.15,831725.95,197305.34,184865.92,17639.25,431915.44,199778.28,232121.65,15.51,conventional,2018,Denver
2206,7/1/2018,1.14,928649.09,193266.81,253718.29,14202.69,467461.3,198194.76,269257.5,9.04,conventional,2018,Denver
2207,7/8/2018,1.02,1073678.42,190967.44,266695.01,17237.2,598778.77,208616.49,389947.1,215.18,conventional,2018,Denver
2208,7/15/2018,1.02,1012309.59,222699.74,203106.34,27767.08,558736.43,203239.88,355496.55,0.0,conventional,2018,Denver
2209,7/22/2018,1.18,862015.17,190686.03,184762.35,19431.55,467135.24,196225.41,270909.83,0.0,conventional,2018,Denver
2210,7/29/2018,1.14,883181.57,186777.37,224471.39,13616.66,458316.15,173189.47,285126.68,0.0,conventional,2018,Denver
2211,8/5/2018,1.26,795682.0,161774.8,174732.27,17872.4,441302.53,153352.95,287927.92,21.66,conventional,2018,Denver
2212,8/12/2018,1.1,940013.56,158344.97,204896.14,17724.65,559047.8,152419.54,406626.04,2.22,conventional,2018,Denver
2213,8/19/2018,0.99,1118358.27,129456.04,358835.05,11638.11,618429.07,122784.14,495643.63,1.3,conventional,2018,Denver
2214,8/26/2018,1.24,848780.15,144727.67,194358.17,17479.25,492215.06,118696.67,373501.35,17.04,conventional,2018,Denver
2215,9/2/2018,1.37,747286.95,125043.9,174933.15,19527.69,427782.21,139509.27,288258.63,14.31,conventional,2018,Denver
2216,9/9/2018,1.38,754412.22,117774.51,174385.41,18908.2,443344.1,122613.82,320711.4,18.88,conventional,2018,Denver
2217,9/16/2018,1.35,716703.79,111214.04,163546.57,18619.68,423323.5,125948.93,297371.24,3.33,conventional,2018,Denver
2218,9/23/2018,1.31,745306.17,115927.58,154998.17,19929.91,454450.51,128175.23,326270.24,5.04,conventional,2018,Denver
2219,9/30/2018,1.26,725420.22,108945.23,184803.65,18885.19,412786.15,141436.04,271350.11,0.0,conventional,2018,Denver
2220,10/7/2018,1.12,831281.93,116120.4,241688.38,13312.45,460160.7,144891.33,315269.37,0.0,conventional,2018,Denver
2221,10/14/2018,1.14,826307.81,114328.92,171133.17,16493.29,524352.43,139563.64,384785.46,3.33,conventional,2018,Denver
2222,10/21/2018,1.07,809017.71,106945.65,229960.41,13447.49,458664.16,121629.47,337034.69,0.0,conventional,2018,Denver
2223,10/28/2018,1.04,833174.26,113322.68,174314.72,16336.84,529200.02,129483.72,399716.3,0.0,conventional,2018,Denver
2224,11/4/2018,1.0,980731.37,112356.36,259651.36,12357.39,596366.26,118016.4,478343.19,6.67,conventional,2018,Denver
2225,11/11/2018,1.16,790926.29,129162.89,168063.44,16089.82,477610.14,142990.56,334612.91,6.67,conventional,2018,Denver
2226,11/18/2018,1.29,626625.55,96226.69,132517.35,14909.76,382971.75,146914.95,236027.15,29.65,conventional,2018,Denver
2227,11/25/2018,1.32,380405.39,81099.6,116431.13,14338.21,168536.45,82202.5,86305.78,28.17,conventional,2018,Denver
2228,12/2/2018,1.18,675969.99,131181.83,208491.0,15709.04,320588.12,136301.62,184279.83,6.67,conventional,2018,Denver
