Laura/avocado_sales_2018.csv
,Date,AveragePrice,Total Volume,4046,4225,4770,Total Bags,Small Bags,Large Bags,XLarge Bags,type,year,region
2433,1/1/2018,0.84,467584.3,146333.69,91027.9,25276.56,204946.15,161600.45,41058.72,2286.98,conventional,2018,Detroit
2434,1/7/2018,0.92,512142.96,164665.38,81248.88,23315.8,242912.9,195595.55,45090.53,2226.82,conventional,2018,Detroit
2435,1/14/2018,1.18,369628.1,94963.97,60826.16,13812.28,200025.69,162745.09,36032.53,1248.07,conventional,2018,Detroit
2436,1/21/2018,0.96,570161.95,87365.29,220100.47,46163.59,216532.6,146574.63,65171.17,4786.8,conventional,2018,Detroit
2437,1/28/2018,1.14,367456.05,80917.0,70055.35,14554.29,201929.41,177720.43,23023.66,1185.32,conventional,2018,Detroit
2438,2/4/2018,0.67,880540.45,167512.7,287359.89,60027.97,365639.89,266930.49,89516.48,9192.92,conventional,2018,Detroit
2439,2/11/2018,0.92,435384.45,123642.25,73381.42,26265.23,212095.55,156008.05,42872.58,13214.92,conventional,2018,Detroit
2440,2/18/2018,1.11,361966.97,70416.79,33890.23,18889.7,238770.25,177738.87,48953.96,12077.42,conventional,2018,Detroit
2441,2/25/2018,1.08,464413.57,72595.4,90296.46,53864.5,247657.21,185976.63,32253.35,29427.23,conventional,2018,Detroit
2442,3/4/2018,1.18,400047.47,89601.76,41375.29,26105.84,242964.58,216775.85,13655.21,12533.52,conventional,2018,Detroit
2443,3/11/2018,1.14,443295.3,82676.76,65334.67,47721.41,247562.46,178042.93,49942.51,19577.02,conventional,2018,Detroit
2444,3/18/2018,1.09,428600.2,82792.93,43727.67,29920.79,272158.81,220038.13,37118.17,15002.51,conventional,2018,Detroit
2445,3/25/2018,1.15,477637.43,82568.15,72460.6,62078.52,260530.16,211303.55,21812.97,27413.64,conventional,2018,Detroit
2446,4/1/2018,1.17,413385.75,77214.31,50290.13,42076.52,243804.79,178515.96,52567.27,12721.56,conventional,2018,Detroit
2447,4/8/2018,1.13,368433.43,68837.72,38059.34,33045.52,228490.85,190165.67,24936.84,13388.34,conventional,2018,Detroit
2448,4/15/2018,0.97,708251.01,163968.74,73845.62,70543.77,399892.88,356974.44,13229.96,29688.48,conventional,2018,Detroit
2449,4/22/2018,0.93,588648.65,159760.74,47245.66,32904.59,348737.66,305565.79,29061.43,14110.44,conventional,2018,Detroit
2450,4/29/2018,1.14,423875.4,93285.3,49179.81,39956.28,241454.01,199363.28,27213.69,14877.04,conventional,2018,Detroit
2451,5/6/2018,0.79,886942.76,272152.76,104921.43,120334.12,389534.45,324690.23,19686.59,45157.63,conventional,2018,Detroit
2452,5/13/2018,0.96,542545.01,146822.07,49441.52,45447.22,300834.2,276542.69,15774.6,8516.91,conventional,2018,Detroit
2453,5/20/2018,1.14,406560.24,90812.23,42715.92,42864.09,230168.0,203887.71,15184.28,11096.01,conventional,2018,Detroit
2454,5/27/2018,1.14,459068.42,94551.86,52643.51,48164.95,263708.1,216853.93,37663.32,9190.85,conventional,2018,Detroit
2455,6/3/2018,1.18,498251.44,96565.37,75225.25,79826.56,246634.26,184326.72,46195.68,16111.86,conventional,2018,Detroit
2456,6/10/2018,1.18,480625.47,86066.08,48096.85,61116.0,285346.54,255823.85,22016.33,7506.36,conventional,2018,Detroit
2457,6/17/2018,1.19,466531.96,82085.69,47671.4,63783.8,272991.07,228813.48,35967.68,8209.91,conventional,2018,Detroit
2458,6/24/2018,0.87,711541.15,129854.12,113136.31,153679.32,314871.4,253687.44,30385.67,30798.29,conventional,2018,Detroit
2459,7/1/2018,1.02,530774.95,113845.65,45228.69,56932.48,314768.13,283742.62,23983.95,7041.56,conventional,2018,Detroit
2460,7/8/2018,1.07,489136.08,116482.8,50638.56,64089.42,257925.3,210312.34,38325.7,9287.26,conventional,2018,Detroit
2461,7/15/2018,1.04,509997.29,117289.5,63844.62,82691.57,246171.6,198064.32,32852.84,15254.44,conventional,2018,Detroit
2462,7/22/2018,1.0,559688.33,74818.96,100746.77,152238.48,231884.12,188621.86,13371.17,29891.09,conventional,2018,Detroit
2463,7/29/2018,0.99,553072.77,130149.16,33556.31,41535.92,347831.38,318571.55,20419.79,8840.04,conventional,2018,Detroit
2464,8/5/2018,1.11,432680.46,110998.58,60355.24,64859.06,196467.58,151358.14,32825.64,12283.8,conventional,2018,Detroit
2465,8/12/2018,1.17,471587.13,69936.69,80418.83,97045.37,224186.24,180945.2,24755.13,18485.91,conventional,2018,Detroit
2466,8/19/2018,1.01,608042.46,73317.21,107986.24,161512.18,265226.83,212475.23,12800.17,39951.43,conventional,2018,Detroit
2467,8/26/2018,1.32,364930.77,67921.09,39707.39,46162.1,211140.19,183160.75,21323.43,6656.01,conventional,2018,Detroit
2468,9/2/2018,1.4,385712.3,64489.49,57231.43,74093.82,189897.56,157812.51,19430.3,12654.75,conventional,2018,Detroit
2469,9/9/2018,1.28,473782.33,67774.57,75447.69,109281.78,221278.29,189473.4,16740.83,15064.06,conventional,2018,Detroit
2470,9/16/2018,1.38,402122.07,59896.58,52056.62,68691.8,221477.07,165556.72,37431.03,18489.32,conventional,2018,Detroit
2471,9/23/2018,1.33,371978.84,70098.03,41049.57,41581.52,219249.72,169662.98,41806.31,7780.43,conventional,2018,Detroit
2472,9/30/2018,1.01,471507.45,124689.96,46539.35,48666.65,251611.49,229581.86,19726.51,2303.12,conventional,2018,Detroit
2473,10/7/2018,0.92,527387.45,103091.42,97798.29,92661.0,233836.74,190392.35,41423.65,2020.74,conventional,2018,Detroit
2474,10/14/2018,1.07,407630.25,80403.4,60674.69,53738.57,212813.59,184919.08,27868.31,26.2,conventional,2018,Detroit
2475,10/21/2018,0.91,562647.1,158381.75,38945.92,31643.27,333676.16,282431.3,51235.14,9.72,conventional,2018,Detroit
2476,10/28/2018,0.93,524223.05,142086.02,60092.61,34831.94,287212.48,257028.79,30088.15,95.54,conventional,2018,Detroit
2477,11/4/2018,1.1,404695.53,99119.43,42550.91,28272.56,234752.63,185982.15,45481.25,3289.23,conventional,2018,Detroit
2478,11/11/2018,0.95,520238.97,134162.33,47282.77,50581.09,288212.78,239368.93,39666.62,9177.23,conventional,2018,Detroit
2479,11/18/2018,1.0,418424.5,108064.62,36480.86,37945.86,235933.16,211411.93,19534.57,4986.66,conventional,2018,Detroit
2480,11/25/2018,1.18,305364.06,77944.32,33995.37,22709.95,170714.42,143436.34,23480.2,3797.88,conventional,2018,Detroit
2481,12/2/2018,1.22,346904.04,88437.26,35430.3,33057.11,189979.37,169190.95,13234.06,7554.36,conventional,2018,Detroit
2634,1/1/2018,1.09,202635.01,2522.84,103361.16,58453.24,38297.77,17391.94,4053.28,16852.55,conventional,2018,Grand Rapids
2635,1/7/2018,1.35,169476.04,2865.76,75494.46,45133.04,45982.78,29085.45,3455.76,13441.57,conventional,2018,Grand Rapids
2636,1/14/2018,1.63,132716.65,2444.54,60928.74,30487.47,38855.9,27912.73,1824.11,9119.06,conventional,2018,Grand Rapids
2637,1/21/2018,1.01,349565.06,2991.23,143928.98,137321.51,65323.34,23516.4,1183.72,40623.22,conventional,2018,Grand Rapids
2638,1/28/2018,1.55,162674.55,2937.98,86845.82,30069.97,42820.78,31880.77,1661.64,9278.37,conventional,2018,Grand Rapids
2639,2/4/2018,0.88,408921.57,4371.02,193222.08,143538.35,67790.12,22315.79,1765.51,43708.82,conventional,2018,Grand Rapids
2640,2/11/2018,1.4,167604.6,3619.4,80530.3,42489.31,40965.59,25201.76,2735.5,13028.33,conventional,2018,Grand Rapids
2641,2/18/2018,1.52,143871.75,1921.26,46210.79,26232.82,69506.88,55370.67,5586.21,8550.0,conventional,2018,Grand Rapids
2642,2/25/2018,1.27,208279.53,2534.14,86121.81,63728.61,55894.97,27041.98,11484.9,17368.09,conventional,2018,Grand Rapids
2643,3/4/2018,1.74,137419.7,2687.59,54299.89,29572.84,50859.38,33939.14,7138.74,9781.5,conventional,2018,Grand Rapids
2644,3/11/2018,1.43,191286.89,3195.61,75173.54,55327.24,57590.5,32676.64,8368.93,16544.93,conventional,2018,Grand Rapids
2645,3/18/2018,1.4,175969.31,3261.54,64300.91,35087.55,73319.31,55491.01,6112.96,11715.34,conventional,2018,Grand Rapids
2646,3/25/2018,1.47,207028.28,2946.6,85213.8,63349.05,55518.83,29054.93,7662.55,18801.35,conventional,2018,Grand Rapids
2647,4/1/2018,1.6,160073.32,2830.37,63145.8,39663.92,54433.23,33414.85,8541.93,12476.45,conventional,2018,Grand Rapids
2648,4/8/2018,1.47,156803.59,2392.22,54643.59,34700.83,65066.95,49170.31,4805.04,11091.6,conventional,2018,Grand Rapids
2649,4/15/2018,1.53,235987.64,9847.47,91582.26,76549.59,58008.32,30850.45,5790.31,21367.56,conventional,2018,Grand Rapids
2650,4/22/2018,1.32,222005.03,3662.81,105139.06,37699.7,75503.46,59598.13,5077.12,10828.21,conventional,2018,Grand Rapids
2651,4/29/2018,1.5,182539.21,2934.81,74364.33,46019.94,59220.13,41229.37,5830.21,12160.55,conventional,2018,Grand Rapids
2652,5/6/2018,1.03,323230.45,4737.91,144143.3,110032.15,64317.09,32741.25,4516.58,27059.26,conventional,2018,Grand Rapids
2653,5/13/2018,1.44,189642.33,3372.66,73354.21,46572.64,66342.82,50212.63,3409.6,12720.59,conventional,2018,Grand Rapids
2654,5/20/2018,1.41,190440.25,2713.22,92788.36,41129.8,53808.87,36578.65,4348.82,12881.4,conventional,2018,Grand Rapids
2655,5/27/2018,1.57,187668.0,3447.12,69158.23,49961.1,65101.55,46597.38,5854.62,12649.55,conventional,2018,Grand Rapids
2656,6/3/2018,1.44,230226.89,3982.63,97782.4,73381.65,55080.21,32604.66,5689.41,16786.14,conventional,2018,Grand Rapids
2657,6/10/2018,1.5,186642.44,3259.52,64137.49,48911.79,70333.64,55849.99,3045.44,11438.21,conventional,2018,Grand Rapids
2658,6/17/2018,1.66,168681.26,3212.62,64425.55,51998.45,49044.64,34363.44,2556.43,12124.77,conventional,2018,Grand Rapids
2659,6/24/2018,0.99,350638.34,2839.58,129985.2,150790.41,67023.15,31949.67,2328.33,32745.15,conventional,2018,Grand Rapids
2660,7/1/2018,1.41,188490.96,3630.08,71661.7,46878.99,66320.19,54032.58,749.95,11537.66,conventional,2018,Grand Rapids
2661,7/8/2018,1.47,191407.7,5575.8,80077.12,49079.08,56675.7,43203.35,335.84,13136.51,conventional,2018,Grand Rapids
2662,7/15/2018,1.38,214200.53,3341.24,84150.61,70507.29,56201.39,36224.15,176.61,19800.63,conventional,2018,Grand Rapids
2663,7/22/2018,1.03,308440.15,8426.17,98991.59,132062.91,68959.48,30003.39,2306.72,36649.37,conventional,2018,Grand Rapids
2664,7/29/2018,1.43,161490.21,3847.83,59731.67,38113.12,59797.59,47582.62,529.29,11685.68,conventional,2018,Grand Rapids
2665,8/5/2018,1.35,190333.8,3701.23,70223.71,62297.62,54111.24,34847.1,707.18,18556.96,conventional,2018,Grand Rapids
2666,8/12/2018,1.23,212861.36,2946.3,76122.54,85150.55,48641.97,26021.37,218.19,22402.41,conventional,2018,Grand Rapids
2667,8/19/2018,0.93,303007.62,3140.89,102335.68,131379.04,66152.01,24998.95,180.83,40972.23,conventional,2018,Grand Rapids
2668,8/26/2018,1.47,145275.15,3362.63,45465.78,40799.31,55647.43,42247.41,331.7,13068.32,conventional,2018,Grand Rapids
2669,9/2/2018,1.44,170227.48,3673.6,59169.34,57572.65,49811.89,32463.23,25.64,17323.02,conventional,2018,Grand Rapids
2670,9/9/2018,1.2,205010.82,4303.57,74744.23,79525.03,46437.99,22761.89,80.01,23596.09,conventional,2018,Grand Rapids
2671,9/16/2018,1.46,155953.92,3336.21,56113.39,56107.86,40396.46,23500.06,127.46,16768.94,conventional,2018,Grand Rapids
2672,9/23/2018,1.5,145362.35,3238.98,58341.84,38231.48,45550.05,33331.6,205.15,12013.3,conventional,2018,Grand Rapids
2673,9/30/2018,1.41,160727.52,2847.18,54462.84,50443.7,52973.8,35563.0,60.49,17350.31,conventional,2018,Grand Rapids
2674,10/7/2018,1.04,231364.06,2283.07,95443.48,80887.6,52749.91,22200.17,16410.4,14139.34,conventional,2018,Grand Rapids
2675,10/14/2018,1.23,158407.41,2022.9,74020.33,40652.45,41711.73,23253.69,18387.25,70.79,conventional,2018,Grand Rapids
2676,10/21/2018,1.65,114538.51,2508.88,53015.69,21403.35,37610.59,24364.55,13219.65,26.39,conventional,2018,Grand Rapids
2677,10/28/2018,1.51,140749.46,2462.36,72951.6,28614.94,36720.56,23063.98,13654.92,1.66,conventional,2018,Grand Rapids
2678,11/4/2018,1.54,137379.52,3197.44,64787.27,24070.01,45324.8,34353.52,6107.62,4863.66,conventional,2018,Grand Rapids
2679,11/11/2018,1.48,154339.25,3980.88,62416.4,46250.54,41691.43,25403.07,980.73,15307.63,conventional,2018,Grand Rapids
2680,11/18/2018,1.74,114492.83,3165.97,46270.32,29569.98,35486.56,24898.61,1789.65,8798.3,conventional,2018,Grand Rapids
2681,11/25/2018,1.95,83483.14,3650.47,37399.17,20711.54,21721.96,13581.58,3583.71,4556.67,conventional,2018,Grand Rapids
2682,12/2/2018,1.83,113243.62,2767.48,57096.6,27756.88,25622.66,16432.35,1480.25,7710.06,conventional,2018,Grand Rapids
3192,1/1/2018,0.78,1391181.63,564063.25,209000.62,4194.25,613923.51,527743.84,86179.67,0.0,conventional,2018,Houston
3193,1/7/2018,0.8,1390616.83,658828.73,171364.98,3656.03,556767.09,446637.02,110130.07,0.0,conventional,2018,Houston
3194,1/14/2018,0.95,1316347.07,548774.22,292561.6,6066.33,468944.92,355573.55,113294.7,76.67,conventional,2018,Houston
3195,1/21/2018,0.78,1584416.56,651432.75,153445.45,10598.32,768940.04,683790.27,85149.77,0.0,conventional,2018,Houston
3196,1/28/2018,0.71,1647858.32,832418.81,103716.17,17666.27,694057.07,609576.26,84377.48,103.33,conventional,2018,Houston
3197,2/4/2018,0.56,2381742.59,952746.89,300383.28,7990.32,1120622.1,1010539.42,109978.24,104.44,conventional,2018,Houston
3198,2/11/2018,0.58,1870874.72,801390.67,156458.96,4407.32,908617.77,747968.17,160355.16,294.44,conventional,2018,Houston
3199,2/18/2018,0.68,1572064.61,931553.8,160780.41,4045.42,475684.98,372117.42,103276.45,291.11,conventional,2018,Houston
3200,2/25/2018,0.67,1657524.28,855570.87,147837.21,3976.08,650140.12,544537.0,105365.34,237.78,conventional,2018,Houston
3201,3/4/2018,0.71,1501699.41,701418.48,176206.5,3827.34,620247.09,528247.89,91441.42,557.78,conventional,2018,Houston
3202,3/11/2018,0.83,1324475.69,614152.38,162269.94,4184.08,543869.29,432316.21,110079.75,1473.33,conventional,2018,Houston
3203,3/18/2018,0.79,1243926.96,630826.45,184825.84,4011.21,424263.46,322054.35,99304.67,2904.44,conventional,2018,Houston
3204,3/25/2018,0.56,2120511.03,837700.97,162473.38,4190.48,1116146.2,952254.7,161188.17,2703.33,conventional,2018,Houston
3205,4/1/2018,0.66,1901352.38,838917.67,199405.17,4251.4,858778.14,460693.84,397660.96,423.34,conventional,2018,Houston
3206,4/8/2018,0.82,1425624.2,556314.13,273937.42,6774.93,588597.72,451383.5,136617.55,596.67,conventional,2018,Houston
3207,4/15/2018,0.56,2247307.49,908447.55,167700.63,4964.09,1166195.22,1060453.43,105270.68,471.11,conventional,2018,Houston
3208,4/22/2018,0.5,2335867.17,1069350.16,149526.68,4865.53,1112124.8,1011308.54,100230.71,585.55,conventional,2018,Houston
3209,4/29/2018,0.78,1442429.41,603714.79,247557.65,7174.88,583982.09,477091.99,106421.21,468.89,conventional,2018,Houston
3210,5/6/2018,0.62,2276760.73,1070754.76,165066.97,4716.97,1036222.03,909763.4,125364.19,1094.44,conventional,2018,Houston
3211,5/13/2018,0.54,2091311.46,868040.37,167908.14,4423.57,1050939.38,933354.91,116826.69,757.78,conventional,2018,Houston
3212,5/20/2018,0.51,2319971.72,1054280.07,136908.57,4065.99,1124717.09,1019285.89,104906.76,524.44,conventional,2018,Houston
3213,5/27/2018,0.53,2295180.38,1074686.61,190364.58,4470.3,1025658.89,791729.6,233389.29,540.0,conventional,2018,Houston
3214,6/3/2018,0.78,1482486.14,592613.95,293221.38,6143.71,590507.1,356491.03,233421.63,594.44,conventional,2018,Houston
3215,6/10/2018,0.71,1561109.36,868661.72,177394.23,2308.21,512745.2,350445.12,161637.85,662.23,conventional,2018,Houston
3216,6/17/2018,0.84,1434596.98,573698.13,298756.74,4976.84,557165.27,368719.4,188275.87,170.0,conventional,2018,Houston
3217,6/24/2018,0.73,1619746.83,682204.68,176112.11,3032.78,758397.26,629833.73,128346.87,216.66,conventional,2018,Houston
3218,7/1/2018,0.74,1592645.08,620237.25,199298.95,18298.27,754810.61,524044.53,230502.75,263.33,conventional,2018,Houston
3219,7/8/2018,0.64,2084147.39,735015.18,292797.69,5293.18,1051041.34,789961.53,260849.81,230.0,conventional,2018,Houston
3220,7/15/2018,0.72,1680785.16,633956.21,223894.51,2824.66,820109.78,597193.44,222749.68,166.66,conventional,2018,Houston
3221,7/22/2018,0.76,1539315.55,502765.51,304086.92,3175.32,729287.8,340106.86,388450.94,730.0,conventional,2018,Houston
3222,7/29/2018,0.79,1529228.58,533839.63,262993.33,4460.46,727935.16,331206.64,390081.85,6646.67,conventional,2018,Houston
3223,8/5/2018,0.85,1352801.87,503860.57,323914.45,4170.31,520856.54,337516.67,174556.54,8783.33,conventional,2018,Houston
3224,8/12/2018,0.84,1381819.64,600342.39,183121.38,2244.84,596111.03,457189.84,128547.86,10373.33,conventional,2018,Houston
3225,8/19/2018,0.66,1786855.36,804950.62,176367.58,4079.96,801457.2,558757.87,230841.55,11857.78,conventional,2018,Houston
3226,8/26/2018,0.81,1485386.7,744005.7,198302.52,3868.73,539209.75,284949.8,244019.95,10240.0,conventional,2018,Houston
3227,9/2/2018,0.96,1384299.69,559638.11,190220.69,4806.05,629634.84,453736.47,165129.48,10768.89,conventional,2018,Houston
3228,9/9/2018,0.97,1412572.72,571312.86,178018.89,4040.65,659200.32,485029.08,164969.02,9202.22,conventional,2018,Houston
3229,9/16/2018,0.97,1378673.24,566723.57,172264.75,4270.69,635414.23,456803.24,166668.77,11942.22,conventional,2018,Houston
3230,9/23/2018,0.85,1403592.3,554341.25,222407.28,5779.96,621063.81,486998.33,128096.59,5968.89,conventional,2018,Houston
3231,9/30/2018,0.64,1867862.55,693847.95,187450.56,4272.11,982291.93,856080.91,117613.24,8597.78,conventional,2018,Houston
3232,10/7/2018,0.72,1684375.95,702913.26,160151.74,3460.69,817850.26,674951.59,142755.34,143.33,conventional,2018,Houston
3233,10/14/2018,0.86,1321303.15,517694.94,277804.05,5294.62,520509.54,370982.14,149498.52,28.88,conventional,2018,Houston
3234,10/21/2018,0.89,1242746.74,495880.86,218732.35,4768.84,523364.69,380753.48,142593.43,17.78,conventional,2018,Houston
3235,10/28/2018,0.73,1574068.27,541332.95,186915.49,4530.73,841289.1,712120.85,129161.59,6.66,conventional,2018,Houston
3236,11/4/2018,0.73,1535386.62,504380.55,305975.36,7753.76,717276.95,582092.35,135179.04,5.56,conventional,2018,Houston
3237,11/11/2018,0.67,1624401.11,781599.89,117461.62,4056.83,721282.77,580438.75,140839.58,4.44,conventional,2018,Houston
3238,11/18/2018,0.68,1172159.41,517651.71,52859.26,1596.24,600052.2,485603.89,114442.76,5.55,conventional,2018,Houston
3239,11/25/2018,0.93,617602.14,276615.3,91420.41,1895.34,247671.09,150591.56,97050.64,28.89,conventional,2018,Houston
3240,12/2/2018,0.81,1271797.28,511640.54,258604.03,8216.53,493336.18,294925.27,198406.47,4.44,conventional,2018,Houston
