Laura/avocado_sales_2018.csv
,Date,AveragePrice,Total Volume,4046,4225,4770,Total Bags,Small Bags,Large Bags,XLarge Bags,type,year,region
5164,1/1/2018,1.33,1201219.44,36680.16,816261.84,445.17,347832.27,269325.19,78507.08,0.0,conventional,2018,New York
5165,1/7/2018,1.67,1287480.31,39884.07,866953.05,573.69,380069.5,348249.49,31820.01,0.0,conventional,2018,New York
5166,1/14/2018,1.67,1294149.71,39681.84,818051.5,1338.06,435078.31,415694.04,19384.27,0.0,conventional,2018,New York
5167,1/21/2018,1.27,2135242.76,46444.43,1642533.16,1165.1,445100.07,423570.05,21523.99,6.03,conventional,2018,New York
5168,1/28/2018,1.2,2278728.69,82652.82,1501055.47,745.5,694274.9,675215.26,18491.86,567.78,conventional,2018,New York
5169,2/4/2018,1.28,2959541.38,96084.63,2250967.25,3253.28,609236.22,569361.35,38734.78,1140.09,conventional,2018,New York
5170,2/11/2018,1.27,2051389.99,169218.18,1319012.42,1222.29,561937.1,539237.71,21409.81,1289.58,conventional,2018,New York
5171,2/18/2018,1.24,1413687.38,87283.86,909950.56,885.94,415567.02,392965.43,20809.09,1792.5,conventional,2018,New York
5172,2/25/2018,1.3,1615325.14,76602.52,841320.18,852.11,696550.33,632625.27,61658.39,2266.67,conventional,2018,New York
5173,3/4/2018,1.23,1931495.66,62328.7,1324579.73,754.74,543832.49,511679.31,29854.29,2298.89,conventional,2018,New York
5174,3/11/2018,1.35,1755052.38,64008.06,883441.96,828.96,806773.4,730150.78,74224.85,2397.77,conventional,2018,New York
5175,3/18/2018,1.43,1564859.63,73760.49,911098.28,612.78,579388.08,552433.16,24302.69,2652.23,conventional,2018,New York
5176,3/25/2018,1.34,1774776.77,63905.98,908653.71,843.45,801373.63,774634.09,23833.93,2905.61,conventional,2018,New York
5177,4/1/2018,1.33,1861001.7,68288.47,943371.81,1211.54,848129.88,827489.53,16911.46,3728.89,conventional,2018,New York
5178,4/8/2018,1.36,1651562.68,63897.16,854905.68,782.68,731977.16,706732.46,22324.7,2920.0,conventional,2018,New York
5179,4/15/2018,1.22,2953789.07,84068.23,2298420.69,3006.66,568293.49,526973.72,37933.32,3386.45,conventional,2018,New York
5180,4/22/2018,1.32,1916173.12,76576.06,1219503.06,787.04,619306.96,596691.35,19226.93,3388.68,conventional,2018,New York
5181,4/29/2018,1.13,2484852.67,79588.14,1525333.63,730.79,879200.11,841609.78,33777.4,3812.93,conventional,2018,New York
5182,5/6/2018,1.18,3671266.93,100918.95,2938207.28,5071.74,627068.96,569204.33,53858.96,4005.67,conventional,2018,New York
5183,5/13/2018,1.16,2457535.66,76075.46,1556935.15,1051.67,823473.38,790721.83,28291.55,4460.0,conventional,2018,New York
5184,5/20/2018,1.31,1889083.21,74307.97,1141765.73,786.08,672223.43,633568.75,34544.54,4110.14,conventional,2018,New York
5185,5/27/2018,1.14,2722373.67,85747.38,1736644.11,1029.23,898952.95,870390.76,24414.41,4147.78,conventional,2018,New York
5186,6/3/2018,1.28,2075679.37,88115.05,1225915.25,2419.09,759229.98,727582.66,27988.43,3658.89,conventional,2018,New York
5187,6/10/2018,1.17,2502227.87,89588.53,1580219.44,1092.2,831327.7,793354.33,34250.03,3723.34,conventional,2018,New York
5188,6/17/2018,1.27,2104887.09,84703.6,1186564.33,934.59,832684.57,788272.88,40986.14,3425.55,conventional,2018,New York
5189,6/24/2018,1.22,2255253.2,91500.71,1572783.66,2148.34,588820.49,561417.36,23207.86,4195.27,conventional,2018,New York
5190,7/1/2018,1.23,2204447.69,80392.81,1312713.34,441.48,810900.06,760520.44,48463.78,1915.84,conventional,2018,New York
5191,7/8/2018,1.25,2189776.41,69486.97,1396459.16,415.63,723414.65,658683.68,60228.75,4502.22,conventional,2018,New York
5192,7/15/2018,1.19,1994054.25,61572.88,1159805.06,672.0,772004.31,707791.91,61599.07,2613.33,conventional,2018,New York
5193,7/22/2018,1.21,1889995.05,55010.07,1084037.8,870.63,750076.55,582087.84,166382.04,1606.67,conventional,2018,New York
5194,7/29/2018,1.17,1980728.08,53566.64,1313725.68,2445.14,610990.62,541071.12,67706.17,2213.33,conventional,2018,New York
5195,8/5/2018,1.17,1906996.14,52999.15,967223.23,2049.21,884724.55,771466.85,109431.04,3826.66,conventional,2018,New York
5196,8/12/2018,1.16,1826546.22,53010.88,1161770.62,559.63,611205.09,556844.91,51840.18,2520.0,conventional,2018,New York
5197,8/19/2018,1.31,1664803.73,54452.44,868289.94,11289.32,730772.03,681905.54,46433.15,2433.34,conventional,2018,New York
5198,8/26/2018,1.32,1740157.07,54588.54,1158944.98,10523.56,516099.99,464228.85,49464.48,2406.66,conventional,2018,New York
5199,9/2/2018,1.44,1650509.62,47941.03,1032497.69,10103.03,559967.87,511648.68,45754.75,2564.44,conventional,2018,New York
5200,9/9/2018,1.35,1861984.34,49496.82,1022995.18,8669.01,780823.33,716134.67,61587.94,3100.72,conventional,2018,New York
5201,9/16/2018,1.42,1517029.74,43377.65,943530.45,8876.18,521245.46,505726.94,13745.18,1773.34,conventional,2018,New York
5202,9/23/2018,1.41,1486630.27,40227.63,913479.69,10438.71,522484.24,507933.28,10803.18,3747.78,conventional,2018,New York
5203,9/30/2018,1.35,1554563.61,37346.19,856652.08,6547.44,654017.9,574844.78,78437.76,735.36,conventional,2018,New York
5204,10/7/2018,1.35,1597042.26,38598.48,871138.96,7064.2,680240.62,637896.09,42253.6,90.93,conventional,2018,New York
5205,10/14/2018,1.31,1645279.15,38029.5,837157.57,7954.25,762137.83,745577.56,16556.94,3.33,conventional,2018,New York
5206,10/21/2018,1.39,1455322.65,42136.26,849857.36,8246.5,555082.53,543952.87,11107.44,22.22,conventional,2018,New York
5207,10/28/2018,1.36,2068381.12,45717.88,1414788.29,6532.0,601342.95,586624.18,14677.0,41.77,conventional,2018,New York
5208,11/4/2018,1.37,1531745.84,58281.36,965160.82,7958.55,500345.11,482094.08,18228.75,22.28,conventional,2018,New York
5209,11/11/2018,1.37,1603215.28,45978.69,914160.73,8025.49,635050.37,614798.19,20252.18,0.0,conventional,2018,New York
5210,11/18/2018,1.42,1359800.22,43488.53,724442.41,5867.38,586001.9,550737.57,35264.33,0.0,conventional,2018,New York
5211,11/25/2018,1.46,819651.81,33270.46,366510.85,5451.51,414418.99,383298.79,31119.09,1.11,conventional,2018,New York
5212,12/2/2018,1.64,938904.86,31357.82,567045.17,4113.12,336388.75,315994.95,20389.82,3.98,conventional,2018,New York
5722,1/1/2018,1.16,461913.85,314324.12,38867.01,665.33,108057.39,56521.08,51536.31,0.0,conventional,2018,Orlando
5723,1/7/2018,1.19,430765.97,288886.48,34311.29,997.66,106570.54,65277.02,41293.52,0.0,conventional,2018,Orlando
5724,1/14/2018,1.4,387588.47,258150.99,26672.33,1199.66,101565.49,68412.96,33152.53,0.0,conventional,2018,Orlando
5725,1/21/2018,1.16,482904.74,312991.46,36478.07,1521.7,131913.51,72049.51,59856.21,7.79,conventional,2018,Orlando
5726,1/28/2018,1.35,414781.12,262391.05,28265.08,1290.4,122834.59,75243.3,47547.96,43.33,conventional,2018,Orlando
5727,2/4/2018,0.99,759532.37,511953.91,60712.96,1345.0,185520.5,88148.1,97195.73,176.67,conventional,2018,Orlando
5728,2/11/2018,1.0,516404.7,346562.74,36818.09,1200.04,131823.83,74552.03,57051.8,220.0,conventional,2018,Orlando
5729,2/18/2018,1.31,396568.38,246434.79,23807.51,1357.35,124968.73,83331.83,41450.24,186.66,conventional,2018,Orlando
5730,2/25/2018,1.3,416950.05,255777.62,26833.71,1404.42,132934.3,93328.68,39425.62,180.0,conventional,2018,Orlando
5731,3/4/2018,1.13,533700.98,331886.57,35297.07,1526.93,164990.41,86462.68,78304.4,223.33,conventional,2018,Orlando
5732,3/11/2018,1.13,529200.61,333909.79,33091.99,1477.79,160721.04,91546.69,68931.02,243.33,conventional,2018,Orlando
5733,3/18/2018,1.11,508979.43,333194.13,32206.33,1543.14,142035.83,82165.92,59626.58,243.33,conventional,2018,Orlando
5734,3/25/2018,1.32,429132.5,258217.83,25970.97,1426.07,143517.63,90870.28,52357.35,290.0,conventional,2018,Orlando
5735,4/1/2018,1.2,471436.17,301579.77,26390.71,1588.44,141877.25,95911.57,45699.01,266.67,conventional,2018,Orlando
5736,4/8/2018,1.22,471697.99,290369.07,27884.24,1871.15,151573.53,91891.14,59482.39,200.0,conventional,2018,Orlando
5737,4/15/2018,1.09,569391.2,372755.67,35892.55,2256.8,158486.18,89914.18,68395.33,176.67,conventional,2018,Orlando
5738,4/22/2018,1.22,469150.86,300087.64,24609.82,2468.96,141984.44,89486.91,52284.2,213.33,conventional,2018,Orlando
5739,4/29/2018,1.08,603825.4,376130.4,36491.57,2388.2,188815.23,99212.92,89385.64,216.67,conventional,2018,Orlando
5740,5/6/2018,0.95,752162.24,489577.93,47140.36,2413.72,213030.23,103124.05,109332.85,573.33,conventional,2018,Orlando
5741,5/13/2018,1.23,459103.68,282391.16,24753.96,2352.98,149605.58,87191.21,62074.37,340.0,conventional,2018,Orlando
5742,5/20/2018,1.09,574100.57,368897.34,32142.48,2021.15,171039.6,88818.19,82094.74,126.67,conventional,2018,Orlando
5743,5/27/2018,1.2,499870.34,322042.8,27235.91,2251.1,148340.53,88617.06,59556.8,166.67,conventional,2018,Orlando
5744,6/3/2018,1.09,580532.68,371958.31,31916.5,1653.38,175004.49,91265.61,83525.55,213.33,conventional,2018,Orlando
5745,6/10/2018,1.22,497180.62,321505.64,24141.32,172.53,151361.13,81179.41,69998.39,183.33,conventional,2018,Orlando
5746,6/17/2018,1.11,586760.63,376607.35,33154.44,320.39,176678.45,92783.97,83734.48,160.0,conventional,2018,Orlando
5747,6/24/2018,1.19,507267.73,310754.03,25486.9,332.63,170694.17,100387.29,70156.88,150.0,conventional,2018,Orlando
5748,7/1/2018,0.94,674317.37,422469.09,37237.62,134.46,214476.2,92617.32,121675.55,183.33,conventional,2018,Orlando
5749,7/8/2018,1.17,517375.33,321016.31,25031.58,193.15,171134.29,86853.87,83530.42,750.0,conventional,2018,Orlando
5750,7/15/2018,1.2,497473.76,306012.92,22924.75,250.94,168285.15,75572.56,92339.26,373.33,conventional,2018,Orlando
5751,7/22/2018,1.2,505277.59,318617.08,23782.38,262.65,162615.48,67027.42,93264.73,2323.33,conventional,2018,Orlando
5752,7/29/2018,1.21,491932.11,309423.26,22629.94,343.07,159535.84,73185.15,79379.58,6971.11,conventional,2018,Orlando
5753,8/5/2018,1.22,492851.09,302339.69,23878.76,507.17,166125.47,80164.34,77925.57,8035.56,conventional,2018,Orlando
5754,8/12/2018,1.22,488895.01,295891.85,23443.81,439.21,169120.14,70770.19,90381.06,7968.89,conventional,2018,Orlando
5755,8/19/2018,1.22,496163.43,277589.06,43298.88,3112.62,172162.87,91766.95,71809.25,8586.67,conventional,2018,Orlando
5756,8/26/2018,1.43,415036.48,229146.53,46369.73,3460.58,136059.64,66446.56,59411.96,10201.12,conventional,2018,Orlando
5757,9/2/2018,1.44,427735.41,241357.2,49486.63,3190.39,133701.19,62146.48,60243.6,11311.11,conventional,2018,Orlando
5758,9/9/2018,1.29,417617.11,235478.6,44525.28,3256.0,134357.23,61244.53,65634.93,7477.77,conventional,2018,Orlando
5759,9/16/2018,1.01,618004.75,372710.81,53655.62,4563.43,187074.89,61753.39,111312.61,14008.89,conventional,2018,Orlando
5760,9/23/2018,1.26,383487.48,213939.48,29646.0,4229.0,135673.0,70273.18,57220.92,8178.9,conventional,2018,Orlando
5761,9/30/2018,0.99,597775.57,360205.78,37769.96,3758.73,196041.1,76931.33,111215.33,7894.44,conventional,2018,Orlando
5762,10/7/2018,1.26,384491.24,217141.86,29248.84,3610.14,134490.4,69881.11,56320.4,8288.89,conventional,2018,Orlando
5763,10/14/2018,0.96,562622.64,328790.16,37045.09,3569.79,193217.6,85893.71,101515.0,5808.89,conventional,2018,Orlando
5764,10/21/2018,1.21,348362.65,192140.36,16442.96,3608.93,136170.4,82993.06,49411.77,3765.57,conventional,2018,Orlando
5765,10/28/2018,0.81,641673.52,396080.49,32376.83,4329.16,208887.04,99248.89,109077.04,561.11,conventional,2018,Orlando
5766,11/4/2018,0.96,552907.96,334849.13,27825.64,3260.1,186973.09,95365.64,91597.45,10.0,conventional,2018,Orlando
5767,11/11/2018,1.21,385143.99,214801.1,17486.54,3502.19,149354.16,95664.6,53676.23,13.33,conventional,2018,Orlando
5768,11/18/2018,1.14,350410.38,225957.21,17902.91,2163.0,104387.26,49486.55,54867.38,33.33,conventional,2018,Orlando
5769,11/25/2018,1.15,267065.48,176489.2,24104.63,1700.16,64771.49,15474.31,49287.18,10.0,conventional,2018,Orlando
5770,12/2/2018,1.15,365788.86,228402.62,21134.63,3455.7,112795.91,49290.05,63505.86,0.0,conventional,2018,Orlando
5975,1/1/2018,1.35,334783.58,17238.97,210750.82,276.38,106517.41,79090.96,27426.45,0.0,conventional,2018,Philadelphia
5976,1/7/2018,1.56,408203.49,22384.92,239185.79,407.29,146225.49,114764.69,31460.8,0.0,conventional,2018,Philadelphia
5977,1/14/2018,1.5,419189.36,36351.3,232190.19,443.69,150204.18,126685.84,23512.81,5.53,conventional,2018,Philadelphia
5978,1/21/2018,1.32,527860.09,69862.88,303263.33,383.99,154349.89,144550.12,9797.01,2.76,conventional,2018,Philadelphia
5979,1/28/2018,1.23,537883.88,90381.5,256525.12,390.07,190587.19,183977.34,6289.85,320.0,conventional,2018,Philadelphia
5980,2/4/2018,1.12,819224.3,62044.22,467927.8,645.87,288606.41,254149.59,33540.82,916.0,conventional,2018,Philadelphia
5981,2/11/2018,1.02,611269.34,130162.76,320845.9,213.8,160046.88,136379.5,22296.32,1371.06,conventional,2018,Philadelphia
5982,2/18/2018,1.24,443312.68,67616.46,233345.32,236.22,142114.68,117913.98,22366.81,1833.89,conventional,2018,Philadelphia
5983,2/25/2018,1.26,490292.38,55979.65,235447.72,314.32,198550.69,173945.98,22558.04,2046.67,conventional,2018,Philadelphia
5984,3/4/2018,1.36,443651.36,37703.03,231605.34,335.17,174007.82,151599.08,20573.19,1835.55,conventional,2018,Philadelphia
5985,3/11/2018,1.32,486492.24,45869.8,237689.35,297.86,202635.23,177287.22,23394.68,1953.33,conventional,2018,Philadelphia
5986,3/18/2018,1.33,471175.79,44696.37,241775.09,334.21,184370.12,169602.85,12962.83,1804.44,conventional,2018,Philadelphia
5987,3/25/2018,1.31,503277.65,43421.1,252219.75,248.04,207388.76,187566.62,17687.7,2134.44,conventional,2018,Philadelphia
5988,4/1/2018,1.25,541911.64,48692.56,251714.37,506.68,240998.03,221000.14,17606.79,2391.1,conventional,2018,Philadelphia
5989,4/8/2018,1.29,481015.64,45718.62,229115.99,557.42,205623.61,184487.72,18825.89,2310.0,conventional,2018,Philadelphia
5990,4/15/2018,1.21,738716.43,53636.72,471568.52,1623.36,211887.83,185365.84,24294.61,2227.38,conventional,2018,Philadelphia
5991,4/22/2018,1.26,543651.03,50862.56,268484.88,493.06,223810.53,205895.06,15980.11,1935.36,conventional,2018,Philadelphia
5992,4/29/2018,1.13,635262.78,53018.91,271103.57,673.43,310466.87,283411.14,24744.62,2311.11,conventional,2018,Philadelphia
5993,5/6/2018,1.19,836788.62,61022.68,536095.28,1186.33,238484.33,202017.82,34285.06,2181.45,conventional,2018,Philadelphia
5994,5/13/2018,1.19,653609.37,56062.09,337649.77,912.2,258985.31,234587.67,21991.11,2406.53,conventional,2018,Philadelphia
5995,5/20/2018,1.27,562547.36,46684.37,288654.28,785.95,226422.76,193990.25,29482.65,2949.86,conventional,2018,Philadelphia
5996,5/27/2018,1.24,631489.69,56181.66,339227.39,911.1,235169.54,202160.22,30271.54,2737.78,conventional,2018,Philadelphia
5997,6/3/2018,1.26,605989.47,51416.25,320744.92,723.03,233105.27,201270.08,29538.53,2296.66,conventional,2018,Philadelphia
5998,6/10/2018,1.25,598172.83,57178.33,316512.69,334.8,224147.01,193580.61,28276.4,2290.0,conventional,2018,Philadelphia
5999,6/17/2018,1.15,666996.96,51525.22,294878.8,476.93,320116.01,293195.86,24501.7,2418.45,conventional,2018,Philadelphia
6000,6/24/2018,1.2,638611.36,53217.23,367370.9,715.85,217307.38,195156.29,19424.27,2726.82,conventional,2018,Philadelphia
6001,7/1/2018,1.23,584042.14,47634.44,316518.16,430.46,219459.08,185996.88,31977.44,1484.76,conventional,2018,Philadelphia
6002,7/8/2018,1.15,644258.21,40738.79,366318.77,807.76,236392.89,193014.03,40648.86,2730.0,conventional,2018,Philadelphia
6003,7/15/2018,1.15,551409.82,32887.26,299972.52,1505.15,217044.89,190661.13,24480.43,1903.33,conventional,2018,Philadelphia
6004,7/22/2018,1.07,631992.55,28363.89,295981.74,2073.7,305573.22,176866.39,127483.5,1223.33,conventional,2018,Philadelphia
6005,7/29/2018,1.13,583409.92,26706.49,329802.06,11020.6,215880.77,172267.96,41471.7,2141.11,conventional,2018,Philadelphia
6006,8/5/2018,1.16,572031.74,29307.48,308927.5,3545.68,230251.08,197403.89,30600.53,2246.66,conventional,2018,Philadelphia
6007,8/12/2018,1.13,591240.68,28358.71,353708.19,1829.87,207343.91,180785.48,24001.77,2556.66,conventional,2018,Philadelphia
6008,8/19/2018,1.18,567143.15,30955.12,325294.79,1987.26,208905.98,180159.58,26216.4,2530.0,conventional,2018,Philadelphia
6009,8/26/2018,1.17,553630.66,26843.78,357390.59,1918.28,167478.01,134653.2,30687.03,2137.78,conventional,2018,Philadelphia
6010,9/2/2018,1.22,544645.5,26547.13,326379.0,1790.69,189928.68,165962.47,21436.21,2530.0,conventional,2018,Philadelphia
6011,9/9/2018,1.19,599677.6,28525.92,357421.37,1774.87,211955.44,181489.6,26822.51,3643.33,conventional,2018,Philadelphia
6012,9/16/2018,1.29,466894.31,23991.78,265260.25,2028.65,175613.63,164082.6,10281.03,1250.0,conventional,2018,Philadelphia
6013,9/23/2018,1.23,489746.28,23375.27,294412.48,3611.26,168347.27,156969.17,7662.54,3715.56,conventional,2018,Philadelphia
6014,9/30/2018,1.2,504294.32,20925.42,296150.39,1684.21,185534.3,168801.82,15842.47,890.01,conventional,2018,Philadelphia
6015,10/7/2018,1.2,551103.21,21537.76,271950.8,1692.57,255922.08,233789.52,22125.49,7.07,conventional,2018,Philadelphia
6016,10/14/2018,1.23,501413.92,22987.97,256397.1,1918.28,220110.57,215293.11,4817.46,0.0,conventional,2018,Philadelphia
6017,10/21/2018,1.27,439771.52,24660.93,240740.26,2302.12,172068.21,164858.33,7209.88,0.0,conventional,2018,Philadelphia
6018,10/28/2018,1.27,542430.08,25230.5,336304.76,3992.64,176902.18,167672.16,9225.62,4.4,conventional,2018,Philadelphia
6019,11/4/2018,1.1,518117.29,34974.09,282862.23,1616.28,198664.69,187999.46,10650.64,14.59,conventional,2018,Philadelphia
6020,11/11/2018,1.2,486038.85,28863.58,276220.08,1649.67,179305.52,167381.39,11916.0,8.13,conventional,2018,Philadelphia
6021,11/18/2018,1.25,423317.66,24649.21,229154.18,1406.99,168107.28,156148.09,11959.19,0.0,conventional,2018,Philadelphia
6022,11/25/2018,1.3,342079.68,17747.07,192674.19,1259.24,130399.18,125168.23,5227.62,3.33,conventional,2018,Philadelphia
6023,12/2/2018,1.48,329718.67,17863.02,185927.16,1075.2,124853.29,112889.69,11936.93,26.67,conventional,2018,Philadelphia
