Laura/avocado_sales_2018.csv
,Date,AveragePrice,Total Volume,4046,4225,4770,Total Bags,Small Bags,Large Bags,XLarge Bags,type,year,region
6228,1/1/2018,1.01,150867.12,76689.8,30458.87,2273.44,41445.01,28145.83,13299.18,0.0,conventional,2018,Pittsburgh
6229,1/7/2018,1.3,110929.77,40579.4,24117.63,1241.27,44991.47,36998.3,7993.17,0.0,conventional,2018,Pittsburgh
6230,1/14/2018,1.3,117483.82,40292.71,22648.55,1560.23,52982.33,42859.85,10122.48,0.0,conventional,2018,Pittsburgh
6231,1/21/2018,1.01,183347.37,83017.19,32323.3,2721.64,65285.24,36503.46,28781.78,0.0,conventional,2018,Pittsburgh
6232,1/28/2018,1.23,119606.35,37562.68,19312.87,1415.85,61314.95,42492.34,18822.61,0.0,conventional,2018,Pittsburgh
6233,2/4/2018,0.98,202604.34,78189.91,30466.23,2684.22,91263.98,38743.07,52514.24,6.67,conventional,2018,Pittsburgh
6234,2/11/2018,1.22,116882.18,33543.27,21090.24,1094.97,61153.7,37660.14,23490.23,3.33,conventional,2018,Pittsburgh
6235,2/18/2018,1.21,121002.8,32928.15,18278.91,1037.34,68758.4,40103.96,28647.77,6.67,conventional,2018,Pittsburgh
6236,2/25/2018,0.98,184226.61,67240.38,21907.5,2122.3,92956.43,33977.62,58972.14,6.67,conventional,2018,Pittsburgh
6237,3/4/2018,1.23,120612.82,35950.34,14351.56,954.03,69356.89,43202.37,26151.19,3.33,conventional,2018,Pittsburgh
6238,3/11/2018,1.23,134625.32,40798.11,15527.17,1089.04,77211.0,48023.13,29181.2,6.67,conventional,2018,Pittsburgh
6239,3/18/2018,0.98,198246.71,73389.94,22422.63,2599.53,99834.61,36169.0,63248.94,416.67,conventional,2018,Pittsburgh
6240,3/25/2018,1.28,132097.87,44126.21,13225.39,1385.77,73360.5,39142.16,34191.67,26.67,conventional,2018,Pittsburgh
6241,4/1/2018,1.25,130947.95,36567.41,15495.95,1352.78,77531.81,49700.8,27821.01,10.0,conventional,2018,Pittsburgh
6242,4/8/2018,1.25,131717.5,37924.74,18256.68,1374.88,74161.2,41134.96,33016.24,10.0,conventional,2018,Pittsburgh
6243,4/15/2018,1.27,151809.08,42151.95,21029.69,2081.94,86545.5,45690.62,40841.55,13.33,conventional,2018,Pittsburgh
6244,4/22/2018,1.29,150489.51,41354.17,20711.17,1903.84,86520.33,44001.65,42515.35,3.33,conventional,2018,Pittsburgh
6245,4/29/2018,0.99,204292.73,63924.7,26737.89,2628.11,111002.03,38685.05,72296.98,20.0,conventional,2018,Pittsburgh
6246,5/6/2018,0.97,234225.88,78192.59,35056.29,3271.76,117705.24,37541.64,80100.27,63.33,conventional,2018,Pittsburgh
6247,5/13/2018,0.99,201150.1,77576.74,32737.3,3447.64,87388.42,34497.68,52870.74,20.0,conventional,2018,Pittsburgh
6248,5/20/2018,1.27,140907.28,38657.36,20193.57,1782.2,80274.15,39120.19,41153.96,0.0,conventional,2018,Pittsburgh
6249,5/27/2018,1.29,148549.49,41369.86,21514.95,1769.59,83895.09,40226.37,43662.05,6.67,conventional,2018,Pittsburgh
6250,6/3/2018,1.26,136331.51,37667.72,19726.92,1447.49,77489.38,37338.0,40138.05,13.33,conventional,2018,Pittsburgh
6251,6/10/2018,0.99,188140.89,63286.18,24951.14,2168.85,97734.72,35181.09,62553.63,0.0,conventional,2018,Pittsburgh
6252,6/17/2018,1.27,135821.18,42872.53,20393.34,1562.15,70993.16,38507.91,32485.25,0.0,conventional,2018,Pittsburgh
6253,6/24/2018,1.2,138325.06,37667.4,20277.69,1298.83,79081.14,42596.07,36485.07,0.0,conventional,2018,Pittsburgh
6254,7/1/2018,1.2,156745.48,46304.95,23732.04,1778.55,84929.94,50732.28,34197.66,0.0,conventional,2018,Pittsburgh
6255,7/8/2018,1.12,154532.2,37957.24,24353.06,1553.11,90668.79,59588.01,31080.78,0.0,conventional,2018,Pittsburgh
6256,7/15/2018,1.13,146419.63,37335.74,19108.47,1455.65,88519.77,53082.13,35437.64,0.0,conventional,2018,Pittsburgh
6257,7/22/2018,0.95,191222.13,59435.69,16804.81,2070.05,112911.58,65564.59,47346.99,0.0,conventional,2018,Pittsburgh
6258,7/29/2018,1.22,131823.44,33166.93,14540.09,1389.39,82727.03,49158.2,33568.83,0.0,conventional,2018,Pittsburgh
6259,8/5/2018,0.96,193854.63,65461.25,22716.14,2168.65,103508.59,42505.54,61003.05,0.0,conventional,2018,Pittsburgh
6260,8/12/2018,1.2,138377.55,35952.32,18896.53,1053.94,82474.76,47067.26,35407.5,0.0,conventional,2018,Pittsburgh
6261,8/19/2018,1.2,145034.9,36148.8,20104.89,1544.77,87236.44,49847.79,37388.65,0.0,conventional,2018,Pittsburgh
6262,8/26/2018,1.41,140939.19,34023.65,21095.95,1611.23,84208.36,50171.16,34037.2,0.0,conventional,2018,Pittsburgh
6263,9/2/2018,1.44,144010.0,33182.99,20663.5,1793.31,88370.2,52933.85,35436.35,0.0,conventional,2018,Pittsburgh
6264,9/9/2018,1.41,138647.26,32259.16,21831.08,1255.45,83301.57,49187.26,34000.98,113.33,conventional,2018,Pittsburgh
6265,9/16/2018,1.2,134629.47,32216.17,19789.0,1494.98,81129.32,48592.89,32536.43,0.0,conventional,2018,Pittsburgh
6266,9/23/2018,1.2,133747.08,32156.49,21359.79,1253.11,78977.69,45312.91,33664.78,0.0,conventional,2018,Pittsburgh
6267,9/30/2018,0.95,199835.94,63666.45,19931.67,2807.39,113430.43,40717.65,72712.78,0.0,conventional,2018,Pittsburgh
6268,10/7/2018,0.96,155028.44,45011.13,17314.74,1974.88,90727.69,40390.21,50337.48,0.0,conventional,2018,Pittsburgh
6269,10/14/2018,1.2,117795.63,30199.79,14237.19,1525.4,71833.25,45351.11,26482.14,0.0,conventional,2018,Pittsburgh
6270,10/21/2018,0.97,175334.17,60912.99,20177.09,2449.6,91794.49,31961.41,59833.08,0.0,conventional,2018,Pittsburgh
6271,10/28/2018,1.25,115598.44,31035.68,15851.82,1313.71,67397.23,32038.89,35358.34,0.0,conventional,2018,Pittsburgh
6272,11/4/2018,0.74,210757.83,75213.32,23542.61,3322.82,108679.08,29882.5,78793.25,3.33,conventional,2018,Pittsburgh
6273,11/11/2018,1.26,112873.72,30628.75,17509.17,1481.38,63254.42,29979.84,33274.58,0.0,conventional,2018,Pittsburgh
6274,11/18/2018,1.23,109945.03,28557.01,15667.66,1259.45,64460.91,37042.2,27418.71,0.0,conventional,2018,Pittsburgh
6275,11/25/2018,0.98,128026.64,48797.93,16533.02,2056.27,60639.42,19367.66,41271.76,0.0,conventional,2018,Pittsburgh
6276,12/2/2018,1.27,105475.79,30361.78,14732.72,1493.56,58887.73,31081.99,27805.74,0.0,conventional,2018,Pittsburgh
6734,1/1/2018,0.89,614950.95,93210.19,250586.4,16024.9,255129.46,204432.64,50366.11,330.71,conventional,2018,Portland
6735,1/7/2018,1.22,567488.01,107127.71,220686.01,14535.35,225138.94,156850.43,67977.85,310.66,conventional,2018,Portland
6736,1/14/2018,1.06,747864.18,76227.53,252457.95,17693.46,401485.24,99618.49,300591.83,1274.92,conventional,2018,Portland
6737,1/21/2018,1.17,608159.45,76804.75,271528.75,18147.81,241678.14,150749.79,90544.14,384.21,conventional,2018,Portland
6738,1/28/2018,1.34,486679.98,80881.12,152913.11,16678.38,236207.37,142712.01,92874.02,621.34,conventional,2018,Portland
6739,2/4/2018,0.88,1051039.26,78861.85,452243.28,15405.98,504528.15,111755.8,391141.49,1630.86,conventional,2018,Portland
6740,2/11/2018,1.25,507333.47,87666.45,146006.56,17712.54,255947.92,156038.59,99378.83,530.5,conventional,2018,Portland
6741,2/18/2018,1.06,636925.69,81789.75,278393.23,16614.38,260128.33,160051.88,99595.36,481.09,conventional,2018,Portland
6742,2/25/2018,1.01,772848.65,62880.59,259931.89,16312.94,433723.23,101200.06,328765.75,3757.42,conventional,2018,Portland
6743,3/4/2018,1.16,592281.81,75141.3,252079.64,16464.63,248596.24,163839.54,84108.76,647.94,conventional,2018,Portland
6744,3/11/2018,1.11,676307.43,78454.87,308559.86,17485.05,271807.65,172296.2,99071.86,439.59,conventional,2018,Portland
6745,3/18/2018,1.04,759157.5,66714.53,222709.52,18614.12,451119.33,144978.05,305017.82,1123.46,conventional,2018,Portland
6746,3/25/2018,1.06,658169.39,75837.48,304991.92,14300.89,263039.1,166273.14,96427.92,338.04,conventional,2018,Portland
6747,4/1/2018,1.23,615354.68,78297.74,226829.87,18359.68,291867.39,173703.86,117810.1,353.43,conventional,2018,Portland
6748,4/8/2018,0.81,1121567.42,71056.0,510471.71,17060.63,522979.08,116179.72,404313.72,2485.64,conventional,2018,Portland
6749,4/15/2018,1.04,717294.09,70225.43,274462.7,17717.33,354888.63,141850.91,212148.28,889.44,conventional,2018,Portland
6750,4/22/2018,1.04,757553.88,79581.03,333707.07,19726.73,324539.05,135670.44,187228.19,1640.42,conventional,2018,Portland
6751,4/29/2018,1.16,737447.07,76793.88,303275.95,19593.77,337783.47,135205.74,201335.1,1242.63,conventional,2018,Portland
6752,5/6/2018,0.91,1056261.3,92089.98,502567.33,21893.12,439710.87,157001.47,281963.47,745.93,conventional,2018,Portland
6753,5/13/2018,1.11,787559.88,88217.4,288969.35,17796.76,392576.37,123797.45,268190.76,588.16,conventional,2018,Portland
6754,5/20/2018,0.88,987854.18,85630.29,398717.9,17295.15,486210.84,119696.35,365652.96,861.53,conventional,2018,Portland
6755,5/27/2018,1.01,878791.82,75344.5,322232.78,20214.32,461000.22,110167.9,349649.06,1183.26,conventional,2018,Portland
6756,6/3/2018,1.16,701388.98,75393.08,255935.23,20701.81,349358.86,114130.27,234662.41,566.18,conventional,2018,Portland
6757,6/10/2018,1.05,706447.39,76186.32,336326.66,17502.9,276431.51,132651.45,143393.33,386.73,conventional,2018,Portland
6758,6/17/2018,1.24,605963.19,77390.39,250203.85,21510.87,256858.08,148995.35,107310.98,551.75,conventional,2018,Portland
6759,6/24/2018,0.99,835217.23,75815.8,361760.92,16465.91,381174.6,123194.83,257092.67,887.1,conventional,2018,Portland
6760,7/1/2018,1.18,656239.65,70562.02,237155.7,21234.76,327287.17,122544.53,203722.33,1020.31,conventional,2018,Portland
6761,7/8/2018,1.12,674703.37,71806.13,309978.89,27473.81,265444.54,154493.86,108053.65,2897.03,conventional,2018,Portland
6762,7/15/2018,1.18,668221.55,71243.41,241766.31,21949.18,333262.65,133945.96,198709.8,606.89,conventional,2018,Portland
6763,7/22/2018,1.12,751232.74,76163.72,306764.07,15431.91,352873.04,114818.02,237707.54,347.48,conventional,2018,Portland
6764,7/29/2018,1.33,602494.62,72057.87,219739.52,20361.99,290335.24,118038.89,171208.04,1088.31,conventional,2018,Portland
6765,8/5/2018,1.24,599356.53,78256.03,252284.27,18817.5,249998.73,148739.69,100579.32,679.72,conventional,2018,Portland
6766,8/12/2018,1.2,685102.99,72669.9,286701.44,19457.36,306274.29,102007.77,203806.2,460.32,conventional,2018,Portland
6767,8/19/2018,1.26,662400.18,58000.18,273338.62,19409.83,311651.55,105746.86,205091.75,812.94,conventional,2018,Portland
6768,8/26/2018,1.47,509102.63,64067.62,168933.83,18256.83,257844.35,127766.76,129226.88,850.71,conventional,2018,Portland
6769,9/2/2018,1.36,544195.51,65494.58,235651.56,19239.84,223809.53,139344.51,83883.44,581.58,conventional,2018,Portland
6770,9/9/2018,1.38,534331.31,75461.48,207962.72,18336.07,232571.04,138975.59,93457.92,137.53,conventional,2018,Portland
6771,9/16/2018,1.38,511055.04,68192.93,211487.53,19293.94,212080.64,122335.43,89499.11,246.1,conventional,2018,Portland
6772,9/23/2018,1.48,470710.76,60221.48,188395.87,19793.32,202300.09,117052.96,85061.38,185.75,conventional,2018,Portland
6773,9/30/2018,1.38,538083.82,53686.06,191973.97,20611.34,271812.45,103416.94,167859.86,535.65,conventional,2018,Portland
6774,10/7/2018,1.27,586127.59,59132.22,233819.8,17391.47,275784.1,114833.49,159958.95,991.66,conventional,2018,Portland
6775,10/14/2018,1.22,577109.65,56261.99,257942.4,14899.67,248005.59,105676.57,141719.3,609.72,conventional,2018,Portland
6776,10/21/2018,1.28,526562.94,56220.07,209902.65,19048.57,241391.65,103717.14,137327.83,346.68,conventional,2018,Portland
6777,10/28/2018,1.03,640322.17,59936.34,258156.56,13500.14,308729.13,108571.87,199684.45,472.81,conventional,2018,Portland
6778,11/4/2018,1.06,712726.32,59807.37,305227.97,14317.76,333373.22,88518.01,244266.94,588.27,conventional,2018,Portland
6779,11/11/2018,1.19,553848.53,63255.26,227375.47,13296.37,249921.43,98322.16,151238.05,361.22,conventional,2018,Portland
6780,11/18/2018,1.29,465292.09,62736.59,160274.46,15899.54,226381.5,106927.16,118499.53,954.81,conventional,2018,Portland
6781,11/25/2018,1.25,334474.5,39676.21,143321.97,9380.72,142095.6,72666.99,69042.23,386.38,conventional,2018,Portland
6782,12/2/2018,1.29,425646.28,65516.3,166744.18,20396.32,172989.48,103261.97,63404.87,6322.64,conventional,2018,Portland
6987,1/1/2018,0.81,194627.58,63533.54,44810.59,99.22,86184.23,64304.28,21865.75,14.2,conventional,2018,Roanoke
6988,1/7/2018,0.93,203482.84,57981.46,48543.26,161.75,96796.37,80678.76,16101.64,15.97,conventional,2018,Roanoke
6989,1/14/2018,1.09,189671.57,35632.0,58767.29,184.49,95087.79,62260.15,32827.64,0.0,conventional,2018,Roanoke
6990,1/21/2018,1.11,176001.32,32866.66,52406.08,271.62,90456.96,61172.35,29271.28,13.33,conventional,2018,Roanoke
6991,1/28/2018,1.14,159289.18,31259.73,49375.92,283.44,78370.09,61701.01,16669.08,0.0,conventional,2018,Roanoke
6992,2/4/2018,0.82,287728.25,82020.39,55243.26,294.67,150169.93,116918.04,32938.52,313.37,conventional,2018,Roanoke
6993,2/11/2018,0.85,207658.32,54069.78,44325.77,286.59,108976.18,87195.47,21390.71,390.0,conventional,2018,Roanoke
6994,2/18/2018,1.06,155902.21,34945.28,34511.48,261.0,86184.45,58311.72,27101.62,771.11,conventional,2018,Roanoke
6995,2/25/2018,1.06,174394.57,41912.44,37321.57,206.18,94954.38,66920.87,27310.18,723.33,conventional,2018,Roanoke
6996,3/4/2018,1.07,178885.9,43252.27,37048.49,245.11,98340.03,73252.51,24594.18,493.34,conventional,2018,Roanoke
6997,3/11/2018,0.93,228663.46,68597.75,43277.55,205.1,116583.06,100506.78,15642.94,433.34,conventional,2018,Roanoke
6998,3/18/2018,0.97,209053.83,55659.94,43568.23,225.48,109600.18,86740.75,22179.43,680.0,conventional,2018,Roanoke
6999,3/25/2018,0.99,218058.0,62126.61,39027.74,219.42,116684.23,97377.29,18342.66,964.28,conventional,2018,Roanoke
7000,4/1/2018,1.03,190772.87,40582.03,40628.61,248.39,109313.84,82567.51,26309.67,436.66,conventional,2018,Roanoke
7001,4/8/2018,0.9,229888.62,64039.47,38388.58,452.75,127007.82,98215.79,28302.03,490.0,conventional,2018,Roanoke
7002,4/15/2018,0.96,215174.35,57709.13,47906.28,420.76,109138.18,91597.49,16710.84,829.85,conventional,2018,Roanoke
7003,4/22/2018,1.07,188622.73,49703.92,39739.1,470.01,98709.7,79742.14,17768.05,1199.51,conventional,2018,Roanoke
7004,4/29/2018,1.08,195489.72,50077.1,45273.77,460.45,99678.4,78176.82,20998.25,503.33,conventional,2018,Roanoke
7005,5/6/2018,0.78,352261.54,91242.42,88887.54,617.85,171513.73,137347.21,33635.41,531.11,conventional,2018,Roanoke
7006,5/13/2018,0.9,233816.37,58613.27,46037.84,501.31,128663.95,111492.77,16667.85,503.33,conventional,2018,Roanoke
7007,5/20/2018,0.95,200047.25,49108.45,55506.65,458.0,94974.15,74244.29,20156.53,573.33,conventional,2018,Roanoke
7008,5/27/2018,1.07,202537.77,53982.99,41544.8,581.15,106428.83,81458.23,24368.38,602.22,conventional,2018,Roanoke
7009,6/3/2018,1.09,190364.68,49106.19,39069.39,419.5,101769.6,76270.69,24942.24,556.67,conventional,2018,Roanoke
7010,6/10/2018,1.04,198267.78,56309.04,45809.55,44.84,96104.35,70748.16,24846.19,510.0,conventional,2018,Roanoke
7011,6/17/2018,1.07,189588.54,52257.92,36771.86,52.81,100505.95,74711.09,25368.19,426.67,conventional,2018,Roanoke
7012,6/24/2018,1.06,186438.92,46741.54,34061.16,101.91,105534.31,84149.81,20963.39,421.11,conventional,2018,Roanoke
7013,7/1/2018,1.08,192917.5,44561.11,44482.02,97.77,103776.6,80015.29,22974.64,786.67,conventional,2018,Roanoke
7014,7/8/2018,0.97,220620.56,54987.66,42191.08,132.65,123309.17,97594.61,24634.56,1080.0,conventional,2018,Roanoke
7015,7/15/2018,0.93,200789.12,48871.88,37562.73,179.36,114175.15,95040.8,18441.02,693.33,conventional,2018,Roanoke
7016,7/22/2018,1.0,175180.95,41490.77,30579.42,88.01,103022.75,84735.75,17447.0,840.0,conventional,2018,Roanoke
7017,7/29/2018,1.06,171668.37,38722.82,32533.94,96.23,100315.38,82474.21,16967.84,873.33,conventional,2018,Roanoke
7018,8/5/2018,1.11,180803.77,39754.99,35240.43,87.61,105720.74,88023.61,16660.46,1036.67,conventional,2018,Roanoke
7019,8/12/2018,0.93,238280.96,57274.29,38549.73,97.06,142359.88,119516.4,21583.48,1260.0,conventional,2018,Roanoke
7020,8/19/2018,0.98,225000.87,53184.87,40238.08,130.24,131447.68,106285.91,23797.33,1364.44,conventional,2018,Roanoke
7021,8/26/2018,1.16,189015.0,42607.51,40098.51,155.29,106153.69,87034.81,17818.88,1300.0,conventional,2018,Roanoke
7022,9/2/2018,1.16,196592.12,43757.66,41357.34,127.62,111349.5,83183.61,26919.23,1246.66,conventional,2018,Roanoke
7023,9/9/2018,1.17,188552.94,43623.74,41600.65,137.61,103190.94,80409.2,21001.74,1780.0,conventional,2018,Roanoke
7024,9/16/2018,1.17,192503.05,45764.41,39724.83,212.41,106801.4,80432.57,25652.16,716.67,conventional,2018,Roanoke
7025,9/23/2018,1.12,166771.45,39089.88,33616.19,861.21,93204.17,65851.59,25992.59,1359.99,conventional,2018,Roanoke
7026,9/30/2018,1.08,158108.85,35460.73,31921.34,594.4,90132.38,68240.37,20759.78,1132.23,conventional,2018,Roanoke
7027,10/7/2018,1.06,179853.74,40520.98,30810.66,151.44,108370.66,78146.67,29576.22,647.77,conventional,2018,Roanoke
7028,10/14/2018,1.04,164718.81,39769.01,29137.95,181.0,95630.85,74985.23,20003.39,642.23,conventional,2018,Roanoke
7029,10/21/2018,0.96,170795.05,53758.86,33390.54,155.62,83490.03,62784.73,20201.97,503.33,conventional,2018,Roanoke
7030,10/28/2018,1.07,151525.62,38851.92,31981.81,134.1,80557.79,59227.88,20689.91,640.0,conventional,2018,Roanoke
7031,11/4/2018,0.91,196822.43,49014.26,31402.96,146.74,116258.47,91811.14,24428.44,18.89,conventional,2018,Roanoke
7032,11/11/2018,0.87,190316.41,61600.03,37045.54,136.89,91533.95,72957.06,18573.56,3.33,conventional,2018,Roanoke
7033,11/18/2018,1.03,139318.91,35720.14,30005.79,100.7,73492.28,52858.19,20634.09,0.0,conventional,2018,Roanoke
7034,11/25/2018,1.03,124807.32,28083.08,30765.84,132.14,65826.26,49098.55,16727.71,0.0,conventional,2018,Roanoke
7035,12/2/2018,1.08,141324.77,35443.56,26615.53,107.24,79158.44,54989.71,24168.73,0.0,conventional,2018,Roanoke
