Laura/avocado_sales_2018.csv
,Date,AveragePrice,Total Volume,4046,4225,4770,Total Bags,Small Bags,Large Bags,XLarge Bags,type,year,region
7240,1/1/2018,1.03,578374.5,130774.36,396250.81,922.03,50427.3,46215.9,521.92,3689.48,conventional,2018,Sacramento
7241,1/7/2018,1.35,465108.34,159862.75,247999.0,1045.98,56200.61,49386.35,522.37,6291.89,conventional,2018,Sacramento
7242,1/14/2018,1.31,504269.23,144109.69,299605.5,1249.15,59304.89,52486.47,754.65,6063.77,conventional,2018,Sacramento
7243,1/21/2018,1.15,591211.37,160917.18,362263.89,1136.97,66893.33,60172.16,1674.44,5046.73,conventional,2018,Sacramento
7244,1/28/2018,1.32,468915.38,158788.12,233834.71,1129.27,75163.28,67847.8,1197.57,6117.91,conventional,2018,Sacramento
7245,2/4/2018,0.86,862337.1,262795.28,518775.3,1051.29,79715.23,71669.96,1595.61,6449.66,conventional,2018,Sacramento
7246,2/11/2018,1.07,554598.15,193066.47,282308.93,1180.54,78042.21,70403.14,1800.9,5838.17,conventional,2018,Sacramento
7247,2/18/2018,1.19,530247.15,131656.46,330556.13,700.57,67333.99,57058.58,3145.98,7129.43,conventional,2018,Sacramento
7248,2/25/2018,0.99,589559.59,199926.0,308881.68,1158.23,79593.68,72189.31,1982.31,5422.06,conventional,2018,Sacramento
7249,3/4/2018,1.18,559943.98,181586.15,241036.31,1031.75,136289.77,128164.6,2453.04,5672.13,conventional,2018,Sacramento
7250,3/11/2018,1.18,546435.55,151094.92,271726.6,862.4,122751.63,115769.46,1627.32,5354.85,conventional,2018,Sacramento
7251,3/18/2018,1.14,517463.38,154151.99,270169.95,840.67,92300.77,84669.16,734.35,6897.26,conventional,2018,Sacramento
7252,3/25/2018,1.13,570446.95,135652.39,361227.57,812.1,72754.89,67652.14,624.2,4478.55,conventional,2018,Sacramento
7253,4/1/2018,1.35,520502.26,158328.97,281350.28,918.29,79904.72,70373.63,3045.38,6485.71,conventional,2018,Sacramento
7254,4/8/2018,0.9,715025.33,203035.15,435717.83,982.09,75290.26,67704.33,1205.69,6380.24,conventional,2018,Sacramento
7255,4/15/2018,1.14,572067.61,197569.34,295355.71,949.62,78192.94,71798.31,1446.77,4947.86,conventional,2018,Sacramento
7256,4/22/2018,1.15,583816.07,155567.66,358683.09,936.54,68628.78,59635.37,1751.66,7241.75,conventional,2018,Sacramento
7257,4/29/2018,1.34,479557.36,147202.39,253728.49,979.37,77647.11,69915.49,2317.62,5414.0,conventional,2018,Sacramento
7258,5/6/2018,0.89,819053.65,239937.6,492858.71,876.71,85380.63,76925.2,1835.34,6620.09,conventional,2018,Sacramento
7259,5/13/2018,1.24,528952.41,191712.67,248330.64,837.59,88071.51,80397.16,1005.77,6668.58,conventional,2018,Sacramento
7260,5/20/2018,1.32,495650.7,162350.96,259352.64,800.63,73146.47,65525.82,2189.95,5430.7,conventional,2018,Sacramento
7261,5/27/2018,1.33,528364.19,166484.83,278421.43,753.04,82704.89,75557.59,1683.89,5463.41,conventional,2018,Sacramento
7262,6/3/2018,1.23,595937.52,195211.06,314080.99,696.54,85948.93,78698.61,1764.45,5485.87,conventional,2018,Sacramento
7263,6/10/2018,1.13,620218.33,207077.85,328602.09,373.87,84164.52,77108.99,1147.29,5908.24,conventional,2018,Sacramento
7264,6/17/2018,1.26,567508.26,189624.36,291897.88,742.27,85243.75,78974.09,2213.53,4056.13,conventional,2018,Sacramento
7265,6/24/2018,1.3,545050.5,173642.72,280096.22,536.15,90775.41,82992.03,3888.9,3894.48,conventional,2018,Sacramento
7266,7/1/2018,1.24,621095.85,204753.27,302729.19,449.12,113164.27,103417.41,3936.64,5810.22,conventional,2018,Sacramento
7267,7/8/2018,1.11,696242.16,189165.53,381879.19,25587.03,99610.41,85745.8,4202.3,9662.31,conventional,2018,Sacramento
7268,7/15/2018,1.31,546116.85,172097.5,281486.6,834.8,91697.95,82812.84,4913.9,3971.21,conventional,2018,Sacramento
7269,7/22/2018,1.24,589774.58,149983.83,359586.3,343.34,79861.11,72764.72,2958.76,4137.63,conventional,2018,Sacramento
7270,7/29/2018,1.42,521031.52,146181.62,292111.64,267.24,82471.02,77273.49,1233.79,3963.74,conventional,2018,Sacramento
7271,8/5/2018,1.45,497712.15,128244.77,292002.27,487.71,76977.4,71163.92,1902.6,3910.88,conventional,2018,Sacramento
7272,8/12/2018,1.38,522801.03,117100.24,332894.06,458.16,72348.57,66611.0,2161.7,3575.87,conventional,2018,Sacramento
7273,8/19/2018,1.3,536250.4,128519.41,328922.45,1594.81,77213.73,71750.25,2769.45,2694.03,conventional,2018,Sacramento
7274,8/26/2018,1.36,453356.1,116893.61,260911.91,1740.84,73809.74,69553.75,1359.27,2896.72,conventional,2018,Sacramento
7275,9/2/2018,1.59,427802.22,111394.23,232473.11,1809.79,82125.09,77221.39,1959.2,2944.5,conventional,2018,Sacramento
7276,9/9/2018,1.31,505620.41,136619.92,296667.03,1484.53,70848.93,65761.86,2888.7,2198.37,conventional,2018,Sacramento
7277,9/16/2018,1.51,403568.11,120676.5,196087.34,1725.05,85079.22,80193.06,1646.88,3239.28,conventional,2018,Sacramento
7278,9/23/2018,1.21,521183.46,146505.22,311161.83,1605.58,61910.83,58335.37,1047.65,2527.81,conventional,2018,Sacramento
7279,9/30/2018,1.32,462788.82,123934.88,266789.95,2321.83,69742.16,65767.73,514.79,3459.64,conventional,2018,Sacramento
7280,10/7/2018,1.21,515471.11,110530.32,326831.49,1608.39,76500.91,74114.26,821.78,1564.87,conventional,2018,Sacramento
7281,10/14/2018,1.27,466340.71,115106.71,272455.01,1463.16,77315.83,72505.92,1094.57,3715.34,conventional,2018,Sacramento
7282,10/21/2018,1.35,449820.04,114300.19,262761.3,1316.59,71441.96,66638.28,1721.59,3082.09,conventional,2018,Sacramento
7283,10/28/2018,1.06,547337.92,162407.14,316245.25,1429.06,67256.47,65142.21,1544.88,569.38,conventional,2018,Sacramento
7284,11/4/2018,1.08,513035.76,146061.49,293043.17,1429.06,72502.04,71158.79,956.68,386.57,conventional,2018,Sacramento
7285,11/11/2018,1.1,512716.06,130946.23,313302.31,1611.36,66856.16,62854.3,3545.86,456.0,conventional,2018,Sacramento
7286,11/18/2018,1.64,310559.01,92831.93,151462.21,1428.85,64836.02,61741.46,2098.66,995.9,conventional,2018,Sacramento
7287,11/25/2018,1.72,238896.81,59605.32,138291.67,1800.84,39198.98,36870.82,1684.26,643.9,conventional,2018,Sacramento
7288,12/2/2018,1.63,307484.31,96898.49,162058.95,1147.04,47379.83,44480.94,2410.51,488.38,conventional,2018,Sacramento
7441,1/1/2018,0.98,619699.65,199514.36,268431.96,15509.5,136243.83,129566.1,4704.4,1973.33,conventional,2018,San Diego
7442,1/7/2018,1.18,464720.86,192510.16,118483.12,19625.38,134102.2,125040.09,6169.89,2892.22,conventional,2018,San Diego
7443,1/14/2018,1.41,439652.12,160896.99,136499.29,21680.72,120575.12,113513.51,4689.39,2372.22,conventional,2018,San Diego
7444,1/21/2018,1.26,460708.82,192219.39,122174.21,17624.92,128690.3,121675.53,4729.22,2285.55,conventional,2018,San Diego
7445,1/28/2018,1.07,566134.81,168171.75,256042.84,16669.82,125250.4,118366.92,4446.82,2436.66,conventional,2018,San Diego
7446,2/4/2018,0.88,858101.65,311038.84,318396.18,23719.23,204947.4,193681.96,8547.66,2717.78,conventional,2018,San Diego
7447,2/11/2018,0.93,558926.47,222366.32,136214.59,16577.9,183767.66,175708.38,5873.73,2185.55,conventional,2018,San Diego
7448,2/18/2018,1.23,447962.28,152250.41,119244.74,18614.87,157852.26,147616.58,7409.57,2826.11,conventional,2018,San Diego
7449,2/25/2018,1.07,538360.91,175663.85,163499.41,15737.33,183460.32,174528.26,6291.5,2640.56,conventional,2018,San Diego
7450,3/4/2018,1.24,459124.87,144401.02,122241.79,18028.76,174453.3,165182.9,6458.18,2812.22,conventional,2018,San Diego
7451,3/11/2018,1.14,512155.1,165801.09,124279.19,16482.97,205591.85,197838.66,6495.41,1257.78,conventional,2018,San Diego
7452,3/18/2018,0.92,643491.07,159346.7,256098.92,13404.8,214640.65,201973.65,9993.67,2673.33,conventional,2018,San Diego
7453,3/25/2018,1.1,488321.93,140383.72,156203.0,13940.11,177795.1,168263.27,7442.94,2088.89,conventional,2018,San Diego
7454,4/1/2018,1.21,492809.3,131049.45,129866.05,17020.78,214873.02,147871.52,65133.72,1867.78,conventional,2018,San Diego
7455,4/8/2018,1.06,540826.0,158065.84,166091.53,17061.0,199607.63,184278.51,12965.79,2363.33,conventional,2018,San Diego
7456,4/15/2018,1.18,479181.95,150158.45,129717.56,16781.9,182524.04,171637.12,8733.59,2153.33,conventional,2018,San Diego
7457,4/22/2018,1.13,512420.25,142432.79,185700.69,15493.81,168792.96,158846.84,7676.12,2270.0,conventional,2018,San Diego
7458,4/29/2018,1.06,580811.76,137094.31,267253.97,16056.62,160406.86,149416.57,8080.29,2910.0,conventional,2018,San Diego
7459,5/6/2018,0.83,795859.54,192311.64,268307.79,16457.61,318782.5,246911.78,70075.17,1795.55,conventional,2018,San Diego
7460,5/13/2018,1.01,541012.81,164526.67,146815.27,17441.0,212229.87,191483.07,18397.91,2348.89,conventional,2018,San Diego
7461,5/20/2018,0.99,511700.87,150668.15,192479.96,20767.64,147785.12,138110.78,7106.56,2567.78,conventional,2018,San Diego
7462,5/27/2018,1.06,568411.59,152309.98,154367.53,24932.46,236801.62,157080.98,77132.87,2587.77,conventional,2018,San Diego
7463,6/3/2018,1.01,597493.68,168990.91,178206.29,23093.15,227203.33,202925.88,21397.45,2880.0,conventional,2018,San Diego
7464,6/10/2018,1.03,552819.78,160259.11,155366.5,25234.19,211959.98,200695.7,9005.39,2258.89,conventional,2018,San Diego
7465,6/17/2018,1.09,546879.97,156339.04,162472.37,25107.83,202960.73,190915.64,9682.87,2362.22,conventional,2018,San Diego
7466,6/24/2018,1.09,519747.37,142235.97,155001.31,24591.8,197918.29,188483.59,7082.48,2352.22,conventional,2018,San Diego
7467,7/1/2018,1.09,584547.7,137048.12,176161.59,27939.83,243398.16,174137.22,66627.61,2633.33,conventional,2018,San Diego
7468,7/8/2018,1.11,592440.3,137199.07,175857.54,45809.36,233574.33,188125.55,38651.0,6797.78,conventional,2018,San Diego
7469,7/15/2018,1.15,523531.8,143054.9,166112.64,25995.7,188368.56,174179.51,10586.83,3602.22,conventional,2018,San Diego
7470,7/22/2018,1.17,529488.04,144762.78,169776.17,27035.3,187913.79,175822.91,10073.1,2017.78,conventional,2018,San Diego
7471,7/29/2018,0.99,584399.22,141905.39,255054.38,18878.88,168560.57,156723.02,9217.55,2620.0,conventional,2018,San Diego
7472,8/5/2018,1.16,525026.59,148761.99,180736.41,22138.02,173390.17,161507.95,9691.73,2190.49,conventional,2018,San Diego
7473,8/12/2018,1.13,531725.13,144008.32,151284.25,26584.81,209847.75,199295.18,7523.82,3028.75,conventional,2018,San Diego
7474,8/19/2018,1.34,450127.65,126247.82,131921.95,25464.69,166493.19,152038.58,12512.71,1941.9,conventional,2018,San Diego
7475,8/26/2018,1.38,457400.67,130154.83,125593.55,22523.3,179128.99,164884.85,12758.19,1485.95,conventional,2018,San Diego
7476,9/2/2018,1.49,475554.13,117344.12,153079.85,20038.94,185091.22,168978.64,14148.14,1964.44,conventional,2018,San Diego
7477,9/9/2018,1.39,484789.62,114380.94,176674.22,20883.44,172851.02,156352.19,15056.61,1442.22,conventional,2018,San Diego
7478,9/16/2018,1.35,474396.78,113961.93,155776.01,17756.85,186901.99,176179.63,10061.25,661.11,conventional,2018,San Diego
7479,9/23/2018,1.31,431896.5,102452.42,148843.27,17930.38,162670.43,148934.87,11260.01,2475.55,conventional,2018,San Diego
7480,9/30/2018,1.19,468714.47,116422.78,145026.04,18922.77,188342.88,174874.83,11528.06,1939.99,conventional,2018,San Diego
7481,10/7/2018,1.23,465975.2,108946.57,124459.85,16785.9,215782.88,202334.72,12199.27,1248.89,conventional,2018,San Diego
7482,10/14/2018,1.0,522606.33,106026.23,219017.38,13663.11,183899.61,168760.26,12720.47,2418.88,conventional,2018,San Diego
7483,10/21/2018,1.22,448158.98,94465.91,160944.46,14671.69,178076.92,164696.38,11696.1,1684.44,conventional,2018,San Diego
7484,10/28/2018,1.08,521534.36,115204.1,215786.97,14735.87,175807.42,167697.55,7160.98,948.89,conventional,2018,San Diego
7485,11/4/2018,1.13,453500.23,100093.84,145311.85,16790.03,191304.51,181055.17,10247.12,2.22,conventional,2018,San Diego
7486,11/11/2018,1.16,508803.59,122710.84,157014.96,14771.18,214306.61,202990.65,11302.63,13.33,conventional,2018,San Diego
7487,11/18/2018,1.43,435306.02,103371.32,115167.6,16088.8,200678.3,190820.61,9857.69,0.0,conventional,2018,San Diego
7488,11/25/2018,1.62,305096.73,73583.41,101082.71,13133.52,117297.09,108513.66,8783.43,0.0,conventional,2018,San Diego
7489,12/2/2018,1.41,354554.57,106495.63,111682.23,16108.59,120268.12,114212.56,6055.56,0.0,conventional,2018,San Diego
