Laura/avocado_sales_2018.csv
,Date,AveragePrice,Total Volume,4046,4225,4770,Total Bags,Small Bags,Large Bags,XLarge Bags,type,year,region
7642,1/1/2018,0.92,1174818.67,174144.97,860294.61,1733.53,138645.56,136909.07,32.99,1703.5,conventional,2018,San Francisco
7643,1/7/2018,1.46,818086.25,209267.23,466935.74,2525.01,139358.27,136440.18,104.56,2813.53,conventional,2018,San Francisco
7644,1/14/2018,1.21,1117376.99,193892.28,785766.05,2860.37,134858.29,130904.76,944.69,3008.84,conventional,2018,San Francisco
7645,1/21/2018,1.01,1301932.95,259497.05,919666.37,2578.69,120190.84,117863.67,80.08,2247.09,conventional,2018,San Francisco
7646,1/28/2018,1.38,821352.05,246496.88,418612.3,2588.33,153654.54,150232.81,402.62,3019.11,conventional,2018,San Francisco
7647,2/4/2018,0.84,1706251.05,459981.14,1113987.54,2886.78,129395.59,126171.02,282.38,2942.19,conventional,2018,San Francisco
7648,2/11/2018,1.32,823086.86,267695.96,405148.34,3199.77,147042.79,144064.49,120.38,2857.92,conventional,2018,San Francisco
7649,2/18/2018,1.06,1149074.92,193705.48,835774.38,2425.38,117169.68,113216.42,316.78,3636.48,conventional,2018,San Francisco
7650,2/25/2018,1.17,984000.13,383689.73,431346.38,2127.86,166836.16,162913.33,609.2,3313.63,conventional,2018,San Francisco
7651,3/4/2018,1.16,1051308.5,386100.25,426277.63,2512.69,236417.93,231913.11,1286.43,3218.39,conventional,2018,San Francisco
7652,3/11/2018,1.29,904333.98,270255.15,434279.15,2517.79,197281.89,193813.92,196.57,3271.4,conventional,2018,San Francisco
7653,3/18/2018,1.38,777300.99,215279.75,435108.21,2698.44,124214.59,119694.95,92.29,4427.35,conventional,2018,San Francisco
7654,3/25/2018,1.01,1203274.11,198289.36,895797.12,2202.74,106984.89,103033.73,186.2,3764.96,conventional,2018,San Francisco
7655,4/1/2018,1.43,795482.4,232006.31,439602.63,2228.93,121644.53,116307.2,317.62,5019.71,conventional,2018,San Francisco
7656,4/8/2018,0.87,1459227.33,408167.43,922121.38,2041.12,126897.4,122851.0,338.29,3708.11,conventional,2018,San Francisco
7657,4/15/2018,1.13,1034478.03,435699.38,461266.16,2130.76,135381.73,131445.18,665.77,3270.78,conventional,2018,San Francisco
7658,4/22/2018,0.97,1334224.75,270423.2,955734.78,1624.46,106442.31,101299.73,881.52,4261.06,conventional,2018,San Francisco
7659,4/29/2018,1.44,771379.01,208864.27,426989.35,1761.65,133763.74,129591.86,252.19,3919.69,conventional,2018,San Francisco
7660,5/6/2018,0.87,1626642.95,449327.43,1016977.0,2084.07,158254.45,153510.72,414.24,4329.49,conventional,2018,San Francisco
7661,5/13/2018,1.28,861725.29,301044.06,402096.65,1537.53,157047.05,153195.1,326.25,3525.7,conventional,2018,San Francisco
7662,5/20/2018,1.43,791906.17,233520.4,433028.36,1668.36,123689.05,119284.42,809.37,3595.26,conventional,2018,San Francisco
7663,5/27/2018,1.43,809183.25,216818.7,434563.82,1585.01,156215.72,152745.63,195.73,3274.36,conventional,2018,San Francisco
7664,6/3/2018,1.39,904180.89,273385.67,472132.71,1716.28,156946.23,152673.35,295.94,3976.94,conventional,2018,San Francisco
7665,6/10/2018,1.38,931763.63,219108.8,552416.24,1761.58,158477.01,155351.69,270.57,2854.75,conventional,2018,San Francisco
7666,6/17/2018,1.4,868099.51,236175.2,467179.46,2047.63,162697.22,159754.92,693.29,2249.01,conventional,2018,San Francisco
7667,6/24/2018,1.39,849741.69,233494.83,446143.2,1806.63,168297.03,163970.07,1577.77,2749.19,conventional,2018,San Francisco
7668,7/1/2018,1.17,1037535.75,415464.03,432094.64,1621.49,188355.59,184254.01,1122.03,2979.55,conventional,2018,San Francisco
7669,7/8/2018,0.95,1484762.18,426266.14,896808.74,12725.67,148961.63,142447.09,1500.73,5013.81,conventional,2018,San Francisco
7670,7/15/2018,1.31,920704.56,293561.35,450961.4,1337.51,174844.3,170718.32,2025.12,2100.86,conventional,2018,San Francisco
7671,7/22/2018,1.16,1103334.67,215176.24,738276.88,1667.4,148214.15,144413.49,1208.24,2592.42,conventional,2018,San Francisco
7672,7/29/2018,1.55,880382.61,186798.17,519835.13,1473.98,172275.33,168837.29,343.93,3094.11,conventional,2018,San Francisco
7673,8/5/2018,1.59,869736.0,173341.1,550294.47,1437.66,144662.77,140650.7,1135.25,2876.82,conventional,2018,San Francisco
7674,8/12/2018,1.45,955608.6,160598.2,669788.17,1521.81,123700.42,119946.29,1118.89,2635.24,conventional,2018,San Francisco
7675,8/19/2018,1.66,814953.57,177469.63,479130.47,5363.89,152989.58,148581.89,2130.19,2277.5,conventional,2018,San Francisco
7676,8/26/2018,1.28,969488.19,161490.37,669376.22,6370.37,132251.23,129222.23,342.88,2686.12,conventional,2018,San Francisco
7677,9/2/2018,1.77,756205.14,153230.26,437456.47,5746.25,159772.16,156896.66,842.19,2033.31,conventional,2018,San Francisco
7678,9/9/2018,1.26,1031141.78,199271.87,699694.59,5849.44,126325.88,122304.13,1277.73,2744.02,conventional,2018,San Francisco
7679,9/16/2018,1.72,738349.12,190859.38,391998.92,6148.5,149342.32,145602.11,837.21,2903.0,conventional,2018,San Francisco
7680,9/23/2018,1.12,1112520.34,289473.75,695263.65,6155.09,121627.85,119389.49,138.17,2100.19,conventional,2018,San Francisco
7681,9/30/2018,1.38,945428.72,275359.1,518938.05,6321.86,144809.71,141576.27,202.01,3031.43,conventional,2018,San Francisco
7682,10/7/2018,1.13,1001259.97,210035.69,644037.73,6631.68,140554.87,137744.55,763.72,2046.6,conventional,2018,San Francisco
7683,10/14/2018,1.59,780258.39,185234.33,426579.22,5751.49,162693.35,159338.99,278.12,3076.24,conventional,2018,San Francisco
7684,10/21/2018,1.63,752110.7,180319.42,428810.04,6324.71,136656.53,133527.29,389.01,2740.23,conventional,2018,San Francisco
7685,10/28/2018,1.39,892019.9,311270.74,439915.74,6055.67,134777.75,132851.57,575.18,1351.0,conventional,2018,San Francisco
7686,11/4/2018,1.42,842532.25,290884.62,401951.34,6488.43,143207.86,141353.81,456.24,1397.81,conventional,2018,San Francisco
7687,11/11/2018,0.96,1232036.65,285432.07,821576.6,7064.69,117963.29,115423.68,1426.97,1112.64,conventional,2018,San Francisco
7688,11/18/2018,1.52,550791.36,184459.33,232696.76,5599.46,128035.81,125603.7,928.97,1503.14,conventional,2018,San Francisco
7689,11/25/2018,1.92,464504.18,101620.78,290155.42,4269.64,68458.34,65666.35,1606.11,1185.88,conventional,2018,San Francisco
7690,12/2/2018,1.91,613788.93,121614.44,364679.18,4631.99,122863.32,120593.43,908.92,1360.97,conventional,2018,San Francisco
7999,1/1/2018,1.1,559149.89,167408.78,182686.49,699.05,208355.57,161594.74,46404.85,355.98,conventional,2018,Seattle
8000,1/7/2018,1.43,474305.15,116665.02,133127.64,1132.42,223380.07,164408.65,58738.83,232.59,conventional,2018,Seattle
8001,1/14/2018,1.26,709903.13,109322.06,214002.35,1034.16,385544.56,136005.01,248487.47,1052.08,conventional,2018,Seattle
8002,1/21/2018,1.31,600669.78,125236.3,202783.51,754.76,271895.21,138209.77,133100.87,584.57,conventional,2018,Seattle
8003,1/28/2018,1.34,548587.07,125676.32,178484.53,599.03,243827.19,136634.87,106746.35,445.97,conventional,2018,Seattle
8004,2/4/2018,1.04,909127.6,189717.79,289707.88,853.2,428848.73,115360.8,312387.51,1100.42,conventional,2018,Seattle
8005,2/11/2018,1.4,468936.03,98161.81,129399.46,631.78,240742.98,136973.79,103420.83,348.36,conventional,2018,Seattle
8006,2/18/2018,1.46,468075.23,92450.89,135317.0,639.03,239668.31,148877.37,90182.78,608.16,conventional,2018,Seattle
8007,2/25/2018,1.22,636462.47,86796.33,173328.81,710.13,375627.2,113771.59,260807.35,1048.26,conventional,2018,Seattle
8008,3/4/2018,1.43,456320.3,93608.78,135422.61,571.39,226717.52,143222.46,83237.67,257.39,conventional,2018,Seattle
8009,3/11/2018,1.42,514742.18,96728.68,134993.6,920.6,282099.3,165320.5,116481.78,297.02,conventional,2018,Seattle
8010,3/18/2018,1.21,685505.57,91648.17,191972.39,1244.44,400640.57,180451.72,219003.18,1185.67,conventional,2018,Seattle
8011,3/25/2018,1.4,524265.69,103573.88,149867.07,998.53,269826.21,155866.8,113666.7,292.71,conventional,2018,Seattle
8012,4/1/2018,1.42,533894.49,104371.63,146974.88,780.74,281767.24,164704.35,116553.57,509.32,conventional,2018,Seattle
8013,4/8/2018,1.12,811296.28,107039.99,215990.38,1161.46,487104.45,130585.63,354087.09,2431.73,conventional,2018,Seattle
8014,4/15/2018,1.28,568402.56,100780.2,165283.29,1339.08,300999.99,154786.47,145389.42,824.1,conventional,2018,Seattle
8015,4/22/2018,1.23,671486.39,147691.93,212078.27,1472.59,310243.6,122807.1,185982.94,1453.56,conventional,2018,Seattle
8016,4/29/2018,1.43,561718.39,99270.62,162524.87,1308.39,298614.51,146776.63,151309.76,528.12,conventional,2018,Seattle
8017,5/6/2018,1.14,966683.84,173288.95,283864.22,2022.4,507508.27,150987.02,356005.31,515.94,conventional,2018,Seattle
8018,5/13/2018,1.29,687259.91,97772.62,188149.03,1417.05,399921.21,113695.42,285314.84,910.95,conventional,2018,Seattle
8019,5/20/2018,1.04,856479.04,168971.07,261462.49,1426.69,424618.79,126131.24,297611.52,876.03,conventional,2018,Seattle
8020,5/27/2018,1.18,713336.75,112317.74,206007.3,1347.96,393663.75,105939.89,286801.32,922.54,conventional,2018,Seattle
8021,6/3/2018,1.39,570731.8,97820.26,159669.67,740.33,312501.54,112286.67,199742.79,472.08,conventional,2018,Seattle
8022,6/10/2018,1.16,703877.12,184093.25,245051.35,418.09,274314.43,130404.77,143461.04,448.62,conventional,2018,Seattle
8023,6/17/2018,1.55,515268.14,102224.51,152087.27,735.48,260220.88,145431.48,114312.21,477.19,conventional,2018,Seattle
8024,6/24/2018,1.37,662828.59,100710.52,183688.08,711.21,377718.78,129701.14,247282.53,735.11,conventional,2018,Seattle
8025,7/1/2018,1.35,591603.07,100138.86,178611.29,1076.45,311776.47,113871.15,197349.12,556.2,conventional,2018,Seattle
8026,7/8/2018,1.53,503807.75,96918.77,158696.2,7287.2,240905.58,150919.66,88006.84,1979.08,conventional,2018,Seattle
8027,7/15/2018,1.4,604198.36,101530.78,183459.92,2479.62,316728.04,138438.54,177276.56,1012.94,conventional,2018,Seattle
8028,7/22/2018,1.42,631093.45,103729.59,185322.59,792.44,341248.83,128854.57,209988.15,2406.11,conventional,2018,Seattle
8029,7/29/2018,1.53,571141.77,108678.11,175798.85,493.63,286171.18,132465.47,152266.18,1439.53,conventional,2018,Seattle
8030,8/5/2018,1.59,503825.31,107517.63,155410.19,358.16,240539.33,137659.14,102533.26,346.93,conventional,2018,Seattle
8031,8/12/2018,1.48,577864.86,97289.88,166863.18,444.25,313267.55,134164.71,178541.91,560.93,conventional,2018,Seattle
8032,8/19/2018,1.52,568880.43,89712.67,172024.02,871.28,306272.46,110852.77,194565.42,854.27,conventional,2018,Seattle
8033,8/26/2018,1.61,482645.37,86422.33,138578.82,954.06,256690.16,132543.51,123525.87,620.78,conventional,2018,Seattle
8034,9/2/2018,1.64,466055.91,95158.95,143379.49,1288.16,226229.31,141201.98,84264.78,762.55,conventional,2018,Seattle
8035,9/9/2018,1.65,466985.22,94436.43,135864.38,1071.23,235613.18,143682.24,91585.01,345.93,conventional,2018,Seattle
8036,9/16/2018,1.65,470635.62,92351.01,136958.42,1134.64,240191.55,123891.92,116042.85,256.78,conventional,2018,Seattle
8037,9/23/2018,1.66,455977.37,88467.91,138950.18,1101.76,227457.52,128578.71,98684.99,193.82,conventional,2018,Seattle
8038,9/30/2018,1.51,498447.79,87035.11,149834.46,1615.52,259962.7,112673.41,146869.42,419.87,conventional,2018,Seattle
8039,10/7/2018,1.53,465035.73,83541.63,138145.99,7510.46,235837.65,120914.29,114538.69,384.67,conventional,2018,Seattle
8040,10/14/2018,1.59,451888.97,78213.58,133076.09,3597.39,237001.91,112036.42,124221.42,744.07,conventional,2018,Seattle
8041,10/21/2018,1.56,457260.99,76879.19,129481.03,6988.73,243912.04,106718.3,136993.91,199.83,conventional,2018,Seattle
8042,10/28/2018,1.28,553753.64,100475.97,165774.49,5763.3,281739.88,103208.83,178267.36,263.69,conventional,2018,Seattle
8043,11/4/2018,1.38,548842.96,81806.7,161525.75,2392.01,303118.5,91378.17,211398.69,341.64,conventional,2018,Seattle
8044,11/11/2018,1.44,467213.43,95254.4,119853.21,1444.14,250661.68,109626.77,140594.0,440.91,conventional,2018,Seattle
8045,11/18/2018,1.53,380955.79,75984.95,88941.56,1250.43,214778.85,100195.13,114285.03,298.69,conventional,2018,Seattle
8046,11/25/2018,1.47,231724.84,49446.38,52716.52,3052.02,126509.92,57957.79,66255.47,2296.66,conventional,2018,Seattle
8047,12/2/2018,1.49,385453.8,88187.09,119375.45,1469.13,176422.13,85602.14,89866.06,953.93,conventional,2018,Seattle
