Laura/avocado_sales_2018.csv
,Date,AveragePrice,Total Volume,4046,4225,4770,Total Bags,Small Bags,Large Bags,XLarge Bags,type,year,region
8200,1/1/2018,0.99,460716.58,210307.64,80809.78,3034.55,166564.61,124648.0,41191.56,725.05,conventional,2018,South Carolina
8201,1/7/2018,1.19,402919.29,201490.47,64214.46,3089.49,134124.87,104998.57,26809.64,2316.66,conventional,2018,South Carolina
8202,1/14/2018,1.24,423919.68,190128.64,82399.03,3424.35,147967.66,105934.11,39865.79,2167.76,conventional,2018,South Carolina
8203,1/21/2018,1.1,506254.11,234534.94,77898.32,3486.87,190333.98,138219.59,49325.5,2788.89,conventional,2018,South Carolina
8204,1/28/2018,1.22,435490.6,209197.71,72212.81,3511.52,150568.56,109267.86,38526.25,2774.45,conventional,2018,South Carolina
8205,2/4/2018,0.96,678235.27,304189.26,97949.8,4065.74,272030.47,200563.64,68207.94,3258.89,conventional,2018,South Carolina
8206,2/11/2018,1.05,452805.55,213633.63,65654.71,3577.01,169940.2,126052.2,40667.08,3220.92,conventional,2018,South Carolina
8207,2/18/2018,1.2,396970.44,173173.18,65055.84,3355.35,155386.07,115741.19,35864.29,3780.59,conventional,2018,South Carolina
8208,2/25/2018,1.25,405689.01,178666.56,70216.92,3960.77,152844.76,119270.49,30146.09,3428.18,conventional,2018,South Carolina
8209,3/4/2018,1.16,457398.25,213096.65,71897.89,3953.91,168449.8,119609.41,45130.39,3710.0,conventional,2018,South Carolina
8210,3/11/2018,1.13,482065.76,217013.42,79944.64,4374.67,180733.03,141288.83,36165.79,3278.41,conventional,2018,South Carolina
8211,3/18/2018,1.06,542846.79,230046.31,78736.72,3687.24,230376.52,185198.74,41852.22,3325.56,conventional,2018,South Carolina
8212,3/25/2018,1.19,450658.34,205952.19,73267.19,4313.11,167125.85,132488.4,31527.74,3109.71,conventional,2018,South Carolina
8213,4/1/2018,1.18,466524.77,216984.55,78228.05,3976.88,167335.29,127858.37,36205.73,3271.19,conventional,2018,South Carolina
8214,4/8/2018,1.11,486198.12,224051.45,74992.53,3967.85,183186.29,137991.8,41665.6,3528.89,conventional,2018,South Carolina
8215,4/15/2018,1.05,533780.9,262592.75,81089.05,4301.78,185797.32,128609.93,53159.98,4027.41,conventional,2018,South Carolina
8216,4/22/2018,1.13,473705.97,222700.53,75058.4,4582.96,171364.08,131332.08,36874.04,3157.96,conventional,2018,South Carolina
8217,4/29/2018,1.09,544533.07,263653.33,80270.8,4543.92,196065.02,130750.37,62190.21,3124.44,conventional,2018,South Carolina
8218,5/6/2018,0.92,729414.11,333679.95,121034.35,5045.71,269654.1,191649.77,74475.44,3528.89,conventional,2018,South Carolina
8219,5/13/2018,1.06,501042.16,240019.05,70940.3,4483.42,185599.39,139569.62,43095.32,2934.45,conventional,2018,South Carolina
8220,5/20/2018,1.03,530419.8,249523.11,79744.11,4282.22,196870.36,136527.43,56984.04,3358.89,conventional,2018,South Carolina
8221,5/27/2018,1.09,523531.77,248554.47,73363.34,5734.86,195879.1,139229.31,53885.35,2764.44,conventional,2018,South Carolina
8222,6/3/2018,1.1,531019.05,263683.29,65889.9,4189.56,197256.3,135941.32,58012.75,3302.23,conventional,2018,South Carolina
8223,6/10/2018,1.07,517868.02,260049.25,72647.01,1804.87,183366.89,132095.14,47365.08,3906.67,conventional,2018,South Carolina
8224,6/17/2018,1.06,564597.82,292681.4,68021.5,2572.7,201322.22,136452.28,61005.49,3864.45,conventional,2018,South Carolina
8225,6/24/2018,1.1,505630.69,229266.99,62454.88,2240.73,211668.09,148688.46,59419.63,3560.0,conventional,2018,South Carolina
8226,7/1/2018,1.05,542710.98,260666.83,73711.88,2597.53,205734.74,130063.53,72414.54,3256.67,conventional,2018,South Carolina
8227,7/8/2018,1.06,515231.81,250971.65,70867.57,2563.94,190828.65,121291.09,66417.55,3120.01,conventional,2018,South Carolina
8228,7/15/2018,1.11,473582.9,229896.55,61189.6,2202.64,180294.11,113603.91,63436.86,3253.34,conventional,2018,South Carolina
8229,7/22/2018,1.13,461152.22,231640.71,62193.97,2602.62,164714.92,106919.75,53845.17,3950.0,conventional,2018,South Carolina
8230,7/29/2018,1.16,435660.12,218941.99,60134.56,2135.96,154447.61,99747.57,51698.93,3001.11,conventional,2018,South Carolina
8231,8/5/2018,1.14,463769.93,233115.43,62065.1,2542.98,166046.42,103572.47,59000.62,3473.33,conventional,2018,South Carolina
8232,8/12/2018,1.07,471417.54,224714.41,53183.59,2854.36,190665.18,131274.13,54709.95,4681.1,conventional,2018,South Carolina
8233,8/19/2018,1.07,483170.86,248892.14,53630.71,2867.75,177780.26,119535.08,54030.74,4214.44,conventional,2018,South Carolina
8234,8/26/2018,1.2,428712.87,221348.37,52833.91,2752.13,151778.46,97437.25,50254.54,4086.67,conventional,2018,South Carolina
8235,9/2/2018,1.19,443800.09,241144.62,53684.03,2671.06,146300.38,90603.2,52757.18,2940.0,conventional,2018,South Carolina
8236,9/9/2018,1.28,414695.81,211587.32,51673.76,2401.75,149032.98,98554.63,48115.01,2363.34,conventional,2018,South Carolina
8237,9/16/2018,1.13,416338.95,216970.62,44482.79,1764.44,153121.1,86499.13,63129.75,3492.22,conventional,2018,South Carolina
8238,9/23/2018,1.22,365446.32,175619.8,44094.41,2240.89,143491.22,97563.92,42161.74,3765.56,conventional,2018,South Carolina
8239,9/30/2018,1.09,434031.13,211214.55,51464.77,2933.16,168418.65,103695.88,60901.66,3821.11,conventional,2018,South Carolina
8240,10/7/2018,1.18,390720.29,192614.46,49519.66,2874.75,145711.42,102442.06,40953.8,2315.56,conventional,2018,South Carolina
8241,10/14/2018,1.07,431763.19,212152.15,49204.77,3086.67,167319.6,112883.19,51386.41,3050.0,conventional,2018,South Carolina
8242,10/21/2018,1.16,375077.54,182637.31,47834.22,2714.21,141891.8,101976.64,36528.5,3386.66,conventional,2018,South Carolina
8243,10/28/2018,0.89,472553.59,228992.9,46690.0,2321.86,194548.83,131113.28,61818.88,1616.67,conventional,2018,South Carolina
8244,11/4/2018,0.99,438839.76,218584.7,42598.33,2572.4,175084.33,120952.07,54074.48,57.78,conventional,2018,South Carolina
8245,11/11/2018,1.08,390308.35,192751.27,42861.9,2766.99,151928.19,114517.27,37400.92,10.0,conventional,2018,South Carolina
8246,11/18/2018,1.13,330851.42,161876.38,41842.6,2214.83,124917.61,89461.92,35455.69,0.0,conventional,2018,South Carolina
8247,11/25/2018,1.16,256185.96,126676.65,44481.64,1541.06,83486.61,54628.83,28827.78,30.0,conventional,2018,South Carolina
8248,12/2/2018,1.14,311315.74,142292.44,41058.33,2116.29,125848.68,86379.32,39458.25,11.11,conventional,2018,South Carolina
8505,1/1/2018,0.94,98086.34,30325.05,36245.2,501.63,31014.46,24405.56,6544.94,63.96,conventional,2018,Spokane
8506,1/7/2018,1.18,85027.89,27224.55,21852.06,487.93,35463.35,27270.42,8169.06,23.87,conventional,2018,Spokane
8507,1/14/2018,1.2,102537.95,25067.66,30621.77,483.2,46365.32,22425.95,23850.96,88.41,conventional,2018,Spokane
8508,1/21/2018,1.07,105005.26,24435.65,33395.51,517.34,46656.76,22478.8,24044.51,133.45,conventional,2018,Spokane
8509,1/28/2018,1.16,88197.75,25211.46,28636.94,406.68,33942.67,23389.62,10519.31,33.74,conventional,2018,Spokane
8510,2/4/2018,0.98,141362.77,36203.06,49563.73,560.55,55035.43,21807.59,33030.13,197.71,conventional,2018,Spokane
8511,2/11/2018,1.16,95011.27,25569.06,24035.03,453.07,44954.11,21460.59,23406.38,87.14,conventional,2018,Spokane
8512,2/18/2018,1.28,79223.81,21659.59,22242.85,495.67,34825.7,24328.12,10453.84,43.74,conventional,2018,Spokane
8513,2/25/2018,1.16,97120.83,21800.62,24410.77,555.0,50354.44,21906.42,28350.8,97.22,conventional,2018,Spokane
8514,3/4/2018,1.19,94804.19,21571.92,26446.43,559.0,46226.84,20795.01,25368.62,63.21,conventional,2018,Spokane
8515,3/11/2018,1.3,82487.75,20810.25,22874.92,509.82,38292.76,25921.98,12329.14,41.64,conventional,2018,Spokane
8516,3/18/2018,1.17,98328.71,21145.49,26680.03,594.18,49909.01,30325.62,19483.29,100.1,conventional,2018,Spokane
8517,3/25/2018,1.15,99982.71,23281.1,29539.62,544.24,46617.75,22506.27,23986.48,125.0,conventional,2018,Spokane
8518,4/1/2018,1.29,86790.88,22550.9,24648.03,493.92,39098.03,26075.26,13002.94,19.83,conventional,2018,Spokane
8519,4/8/2018,1.08,121391.6,23440.49,33803.98,499.24,63647.89,20848.06,42402.5,397.33,conventional,2018,Spokane
8520,4/15/2018,1.16,106805.28,22500.09,31736.43,679.61,51889.15,26063.95,25727.41,97.79,conventional,2018,Spokane
8521,4/22/2018,1.11,121225.67,30961.1,41005.17,550.74,48708.66,21609.04,26865.69,233.93,conventional,2018,Spokane
8522,4/29/2018,1.27,100922.54,23589.63,28876.34,487.56,47969.01,26558.44,21323.13,87.44,conventional,2018,Spokane
8523,5/6/2018,1.09,151408.12,35704.08,50218.57,2506.44,62979.03,24554.21,38330.52,94.3,conventional,2018,Spokane
8524,5/13/2018,1.23,106878.21,23299.33,29563.68,604.83,53410.37,18364.09,34906.66,139.62,conventional,2018,Spokane
8525,5/20/2018,0.91,150147.2,31602.42,49416.39,1357.42,67770.97,19109.65,48562.29,99.03,conventional,2018,Spokane
8526,5/27/2018,1.07,132012.75,26966.9,36917.38,1027.75,67100.72,19680.48,47212.65,207.59,conventional,2018,Spokane
8527,6/3/2018,1.25,100515.79,23331.05,29561.51,536.61,47086.62,20483.03,26512.8,90.79,conventional,2018,Spokane
8528,6/10/2018,1.02,118808.16,33071.15,47230.88,534.79,37971.34,21891.3,15993.4,86.64,conventional,2018,Spokane
8529,6/17/2018,1.39,82736.12,22022.05,25034.22,185.5,35494.35,22258.89,13073.99,161.47,conventional,2018,Spokane
8530,6/24/2018,1.25,101452.61,20748.88,28235.45,257.9,52210.38,19717.9,32280.81,211.67,conventional,2018,Spokane
8531,7/1/2018,1.28,100710.21,21511.95,33170.13,439.57,45588.56,20172.06,25243.7,172.8,conventional,2018,Spokane
8532,7/8/2018,1.39,90910.2,21750.55,29136.43,3056.56,36966.66,24048.18,12176.08,742.4,conventional,2018,Spokane
8533,7/15/2018,1.28,99737.24,20361.93,33100.88,850.72,45423.71,23340.8,21766.54,316.37,conventional,2018,Spokane
8534,7/22/2018,1.28,101792.72,23001.03,31912.43,113.61,46765.65,21054.88,25624.85,85.92,conventional,2018,Spokane
8535,7/29/2018,1.39,90671.45,21233.27,30900.29,91.08,38446.81,18908.61,19387.62,150.58,conventional,2018,Spokane
8536,8/5/2018,1.4,87441.9,22237.12,28981.45,152.01,36071.32,24300.99,11611.49,158.84,conventional,2018,Spokane
8537,8/12/2018,1.31,102107.36,20464.88,30915.65,140.45,50586.38,24631.32,25925.08,29.98,conventional,2018,Spokane
8538,8/19/2018,1.37,96997.63,18778.03,29707.85,191.33,48320.42,17840.73,30361.08,118.61,conventional,2018,Spokane
8539,8/26/2018,1.47,81461.08,18681.0,26170.31,204.49,36405.28,19927.97,16425.88,51.43,conventional,2018,Spokane
8540,9/2/2018,1.5,79604.01,18970.2,26977.55,201.36,33454.9,21721.5,11687.34,46.06,conventional,2018,Spokane
8541,9/9/2018,1.53,76683.64,18163.49,25333.08,171.56,33015.51,22010.8,10911.11,93.6,conventional,2018,Spokane
8542,9/16/2018,1.52,72724.31,17525.34,23641.17,199.77,31358.03,19803.62,11537.9,16.51,conventional,2018,Spokane
8543,9/23/2018,1.5,68876.04,17875.83,19430.51,93.53,31476.17,21515.44,9955.99,4.74,conventional,2018,Spokane
8544,9/30/2018,1.34,81486.71,19607.07,20553.18,228.65,41097.81,18894.8,22167.62,35.39,conventional,2018,Spokane
8545,10/7/2018,1.36,75967.74,18122.55,18226.61,330.7,39287.88,19607.29,19549.75,130.84,conventional,2018,Spokane
8546,10/14/2018,1.41,77081.87,19252.48,19753.2,251.66,37824.53,18828.68,18873.9,121.95,conventional,2018,Spokane
8547,10/21/2018,1.36,74245.35,18443.05,19047.6,144.79,36609.91,19479.86,17112.3,17.75,conventional,2018,Spokane
8548,10/28/2018,1.11,96019.0,22239.81,24818.56,118.19,48842.44,18490.75,30259.28,92.41,conventional,2018,Spokane
8549,11/4/2018,1.22,91400.58,18721.01,22379.42,148.29,50151.86,17728.64,32379.37,43.85,conventional,2018,Spokane
8550,11/11/2018,1.32,77703.42,20045.32,20767.07,79.44,36811.59,18923.66,17775.17,112.76,conventional,2018,Spokane
8551,11/18/2018,1.45,66035.98,17374.45,16927.3,661.57,31072.66,17606.0,13420.05,46.61,conventional,2018,Spokane
8552,11/25/2018,1.32,48613.7,15013.74,11572.28,301.7,21725.98,16824.7,4859.41,41.87,conventional,2018,Spokane
8553,12/2/2018,1.28,68175.56,18986.09,17908.59,160.19,31120.69,15747.37,15346.21,27.11,conventional,2018,Spokane
8706,1/1/2018,1.14,192170.15,96909.29,6606.57,263.96,88390.33,67703.51,20686.82,0.0,conventional,2018,St. Louis
8707,1/7/2018,1.34,171869.94,93054.39,13758.41,541.05,64516.09,53120.31,11395.78,0.0,conventional,2018,St. Louis
8708,1/14/2018,1.36,171192.49,76981.79,12192.94,419.29,81598.47,65370.95,16227.52,0.0,conventional,2018,St. Louis
8709,1/21/2018,1.05,257250.2,98471.49,7427.5,582.75,150768.46,123950.8,26817.66,0.0,conventional,2018,St. Louis
8710,1/28/2018,1.24,208484.39,97083.74,7111.09,464.04,103825.52,81101.21,22724.31,0.0,conventional,2018,St. Louis
8711,2/4/2018,0.9,322673.64,174119.26,7272.61,456.41,140825.36,114234.23,26591.13,0.0,conventional,2018,St. Louis
8712,2/11/2018,1.15,174606.68,80260.52,6205.36,372.01,87768.79,67859.82,19908.97,0.0,conventional,2018,St. Louis
8713,2/18/2018,1.22,172847.28,100935.83,7745.41,388.29,63777.75,46000.98,17776.77,0.0,conventional,2018,St. Louis
8714,2/25/2018,1.29,188826.97,91834.24,12327.4,470.34,84194.99,70052.46,14017.07,125.46,conventional,2018,St. Louis
8715,3/4/2018,1.32,172050.58,67717.05,9189.29,437.35,94706.89,69210.53,16517.88,8978.48,conventional,2018,St. Louis
8716,3/11/2018,1.02,249444.49,119801.0,6013.84,404.77,123224.88,99130.17,19950.02,4144.69,conventional,2018,St. Louis
8717,3/18/2018,1.07,191261.08,90217.1,6557.08,418.97,94067.93,85441.83,8175.36,450.74,conventional,2018,St. Louis
8718,3/25/2018,1.25,165209.29,80921.04,7515.78,518.71,76253.76,65742.81,10499.14,11.81,conventional,2018,St. Louis
8719,4/1/2018,1.23,155254.2,71758.91,6810.6,574.95,76109.74,67217.33,8892.41,0.0,conventional,2018,St. Louis
8720,4/8/2018,1.29,198432.35,84648.59,13382.36,741.74,99659.66,76177.79,23479.87,2.0,conventional,2018,St. Louis
8721,4/15/2018,1.22,174418.9,73204.66,8539.31,804.91,91870.02,76362.78,14038.37,1468.87,conventional,2018,St. Louis
8722,4/22/2018,1.31,182741.77,76290.96,11039.84,817.58,94593.39,73044.1,9705.62,11843.67,conventional,2018,St. Louis
8723,4/29/2018,1.23,216822.17,100380.18,11130.4,650.71,104660.88,79527.98,12757.54,12375.36,conventional,2018,St. Louis
8724,5/6/2018,1.04,328505.11,159076.15,9551.57,776.66,159100.73,124584.92,25523.13,8992.68,conventional,2018,St. Louis
8725,5/13/2018,1.16,215518.07,90750.89,10372.31,778.96,113615.91,86956.29,25755.97,903.65,conventional,2018,St. Louis
8726,5/20/2018,1.19,206448.8,102435.22,10198.4,601.72,93213.46,69965.35,22998.91,249.2,conventional,2018,St. Louis
8727,5/27/2018,1.12,253839.12,109631.24,7692.55,789.04,135726.29,114267.75,15714.38,5744.16,conventional,2018,St. Louis
8728,6/3/2018,1.1,246076.21,104462.39,7899.4,534.36,133180.06,117386.69,9693.91,6099.46,conventional,2018,St. Louis
8729,6/10/2018,1.2,215315.35,102776.19,9459.34,60.92,103018.9,87309.51,4026.56,11682.83,conventional,2018,St. Louis
8730,6/17/2018,1.32,200609.74,90424.09,8014.91,70.29,102100.45,89442.64,2892.2,9765.61,conventional,2018,St. Louis
8731,6/24/2018,1.3,182386.66,74310.02,9297.48,309.82,98469.34,82037.73,4081.51,12350.1,conventional,2018,St. Louis
8732,7/1/2018,1.09,248958.81,102536.1,8351.23,223.38,137848.1,116895.03,11156.54,9796.53,conventional,2018,St. Louis
8733,7/8/2018,1.17,241493.7,100142.27,10606.66,379.81,130364.96,114492.49,4313.65,11558.82,conventional,2018,St. Louis
8734,7/15/2018,1.2,200890.63,88915.14,16918.15,195.43,94861.91,78967.13,8232.06,7662.72,conventional,2018,St. Louis
8735,7/22/2018,1.2,202816.3,85743.31,16448.84,84.47,100539.68,83568.42,16734.44,236.82,conventional,2018,St. Louis
8736,7/29/2018,1.19,219456.0,93437.42,15324.92,134.27,110559.39,91149.43,19106.23,303.73,conventional,2018,St. Louis
8737,8/5/2018,1.27,204269.61,94853.18,19736.69,140.45,89539.29,69490.21,19950.83,98.25,conventional,2018,St. Louis
8738,8/12/2018,1.18,230821.79,92132.02,19145.53,203.37,119340.87,89591.77,26721.15,3027.95,conventional,2018,St. Louis
8739,8/19/2018,1.27,208794.64,73614.67,20052.36,637.59,114490.02,87687.28,14514.33,12288.41,conventional,2018,St. Louis
8740,8/26/2018,1.43,187895.97,62738.57,25494.13,666.82,98996.45,77425.4,7666.49,13904.56,conventional,2018,St. Louis
8741,9/2/2018,1.47,180113.07,56310.92,21533.15,591.52,101677.48,76840.62,11615.9,13220.96,conventional,2018,St. Louis
8742,9/9/2018,1.28,222388.01,93842.48,25983.47,666.95,101895.11,76884.39,13778.26,11232.46,conventional,2018,St. Louis
8743,9/16/2018,1.38,177315.32,59441.71,26137.94,725.19,91010.48,70419.87,11688.27,8902.34,conventional,2018,St. Louis
8744,9/23/2018,1.41,173403.92,66351.18,26037.62,597.2,80417.92,56454.98,12944.09,11018.85,conventional,2018,St. Louis
8745,9/30/2018,1.19,199400.22,108415.99,17983.89,459.23,72541.11,53717.3,11042.72,7781.09,conventional,2018,St. Louis
8746,10/7/2018,1.36,168220.26,82492.8,13734.81,731.4,71261.25,59118.07,2567.72,9575.46,conventional,2018,St. Louis
8747,10/14/2018,1.2,183257.19,93404.86,11906.67,502.6,77443.06,65694.78,11299.32,448.96,conventional,2018,St. Louis
8748,10/21/2018,1.13,183735.63,78834.33,8095.57,548.2,96257.53,79245.63,17011.9,0.0,conventional,2018,St. Louis
8749,10/28/2018,0.99,228513.62,114286.32,10694.61,636.58,102896.11,84767.33,18128.78,0.0,conventional,2018,St. Louis
8750,11/4/2018,1.14,174727.44,84595.91,10502.77,506.58,79122.18,56156.25,22965.93,0.0,conventional,2018,St. Louis
8751,11/11/2018,1.08,189657.69,89291.85,9791.77,634.62,89939.45,72812.24,17120.54,6.67,conventional,2018,St. Louis
8752,11/18/2018,1.36,138278.27,64034.05,5916.09,592.63,67735.5,57911.43,9824.07,0.0,conventional,2018,St. Louis
8753,11/25/2018,1.6,89186.9,41870.69,8727.73,653.66,37934.82,28403.32,9531.5,0.0,conventional,2018,St. Louis
8754,12/2/2018,1.64,116743.2,47407.21,9893.89,695.71,58746.39,36825.22,21917.84,3.33,conventional,2018,St. Louis
