Laura/avocado_sales_2018.csv
,Date,AveragePrice,Total Volume,4046,4225,4770,Total Bags,Small Bags,Large Bags,XLarge Bags,type,year,region
9011,1/1/2018,1.39,59077.02,2596.63,41694.13,23.2,14763.06,11544.79,3218.27,0.0,conventional,2018,Syracuse
9012,1/7/2018,1.21,68938.02,3687.73,46420.2,60.09,18770.0,5075.27,13694.73,0.0,conventional,2018,Syracuse
9013,1/14/2018,1.31,79367.52,3452.94,45825.51,72.86,30016.21,14827.72,15188.49,0.0,conventional,2018,Syracuse
9014,1/21/2018,1.45,84994.86,3424.37,55184.65,81.92,26303.92,11894.14,14409.78,0.0,conventional,2018,Syracuse
9015,1/28/2018,1.34,73320.15,3345.87,42297.35,62.85,27614.08,5723.16,21890.92,0.0,conventional,2018,Syracuse
9016,2/4/2018,1.15,113023.35,5795.04,77127.19,87.42,30013.7,7708.12,22305.58,0.0,conventional,2018,Syracuse
9017,2/11/2018,1.3,78222.88,8860.55,46499.73,87.27,22775.33,12967.57,9807.76,0.0,conventional,2018,Syracuse
9018,2/18/2018,1.3,65757.32,5423.11,33613.93,74.65,26645.63,16019.89,10625.74,0.0,conventional,2018,Syracuse
9019,2/25/2018,1.24,68888.16,7676.62,31987.77,94.31,29129.46,20766.25,8363.21,0.0,conventional,2018,Syracuse
9020,3/4/2018,1.1,89700.27,7365.24,50900.41,81.18,31353.44,9960.15,21393.29,0.0,conventional,2018,Syracuse
9021,3/11/2018,1.12,90823.29,9823.97,45835.73,107.7,35055.89,20163.08,14891.7,1.11,conventional,2018,Syracuse
9022,3/18/2018,1.2,71732.63,8952.71,33509.12,83.0,29187.8,9185.93,20001.87,0.0,conventional,2018,Syracuse
9023,3/25/2018,1.38,93961.48,10004.38,57087.01,102.7,26767.39,11836.12,14931.27,0.0,conventional,2018,Syracuse
9024,4/1/2018,1.16,90940.67,9117.76,43350.83,93.96,38378.12,20706.5,17671.62,0.0,conventional,2018,Syracuse
9025,4/8/2018,1.09,84904.58,9266.65,45294.85,136.68,30206.4,17079.39,13127.01,0.0,conventional,2018,Syracuse
9026,4/15/2018,1.28,104622.32,11655.48,57308.39,196.0,35462.45,11710.69,23751.76,0.0,conventional,2018,Syracuse
9027,4/22/2018,1.19,89555.63,9674.6,42876.68,536.03,36468.32,9473.88,26994.44,0.0,conventional,2018,Syracuse
9028,4/29/2018,1.05,100592.67,11601.87,54174.74,168.0,34648.06,7659.66,26988.4,0.0,conventional,2018,Syracuse
9029,5/6/2018,1.09,115458.78,12284.78,63510.57,333.64,39329.79,10503.51,28826.28,0.0,conventional,2018,Syracuse
9030,5/13/2018,1.16,105255.03,13650.82,47298.41,251.19,44054.61,19990.7,24063.91,0.0,conventional,2018,Syracuse
9031,5/20/2018,1.25,98927.43,10523.24,51050.9,173.77,37179.52,10744.66,26434.86,0.0,conventional,2018,Syracuse
9032,5/27/2018,1.15,97463.68,12448.05,51987.07,225.14,32803.42,9983.8,22819.62,0.0,conventional,2018,Syracuse
9033,6/3/2018,1.16,101726.09,12440.56,45651.82,187.46,43446.25,16828.55,26604.37,13.33,conventional,2018,Syracuse
9034,6/10/2018,1.05,109568.09,11989.55,50950.3,6.46,46621.78,33355.32,13203.13,63.33,conventional,2018,Syracuse
9035,6/17/2018,1.17,111442.56,11335.32,55298.94,4.0,44804.3,24527.54,20206.76,70.0,conventional,2018,Syracuse
9036,6/24/2018,1.19,89337.5,11183.59,37179.08,14.0,40960.83,10766.38,30120.01,74.44,conventional,2018,Syracuse
9037,7/1/2018,1.18,100778.64,10656.61,48229.96,5.0,41887.07,24120.19,17766.88,0.0,conventional,2018,Syracuse
9038,7/8/2018,1.16,104238.48,8543.7,48941.2,14.35,46739.23,20476.54,26262.69,0.0,conventional,2018,Syracuse
9039,7/15/2018,1.25,93187.98,4577.77,50251.64,16.0,38342.57,24929.02,13356.88,56.67,conventional,2018,Syracuse
9040,7/22/2018,1.14,92132.75,4054.23,48073.95,23.33,39981.24,24342.76,15591.81,46.67,conventional,2018,Syracuse
9041,7/29/2018,1.14,96782.61,3962.93,54491.29,10.33,38318.06,28880.46,9334.27,103.33,conventional,2018,Syracuse
9042,8/5/2018,1.26,83672.83,3513.88,40105.09,12.96,40040.9,35366.61,4577.62,96.67,conventional,2018,Syracuse
9043,8/12/2018,1.29,97094.14,4143.36,55905.39,28.0,37017.39,33392.42,3494.97,130.0,conventional,2018,Syracuse
9044,8/19/2018,1.2,82055.83,4791.91,38478.57,133.95,38651.4,33845.86,4722.21,83.33,conventional,2018,Syracuse
9045,8/26/2018,1.11,91300.75,3246.44,50434.44,181.09,37438.78,34358.21,2950.57,130.0,conventional,2018,Syracuse
9046,9/2/2018,1.31,79124.36,3349.17,39850.46,111.02,35813.71,31496.91,4206.8,110.0,conventional,2018,Syracuse
9047,9/9/2018,1.37,92225.68,2880.55,56045.93,86.0,33213.2,29203.8,3669.4,340.0,conventional,2018,Syracuse
9048,9/16/2018,1.19,73146.64,2243.73,33698.34,92.0,37112.57,31736.74,5199.16,176.67,conventional,2018,Syracuse
9049,9/23/2018,1.19,73376.25,2870.81,34573.92,117.35,35814.17,32470.12,3197.38,146.67,conventional,2018,Syracuse
9050,9/30/2018,1.37,83218.01,1762.93,47056.13,69.0,34329.95,30927.63,3345.65,56.67,conventional,2018,Syracuse
9051,10/7/2018,1.2,70491.3,1980.94,34235.33,72.0,34203.03,30437.54,3765.49,0.0,conventional,2018,Syracuse
9052,10/14/2018,1.2,72741.7,2026.34,32585.96,92.38,38037.02,32390.76,5646.26,0.0,conventional,2018,Syracuse
9053,10/21/2018,1.16,74362.5,2109.56,39918.68,75.0,32259.26,28988.58,3270.68,0.0,conventional,2018,Syracuse
9054,10/28/2018,1.16,72021.71,2819.1,35980.49,65.0,33157.12,28654.46,4502.66,0.0,conventional,2018,Syracuse
9055,11/4/2018,1.15,73522.0,3982.03,37165.06,94.0,32280.91,19164.59,13116.32,0.0,conventional,2018,Syracuse
9056,11/11/2018,1.17,76044.27,4305.13,39442.91,71.0,32225.23,18187.29,14037.94,0.0,conventional,2018,Syracuse
9057,11/18/2018,1.19,70076.72,3846.96,34655.84,84.0,31489.92,27191.11,4298.81,0.0,conventional,2018,Syracuse
9058,11/25/2018,1.64,43609.54,2650.42,28647.08,101.12,12210.92,8295.39,3915.53,0.0,conventional,2018,Syracuse
9059,12/2/2018,1.42,57490.62,5853.54,28512.23,70.76,23054.09,12274.57,10779.52,0.0,conventional,2018,Syracuse
9264,1/1/2018,1.16,548933.38,364499.92,55831.33,610.57,127991.56,59003.18,68988.38,0.0,conventional,2018,Tampa
9265,1/7/2018,1.2,484007.91,317536.23,44226.34,1046.81,121198.53,68969.54,52215.66,13.33,conventional,2018,Tampa
9266,1/14/2018,1.41,446629.55,286535.45,36727.96,1153.0,122213.14,76263.43,45949.71,0.0,conventional,2018,Tampa
9267,1/21/2018,1.17,577173.29,375284.99,50138.85,1076.25,150673.2,76281.04,74392.16,0.0,conventional,2018,Tampa
9268,1/28/2018,1.36,461179.38,294233.52,36783.53,958.61,129203.72,77554.08,51622.97,26.67,conventional,2018,Tampa
9269,2/4/2018,0.98,853642.9,564685.19,79267.58,1096.9,208593.23,91618.58,116804.65,170.0,conventional,2018,Tampa
9270,2/11/2018,1.0,569543.02,364195.92,46814.57,1035.27,157497.26,82780.08,74593.85,123.33,conventional,2018,Tampa
9271,2/18/2018,1.33,442206.63,274990.42,33938.4,1121.33,132156.48,82223.49,49809.66,123.33,conventional,2018,Tampa
9272,2/25/2018,1.3,484876.62,308452.46,39379.53,1251.31,135793.32,96039.07,39654.25,100.0,conventional,2018,Tampa
9273,3/4/2018,1.14,597351.68,372631.01,48784.93,1465.95,174469.79,88569.48,85746.97,153.34,conventional,2018,Tampa
9274,3/11/2018,1.16,580771.43,372746.58,45277.75,1442.66,161304.44,92677.26,68493.85,133.33,conventional,2018,Tampa
9275,3/18/2018,1.13,574380.46,372785.73,43017.73,1301.33,157275.67,93201.11,63924.56,150.0,conventional,2018,Tampa
9276,3/25/2018,1.33,469300.74,289527.11,33226.48,1342.31,145204.84,87355.05,57643.12,206.67,conventional,2018,Tampa
9277,4/1/2018,1.29,512191.03,330597.2,36285.49,1447.99,143860.35,99294.3,44422.72,143.33,conventional,2018,Tampa
9278,4/8/2018,1.31,504053.15,312496.2,35860.27,1457.56,154239.12,90329.11,63683.34,226.67,conventional,2018,Tampa
9279,4/15/2018,1.09,646487.22,422259.36,48398.7,1752.91,174076.25,103613.94,70292.31,170.0,conventional,2018,Tampa
9280,4/22/2018,1.34,506539.5,328850.96,32772.03,1705.47,143211.04,85161.04,57883.33,166.67,conventional,2018,Tampa
9281,4/29/2018,1.1,707713.59,454561.43,53075.55,1824.15,198252.46,92277.4,105785.06,190.0,conventional,2018,Tampa
9282,5/6/2018,0.95,839628.48,547096.41,67799.38,1790.65,222942.04,98687.17,123854.87,400.0,conventional,2018,Tampa
9283,5/13/2018,1.31,484405.57,311263.87,31561.65,1620.21,139959.84,80039.98,59693.19,226.67,conventional,2018,Tampa
9284,5/20/2018,1.09,635027.1,409567.37,45449.86,1504.79,178505.08,88087.77,90260.64,156.67,conventional,2018,Tampa
9285,5/27/2018,1.29,526122.38,342542.58,37506.01,1775.28,144298.51,82324.7,61813.81,160.0,conventional,2018,Tampa
9286,6/3/2018,1.1,638461.97,410736.66,44926.38,1245.48,181553.45,88055.56,93367.89,130.0,conventional,2018,Tampa
9287,6/10/2018,1.29,511870.17,335279.95,32513.44,203.62,143873.16,77352.3,66337.53,183.33,conventional,2018,Tampa
9288,6/17/2018,1.1,643041.99,414546.07,45967.15,412.5,182116.27,90011.87,91941.07,163.33,conventional,2018,Tampa
9289,6/24/2018,1.27,540337.08,344130.66,34452.22,556.48,161197.72,94775.59,66335.46,86.67,conventional,2018,Tampa
9290,7/1/2018,0.94,754434.07,475565.54,53057.43,352.42,225458.68,95464.35,129817.67,176.66,conventional,2018,Tampa
9291,7/8/2018,1.24,540541.22,335832.61,34429.79,462.81,169816.01,90636.95,78912.39,266.67,conventional,2018,Tampa
9292,7/15/2018,1.3,510404.83,305797.38,30192.12,384.44,174030.89,84455.21,89479.01,96.67,conventional,2018,Tampa
9293,7/22/2018,1.28,531432.55,328953.58,31631.49,958.57,169888.91,71100.13,96985.45,1803.33,conventional,2018,Tampa
9294,7/29/2018,1.33,501392.29,310052.64,31956.07,848.64,158534.94,64863.28,86816.11,6855.55,conventional,2018,Tampa
9295,8/5/2018,1.32,511113.09,309669.74,32624.0,1101.46,167717.89,64142.38,95517.73,8057.78,conventional,2018,Tampa
9296,8/12/2018,1.33,493599.48,300447.62,29796.93,528.6,162826.33,65923.93,88385.73,8516.67,conventional,2018,Tampa
9297,8/19/2018,1.31,508733.77,289193.56,48735.04,2256.48,168548.69,80285.94,80020.53,8242.22,conventional,2018,Tampa
9298,8/26/2018,1.54,419999.26,232389.79,53313.07,2328.67,131967.73,57515.33,65029.07,9423.33,conventional,2018,Tampa
9299,9/2/2018,1.53,440664.37,255154.33,56280.04,1984.69,127245.31,53000.18,64664.02,9581.11,conventional,2018,Tampa
9300,9/9/2018,1.3,423327.47,237317.34,54907.98,2253.44,128848.71,53122.64,69630.51,6095.56,conventional,2018,Tampa
9301,9/16/2018,1.01,668492.01,394227.9,65454.75,2912.17,205897.19,58625.03,136301.04,10971.12,conventional,2018,Tampa
9302,9/23/2018,1.27,396533.89,222940.28,34598.0,2482.64,136512.97,63146.81,66987.27,6378.89,conventional,2018,Tampa
9303,9/30/2018,1.0,648479.5,381184.48,46755.21,2392.8,218147.01,70416.55,139802.68,7927.78,conventional,2018,Tampa
9304,10/7/2018,1.28,410085.75,235922.92,27937.11,2123.48,144102.24,65190.63,70376.06,8535.55,conventional,2018,Tampa
9305,10/14/2018,0.96,613939.25,363331.27,41560.99,2010.27,207036.72,78227.83,124418.89,4390.0,conventional,2018,Tampa
9306,10/21/2018,1.26,360232.87,201434.28,20155.73,2102.68,136540.18,72971.93,61260.47,2307.78,conventional,2018,Tampa
9307,10/28/2018,0.81,711119.05,425156.22,43555.76,2164.42,240242.65,86172.41,154032.46,37.78,conventional,2018,Tampa
9308,11/4/2018,0.95,607562.45,362383.92,38697.85,1681.69,204798.99,86084.27,118712.5,2.22,conventional,2018,Tampa
9309,11/11/2018,1.22,407200.59,232456.65,20881.64,1830.53,152031.77,82684.03,69347.74,0.0,conventional,2018,Tampa
9310,11/18/2018,1.13,379373.39,243828.43,23177.26,1369.23,110998.47,43690.16,67301.64,6.67,conventional,2018,Tampa
9311,11/25/2018,1.17,303430.37,205606.51,21934.07,1006.89,74882.9,10050.38,64832.52,0.0,conventional,2018,Tampa
9312,12/2/2018,1.17,395169.69,240835.41,22995.96,1921.43,129416.89,48038.64,81378.25,0.0,conventional,2018,Tampa
9517,1/1/2018,1.46,3463.85,18.12,198.16,0.0,3247.57,3247.57,0.0,0.0,organic,2018,Albany
9518,1/7/2018,1.54,4816.9,43.51,412.17,0.0,4361.22,4357.89,3.33,0.0,organic,2018,Albany
9519,1/14/2018,1.47,4140.95,7.3,301.87,0.0,3831.78,3831.78,0.0,0.0,organic,2018,Albany
9520,1/21/2018,1.54,3346.54,14.67,253.01,0.0,3078.86,3078.86,0.0,0.0,organic,2018,Albany
9521,1/28/2018,1.32,6987.56,433.66,374.96,0.0,6178.94,6178.94,0.0,0.0,organic,2018,Albany
9522,2/4/2018,1.52,4124.96,118.38,420.36,0.0,3586.22,3586.22,0.0,0.0,organic,2018,Albany
9523,2/11/2018,1.43,3817.93,59.18,289.85,0.0,3468.9,3468.9,0.0,0.0,organic,2018,Albany
9524,2/18/2018,1.43,7566.17,4314.3,251.85,0.0,3000.02,3000.02,0.0,0.0,organic,2018,Albany
9525,2/25/2018,1.56,5356.63,816.56,532.59,0.0,4007.48,4007.48,0.0,0.0,organic,2018,Albany
9526,3/4/2018,1.48,3851.3,311.55,296.77,0.0,3242.98,3239.65,3.33,0.0,organic,2018,Albany
9527,3/11/2018,1.68,2570.52,131.67,229.56,0.0,2209.29,2209.29,0.0,0.0,organic,2018,Albany
9528,3/18/2018,1.66,3154.45,275.89,297.96,0.0,2580.6,2577.27,3.33,0.0,organic,2018,Albany
9529,3/25/2018,1.71,2321.82,42.95,272.41,0.0,2006.46,1996.46,10.0,0.0,organic,2018,Albany
9530,4/1/2018,1.67,2866.94,151.79,269.7,0.0,2445.45,2442.12,3.33,0.0,organic,2018,Albany
9531,4/8/2018,1.69,2435.25,70.25,208.29,0.0,2156.71,2156.71,0.0,0.0,organic,2018,Albany
9532,4/15/2018,1.77,3555.4,53.81,857.62,0.0,2643.97,2643.97,0.0,0.0,organic,2018,Albany
9533,4/22/2018,1.48,3147.21,195.24,269.14,0.0,2682.83,2682.83,0.0,0.0,organic,2018,Albany
9534,4/29/2018,1.79,2769.35,37.99,477.36,0.0,2254.0,2254.0,0.0,0.0,organic,2018,Albany
9535,5/6/2018,1.68,2510.31,37.95,248.07,0.0,2224.29,2224.29,0.0,0.0,organic,2018,Albany
9536,5/13/2018,1.45,4183.94,115.46,408.34,0.0,3660.14,3660.14,0.0,0.0,organic,2018,Albany
9537,5/20/2018,1.5,3861.7,87.19,445.36,0.0,3329.15,3325.82,3.33,0.0,organic,2018,Albany
9538,5/27/2018,1.64,3389.44,46.89,273.94,0.0,3068.61,3065.28,3.33,0.0,organic,2018,Albany
9539,6/3/2018,1.64,3508.21,241.35,276.88,0.0,2989.98,2986.65,3.33,0.0,organic,2018,Albany
9540,6/10/2018,1.68,3140.14,28.76,396.27,0.0,2715.11,2715.11,0.0,0.0,organic,2018,Albany
9541,6/17/2018,1.66,2684.4,216.41,298.63,0.0,2169.36,2169.36,0.0,0.0,organic,2018,Albany
9542,6/24/2018,1.64,2835.91,60.87,265.41,0.0,2509.63,2509.63,0.0,0.0,organic,2018,Albany
9543,7/1/2018,1.57,3276.81,64.18,204.1,0.0,3008.53,3005.2,3.33,0.0,organic,2018,Albany
9544,7/8/2018,1.64,2635.18,115.83,242.46,0.0,2276.89,2276.89,0.0,0.0,organic,2018,Albany
9545,7/15/2018,1.59,3087.19,146.18,224.22,0.0,2716.79,2716.79,0.0,0.0,organic,2018,Albany
9546,7/22/2018,1.42,4377.42,64.98,198.47,0.0,4113.97,4113.97,0.0,0.0,organic,2018,Albany
9547,7/29/2018,1.57,3094.9,103.77,224.04,0.0,2767.09,2767.09,0.0,0.0,organic,2018,Albany
9548,8/5/2018,1.71,2670.35,45.94,433.47,0.0,2190.94,2187.61,3.33,0.0,organic,2018,Albany
9549,8/12/2018,1.65,2337.09,17.66,434.39,0.0,1885.04,1841.71,43.33,0.0,organic,2018,Albany
9550,8/19/2018,1.64,2707.01,30.7,516.02,0.0,2160.29,2133.63,26.66,0.0,organic,2018,Albany
9551,8/26/2018,1.71,2088.44,99.4,473.34,0.0,1515.7,1445.7,70.0,0.0,organic,2018,Albany
9552,9/2/2018,1.72,3428.71,44.08,756.48,0.0,2628.15,2608.15,20.0,0.0,organic,2018,Albany
9553,9/9/2018,1.69,3200.4,29.71,525.26,0.0,2645.43,2645.43,0.0,0.0,organic,2018,Albany
9554,9/16/2018,1.63,2669.46,13.17,379.59,0.0,2276.7,2266.7,10.0,0.0,organic,2018,Albany
9555,9/23/2018,1.66,3088.74,31.52,473.96,0.0,2583.26,2583.26,0.0,0.0,organic,2018,Albany
9556,9/30/2018,1.66,3080.77,31.58,567.26,0.0,2481.93,2481.93,0.0,0.0,organic,2018,Albany
9557,10/7/2018,1.39,4460.45,14.76,389.82,0.0,4055.87,4055.87,0.0,0.0,organic,2018,Albany
9558,10/14/2018,1.45,4004.28,62.79,299.15,0.0,3642.34,3642.34,0.0,0.0,organic,2018,Albany
9559,10/21/2018,1.45,3216.01,42.73,334.01,0.0,2839.27,2839.27,0.0,0.0,organic,2018,Albany
9560,10/28/2018,1.49,3766.44,22.52,497.99,0.0,3245.93,3245.93,0.0,0.0,organic,2018,Albany
9561,11/4/2018,1.61,3541.7,33.7,647.73,0.0,2860.27,2860.27,0.0,0.0,organic,2018,Albany
9562,11/11/2018,1.59,3246.26,23.94,550.59,0.0,2671.73,2671.73,0.0,0.0,organic,2018,Albany
9563,11/18/2018,1.4,5629.44,1902.96,594.36,0.0,3132.12,3132.12,0.0,0.0,organic,2018,Albany
9564,11/25/2018,1.46,3153.95,54.3,207.08,0.0,2892.57,2892.57,0.0,0.0,organic,2018,Albany
9565,12/2/2018,1.4,5448.5,23.8,444.75,0.0,4979.95,4979.95,0.0,0.0,organic,2018,Albany
