Laura/avocado_sales_2018.csv
,Date,AveragePrice,Total Volume,4046,4225,4770,Total Bags,Small Bags,Large Bags,XLarge Bags,type,year,region
9770,1/1/2018,1.28,17217.91,331.16,3474.3,0.0,13412.45,11486.03,1926.42,0.0,organic,2018,Atlanta
9771,1/7/2018,1.53,15714.11,405.37,4195.19,0.0,11113.55,7883.61,3229.94,0.0,organic,2018,Atlanta
9772,1/14/2018,1.56,16151.7,291.55,3583.4,0.0,12276.75,7227.8,5048.95,0.0,organic,2018,Atlanta
9773,1/21/2018,1.64,18554.97,349.05,3967.66,0.0,14238.26,6204.43,8033.83,0.0,organic,2018,Atlanta
9774,1/28/2018,1.67,14446.26,390.17,5130.48,0.0,8925.61,5602.18,3323.43,0.0,organic,2018,Atlanta
9775,2/4/2018,1.62,11900.41,384.29,4042.55,0.0,7473.57,5731.98,1741.59,0.0,organic,2018,Atlanta
9776,2/11/2018,1.55,14843.93,384.86,3957.78,0.0,10501.29,7478.35,3022.94,0.0,organic,2018,Atlanta
9777,2/18/2018,1.56,11165.57,429.96,4037.32,0.0,6698.29,5920.95,777.34,0.0,organic,2018,Atlanta
9778,2/25/2018,1.55,15348.44,530.19,5122.82,0.0,9695.43,9065.3,630.13,0.0,organic,2018,Atlanta
9779,3/4/2018,1.66,17082.0,597.4,5315.48,0.0,11169.12,9691.97,1477.15,0.0,organic,2018,Atlanta
9780,3/11/2018,1.43,23042.99,590.29,5224.55,0.0,17228.15,16438.54,789.61,0.0,organic,2018,Atlanta
9781,3/18/2018,1.48,19014.68,626.28,5411.88,0.0,12976.52,9134.72,3841.8,0.0,organic,2018,Atlanta
9782,3/25/2018,1.56,18717.08,469.23,3942.82,0.0,14305.03,9398.45,4906.58,0.0,organic,2018,Atlanta
9783,4/1/2018,1.6,20104.16,530.93,4787.4,0.0,14785.83,12021.66,2764.17,0.0,organic,2018,Atlanta
9784,4/8/2018,1.31,28157.07,502.92,7003.27,0.0,20650.88,15064.51,5586.37,0.0,organic,2018,Atlanta
9785,4/15/2018,1.29,38743.4,293.66,7004.11,0.0,31445.63,25072.38,6373.25,0.0,organic,2018,Atlanta
9786,4/22/2018,1.61,25571.95,257.37,4658.89,0.0,20655.69,9343.93,11311.76,0.0,organic,2018,Atlanta
9787,4/29/2018,1.64,20452.28,253.26,5641.18,0.0,14557.84,7688.26,6869.58,0.0,organic,2018,Atlanta
9788,5/6/2018,1.65,24728.03,263.68,5312.1,0.0,19152.25,7400.78,11751.47,0.0,organic,2018,Atlanta
9789,5/13/2018,1.6,21427.82,240.58,4520.3,0.0,16666.94,7666.71,9000.23,0.0,organic,2018,Atlanta
9790,5/20/2018,1.55,20399.02,205.42,4702.85,0.0,15490.75,8701.79,6788.96,0.0,organic,2018,Atlanta
9791,5/27/2018,1.47,18027.53,234.18,6505.65,0.0,11287.7,6479.58,4808.12,0.0,organic,2018,Atlanta
9792,6/3/2018,1.46,22976.69,272.64,6339.58,0.0,16364.47,7524.31,8840.16,0.0,organic,2018,Atlanta
9793,6/10/2018,1.63,25076.75,426.59,5841.36,0.0,18808.8,8887.34,9921.46,0.0,organic,2018,Atlanta
9794,6/17/2018,1.59,23926.55,463.31,5424.3,0.0,18038.94,8208.41,9830.53,0.0,organic,2018,Atlanta
9795,6/24/2018,1.49,21851.25,175.61,5477.13,0.0,16198.51,9220.7,6977.81,0.0,organic,2018,Atlanta
9796,7/1/2018,1.45,21252.27,122.52,5383.74,0.0,15746.01,9565.81,6180.2,0.0,organic,2018,Atlanta
9797,7/8/2018,1.44,24983.53,148.97,5288.38,0.0,19546.18,10471.69,9074.49,0.0,organic,2018,Atlanta
9798,7/15/2018,1.5,23868.67,311.33,5448.7,0.0,18108.64,9797.46,8311.18,0.0,organic,2018,Atlanta
9799,7/22/2018,1.5,23256.5,267.97,5368.33,0.0,17620.2,9277.4,8342.8,0.0,organic,2018,Atlanta
9800,7/29/2018,1.6,25574.11,167.89,5573.82,0.0,19832.4,8025.21,11807.19,0.0,organic,2018,Atlanta
9801,8/5/2018,1.66,26108.87,151.55,5848.85,0.0,20108.47,6392.64,13715.83,0.0,organic,2018,Atlanta
9802,8/12/2018,1.45,21313.7,210.0,8464.93,0.0,12638.77,6498.09,6140.68,0.0,organic,2018,Atlanta
9803,8/19/2018,1.4,21721.58,207.71,7091.63,0.0,14422.24,11132.47,3289.77,0.0,organic,2018,Atlanta
9804,8/26/2018,1.66,17101.33,243.39,6180.36,0.0,10677.58,6566.91,4110.67,0.0,organic,2018,Atlanta
9805,9/2/2018,1.72,24385.84,170.94,5899.35,0.0,18315.55,8102.25,10213.3,0.0,organic,2018,Atlanta
9806,9/9/2018,1.76,14261.41,223.94,6299.82,0.0,7737.65,5477.08,2260.57,0.0,organic,2018,Atlanta
9807,9/16/2018,1.74,19378.34,282.54,6396.21,0.0,12699.59,7150.82,5548.77,0.0,organic,2018,Atlanta
9808,9/23/2018,1.7,19385.87,352.1,5347.96,0.0,13685.81,7230.69,6455.12,0.0,organic,2018,Atlanta
9809,9/30/2018,1.69,17326.36,173.02,5042.95,0.0,12110.39,6144.37,5966.02,0.0,organic,2018,Atlanta
9810,10/7/2018,1.7,19639.59,168.27,4874.67,0.0,14596.65,6611.39,7985.26,0.0,organic,2018,Atlanta
9811,10/14/2018,1.66,17647.23,122.54,4256.77,0.0,13267.92,6784.1,6483.82,0.0,organic,2018,Atlanta
9812,10/21/2018,1.65,14572.33,196.79,4436.41,0.0,9939.13,6126.19,3812.94,0.0,organic,2018,Atlanta
9813,10/28/2018,1.61,13503.8,293.93,4613.44,0.0,8596.43,6459.17,2137.26,0.0,organic,2018,Atlanta
9814,11/4/2018,1.53,16245.68,188.02,4661.62,0.0,11396.04,6989.87,4406.17,0.0,organic,2018,Atlanta
9815,11/11/2018,1.55,17997.22,239.93,4665.19,0.0,13092.1,5914.35,7177.75,0.0,organic,2018,Atlanta
9816,11/18/2018,1.65,18972.76,228.5,4189.1,0.0,14555.16,7595.99,6959.17,0.0,organic,2018,Atlanta
9817,11/25/2018,1.73,11811.4,139.58,3746.11,0.0,7925.71,3711.1,4214.61,0.0,organic,2018,Atlanta
9818,12/2/2018,1.73,12014.36,194.84,4103.36,0.0,7716.16,3626.46,4089.7,0.0,organic,2018,Atlanta
10023,1/1/2018,1.72,2017.17,78.28,646.17,0.0,1292.72,213.18,1079.54,0.0,organic,2018,Boise
10024,1/7/2018,1.77,2553.9,42.6,949.08,0.0,1562.22,552.06,1010.16,0.0,organic,2018,Boise
10025,1/14/2018,1.81,2130.13,51.93,802.89,0.0,1275.31,350.29,925.02,0.0,organic,2018,Boise
10026,1/21/2018,1.81,2446.13,41.05,577.32,0.0,1827.76,284.43,1541.86,1.47,organic,2018,Boise
10027,1/28/2018,1.78,2419.64,52.42,580.64,0.0,1786.58,294.66,1490.43,1.49,organic,2018,Boise
10028,2/4/2018,1.8,2594.9,76.84,590.46,0.0,1927.6,492.63,1376.55,58.42,organic,2018,Boise
10029,2/11/2018,1.8,2855.33,46.25,791.61,0.0,2017.47,666.38,1351.09,0.0,organic,2018,Boise
10030,2/18/2018,1.82,2275.91,72.52,810.01,0.0,1393.38,725.39,667.99,0.0,organic,2018,Boise
10031,2/25/2018,1.82,2430.16,69.78,745.69,0.0,1614.69,472.96,1141.73,0.0,organic,2018,Boise
10032,3/4/2018,1.79,2980.6,109.72,904.11,0.0,1966.77,526.56,1440.21,0.0,organic,2018,Boise
10033,3/11/2018,1.8,3447.36,98.9,926.28,0.0,2422.18,664.03,1758.15,0.0,organic,2018,Boise
10034,3/18/2018,1.85,2550.59,89.14,898.36,0.0,1563.09,287.9,1258.17,17.02,organic,2018,Boise
10035,3/25/2018,1.81,3119.2,76.12,1006.43,0.0,2036.65,618.64,1418.01,0.0,organic,2018,Boise
10036,4/1/2018,1.82,2245.59,69.11,888.37,0.0,1288.11,443.41,844.7,0.0,organic,2018,Boise
10037,4/8/2018,1.84,2664.86,1.43,1403.62,0.0,1259.81,484.78,775.03,0.0,organic,2018,Boise
10038,4/15/2018,1.82,2788.3,0.0,1168.14,0.0,1620.16,633.93,986.23,0.0,organic,2018,Boise
10039,4/22/2018,1.81,2944.53,0.0,1137.06,0.0,1807.47,655.03,1152.44,0.0,organic,2018,Boise
10040,4/29/2018,1.82,3207.63,1.41,1153.86,0.0,2052.36,560.54,1491.82,0.0,organic,2018,Boise
10041,5/6/2018,1.82,3390.62,0.0,1370.38,0.0,2020.24,492.95,1527.29,0.0,organic,2018,Boise
10042,5/13/2018,1.79,3371.92,0.0,981.72,0.0,2390.2,586.89,1803.31,0.0,organic,2018,Boise
10043,5/20/2018,1.8,3245.93,0.0,1013.57,0.0,2232.36,624.96,1607.4,0.0,organic,2018,Boise
10044,5/27/2018,1.59,4128.55,0.0,999.44,0.0,3129.11,947.23,2181.88,0.0,organic,2018,Boise
10045,6/3/2018,1.61,4035.51,0.0,1052.65,0.0,2982.86,844.11,2138.75,0.0,organic,2018,Boise
10046,6/10/2018,1.78,3514.84,0.0,778.72,0.0,2736.12,654.64,2079.98,1.5,organic,2018,Boise
10047,6/17/2018,1.79,3410.09,0.0,919.08,0.0,2491.01,733.77,1707.97,49.27,organic,2018,Boise
10048,6/24/2018,1.8,3457.43,0.0,1022.19,0.0,2435.24,627.59,1779.22,28.43,organic,2018,Boise
10049,7/1/2018,1.81,3272.78,0.0,1060.01,0.0,2212.77,616.27,1587.46,9.04,organic,2018,Boise
10050,7/8/2018,1.77,3646.62,0.0,1073.0,0.0,2573.62,934.32,1639.3,0.0,organic,2018,Boise
10051,7/15/2018,1.77,3297.61,0.0,793.98,0.0,2503.63,848.75,1654.88,0.0,organic,2018,Boise
10052,7/22/2018,1.77,3539.96,0.0,1046.16,0.0,2493.8,984.04,1509.76,0.0,organic,2018,Boise
10053,7/29/2018,1.79,3728.47,0.0,1263.94,0.0,2464.53,805.36,1659.17,0.0,organic,2018,Boise
10054,8/5/2018,1.8,3507.48,0.0,1344.78,0.0,2162.7,879.8,1282.9,0.0,organic,2018,Boise
10055,8/12/2018,1.69,4392.96,0.0,957.49,0.0,3435.47,1195.09,2240.38,0.0,organic,2018,Boise
10056,8/19/2018,1.96,3160.3,0.0,1074.18,0.0,2086.12,418.85,1667.27,0.0,organic,2018,Boise
10057,8/26/2018,2.15,3002.98,0.0,1838.28,0.0,1164.7,793.6,371.1,0.0,organic,2018,Boise
10058,9/2/2018,2.11,3911.14,0.0,1226.21,0.0,2684.93,1061.83,1605.33,17.77,organic,2018,Boise
10059,9/9/2018,2.1,3329.47,0.0,981.09,0.0,2348.38,1017.38,1331.0,0.0,organic,2018,Boise
10060,9/16/2018,2.06,3867.05,0.0,1134.8,0.0,2732.25,1336.64,1395.61,0.0,organic,2018,Boise
10061,9/23/2018,2.09,3279.52,5.0,960.82,0.0,2313.7,935.31,1378.39,0.0,organic,2018,Boise
10062,9/30/2018,1.95,3915.54,0.0,983.74,0.0,2931.8,1206.66,1722.14,3.0,organic,2018,Boise
10063,10/7/2018,1.9,3752.55,0.0,884.18,0.0,2868.37,1443.93,1424.44,0.0,organic,2018,Boise
10064,10/14/2018,1.84,3481.39,0.0,907.09,0.0,2574.3,1150.52,1423.78,0.0,organic,2018,Boise
10065,10/21/2018,1.82,3338.91,0.0,787.66,0.0,2551.25,1217.94,1328.74,4.57,organic,2018,Boise
10066,10/28/2018,1.86,3539.25,3.0,977.98,0.0,2558.27,1079.4,1478.87,0.0,organic,2018,Boise
10067,11/4/2018,1.89,2943.51,3.0,1302.09,0.0,1638.42,992.26,646.16,0.0,organic,2018,Boise
10068,11/11/2018,1.85,3324.85,0.0,938.15,0.0,2386.7,2122.2,264.5,0.0,organic,2018,Boise
10069,11/18/2018,1.83,3059.54,1.0,734.24,0.0,2324.3,2040.67,283.63,0.0,organic,2018,Boise
10070,11/25/2018,1.93,2712.93,0.0,1074.07,0.0,1638.86,364.36,1274.5,0.0,organic,2018,Boise
10071,12/2/2018,1.84,3462.45,0.0,989.31,0.0,2473.14,1052.4,1420.74,0.0,organic,2018,Boise
10276,1/1/2018,1.86,25275.08,9.19,2796.62,0.0,22469.27,20109.15,2360.12,0.0,organic,2018,Boston
10277,1/7/2018,1.91,30096.0,14.46,2704.48,0.0,27377.06,25121.53,2255.53,0.0,organic,2018,Boston
10278,1/14/2018,1.73,29468.36,12.77,2380.23,0.0,27075.36,23926.76,3148.6,0.0,organic,2018,Boston
10279,1/21/2018,1.82,26704.98,60.87,2647.48,0.0,23996.63,21985.03,2011.6,0.0,organic,2018,Boston
10280,1/28/2018,1.72,30846.35,14.65,1628.45,0.0,29203.25,27876.23,1327.02,0.0,organic,2018,Boston
10281,2/4/2018,1.83,28934.01,9.14,2504.27,3.66,26416.94,20660.94,5756.0,0.0,organic,2018,Boston
10282,2/11/2018,1.85,24728.12,3.67,1795.79,3.67,22924.99,19367.62,3557.37,0.0,organic,2018,Boston
10283,2/18/2018,1.83,27960.77,11.63,1603.22,0.0,26345.92,22938.29,3407.63,0.0,organic,2018,Boston
10284,2/25/2018,1.79,31567.3,34.89,2390.82,0.0,29141.59,25069.34,4072.25,0.0,organic,2018,Boston
10285,3/4/2018,1.92,23890.64,7.84,2254.05,0.0,21628.75,18636.4,2992.35,0.0,organic,2018,Boston
10286,3/11/2018,1.85,30476.66,8.51,2114.28,0.0,28353.87,22732.95,5620.92,0.0,organic,2018,Boston
10287,3/18/2018,1.83,34809.9,20.31,2456.48,0.0,32333.11,25094.65,7238.46,0.0,organic,2018,Boston
10288,3/25/2018,1.74,38441.23,27.25,2031.54,0.0,36382.44,29466.95,6915.49,0.0,organic,2018,Boston
10289,4/1/2018,1.62,39929.5,9.44,2009.16,0.0,37910.9,29324.46,8586.44,0.0,organic,2018,Boston
10290,4/8/2018,1.63,37957.37,5.47,1740.27,0.0,36211.63,28133.51,8078.12,0.0,organic,2018,Boston
10291,4/15/2018,1.49,44651.43,5.0,2272.52,0.0,42373.91,34136.04,8237.87,0.0,organic,2018,Boston
10292,4/22/2018,1.51,40595.02,3.83,1831.25,0.0,38759.94,31974.76,6785.18,0.0,organic,2018,Boston
10293,4/29/2018,1.52,44581.01,21.61,2990.73,0.0,41568.67,32433.95,9134.72,0.0,organic,2018,Boston
10294,5/6/2018,1.58,38431.58,69.5,2816.88,0.0,35545.2,28299.99,7245.21,0.0,organic,2018,Boston
10295,5/13/2018,1.46,46346.09,11.89,2518.24,0.0,43815.96,35917.56,7898.4,0.0,organic,2018,Boston
10296,5/20/2018,1.49,43645.71,7.35,1888.02,0.0,41750.34,35998.29,5752.05,0.0,organic,2018,Boston
10297,5/27/2018,1.46,47482.3,31.5,2776.77,0.0,44674.03,37788.93,6885.1,0.0,organic,2018,Boston
10298,6/3/2018,1.64,38037.34,23.22,2176.65,0.0,35837.47,27894.34,7943.13,0.0,organic,2018,Boston
10299,6/10/2018,1.69,30735.22,32.09,1972.48,0.0,28730.65,22454.69,6275.96,0.0,organic,2018,Boston
10300,6/17/2018,1.56,37432.43,38.51,1895.7,0.0,35498.22,28903.51,6594.71,0.0,organic,2018,Boston
10301,6/24/2018,1.56,34354.94,232.84,1925.6,0.0,32196.5,25546.04,6650.46,0.0,organic,2018,Boston
10302,7/1/2018,1.64,32152.09,17.41,1848.96,0.0,30285.72,21335.07,8950.65,0.0,organic,2018,Boston
10303,7/8/2018,1.69,32104.36,81.38,2757.15,0.0,29265.83,19543.95,9721.88,0.0,organic,2018,Boston
10304,7/15/2018,1.7,29897.08,36.2,1995.82,0.0,27865.06,20825.76,7039.3,0.0,organic,2018,Boston
10305,7/22/2018,1.74,32150.15,44.83,1741.53,0.0,30363.79,26302.39,4061.4,0.0,organic,2018,Boston
10306,7/29/2018,1.61,34337.27,46.57,2065.32,0.0,32225.38,26873.28,5352.1,0.0,organic,2018,Boston
10307,8/5/2018,1.71,33298.4,24.31,2272.57,0.0,31001.52,26765.0,4236.52,0.0,organic,2018,Boston
10308,8/12/2018,1.71,26882.99,11.79,2302.18,0.0,24569.02,18634.98,5934.04,0.0,organic,2018,Boston
10309,8/19/2018,1.67,34618.2,25.35,2342.88,0.0,32249.97,26932.77,5317.2,0.0,organic,2018,Boston
10310,8/26/2018,1.65,32978.63,337.37,1982.11,0.0,30659.15,23483.32,7175.83,0.0,organic,2018,Boston
10311,9/2/2018,1.65,37460.49,848.87,1550.52,0.0,35061.1,25923.25,9137.85,0.0,organic,2018,Boston
10312,9/9/2018,1.63,38768.02,872.07,1598.84,0.0,36297.11,28158.39,8138.72,0.0,organic,2018,Boston
10313,9/16/2018,1.67,32478.05,1023.16,1404.78,0.0,30050.11,23232.72,6817.39,0.0,organic,2018,Boston
10314,9/23/2018,1.61,37274.83,1117.86,1316.85,0.0,34840.12,26021.84,8818.28,0.0,organic,2018,Boston
10315,9/30/2018,1.63,33057.9,435.95,1602.2,0.0,31019.75,20994.64,10025.11,0.0,organic,2018,Boston
10316,10/7/2018,1.57,32354.37,75.38,1862.01,0.0,30416.98,16994.86,13422.12,0.0,organic,2018,Boston
10317,10/14/2018,1.5,34838.73,62.28,1503.85,0.0,33272.6,18575.08,14697.52,0.0,organic,2018,Boston
10318,10/21/2018,1.54,28936.36,29.81,1345.45,0.0,27561.1,13471.6,14089.5,0.0,organic,2018,Boston
10319,10/28/2018,1.54,32225.16,19.44,1845.16,0.0,30360.56,17046.05,13314.51,0.0,organic,2018,Boston
10320,11/4/2018,1.58,29645.25,111.92,1571.74,0.0,27961.59,18209.27,9752.32,0.0,organic,2018,Boston
10321,11/11/2018,1.62,31570.43,59.82,6955.23,0.0,24555.38,15187.61,9367.77,0.0,organic,2018,Boston
10322,11/18/2018,1.62,35856.21,80.76,11360.11,0.0,24415.34,13826.36,10588.98,0.0,organic,2018,Boston
10323,11/25/2018,1.62,31436.52,86.25,5659.52,0.0,25690.75,14149.86,11540.89,0.0,organic,2018,Boston
10324,12/2/2018,1.53,23880.08,163.27,1654.34,0.0,22062.47,13153.17,8909.3,0.0,organic,2018,Boston
