Laura/avocado_sales_2018.csv
,Date,AveragePrice,Total Volume,4046,4225,4770,Total Bags,Small Bags,Large Bags,XLarge Bags,type,year,region
10529,1/1/2018,1.71,160039.02,46373.36,55040.01,0.0,58625.65,58526.97,98.68,0.0,organic,2018,California
10530,1/7/2018,1.95,156341.57,42992.91,56007.79,0.0,57340.87,57271.15,69.72,0.0,organic,2018,California
10531,1/14/2018,1.61,216681.04,52253.4,95353.95,0.0,69073.69,69054.51,19.18,0.0,organic,2018,California
10532,1/21/2018,1.69,181974.98,34411.37,64513.67,0.0,83049.94,83022.84,27.1,0.0,organic,2018,California
10533,1/28/2018,1.87,170998.81,30070.62,58357.89,0.0,82570.3,82563.11,7.19,0.0,organic,2018,California
10534,2/4/2018,1.56,188212.98,38078.53,60551.97,0.0,89582.48,89527.66,54.82,0.0,organic,2018,California
10535,2/11/2018,1.85,168311.26,30354.0,56580.92,0.0,81376.34,81344.22,32.12,0.0,organic,2018,California
10536,2/18/2018,1.97,167193.75,27895.41,73827.57,0.0,65470.77,65435.09,35.68,0.0,organic,2018,California
10537,2/25/2018,1.82,179041.72,28991.22,83730.03,0.0,66320.47,66273.89,46.58,0.0,organic,2018,California
10538,3/4/2018,1.57,239135.67,34245.39,67952.25,0.0,136938.03,136877.43,60.6,0.0,organic,2018,California
10539,3/11/2018,1.58,236822.98,32765.76,83573.0,0.0,120484.22,120465.39,18.83,0.0,organic,2018,California
10540,3/18/2018,1.75,202790.74,29398.11,70514.05,8.08,102870.5,102717.5,153.0,0.0,organic,2018,California
10541,3/25/2018,1.7,190257.38,29644.09,70982.1,0.0,89631.19,89424.11,207.08,0.0,organic,2018,California
10542,4/1/2018,1.75,221366.5,33892.76,85513.16,0.0,101960.58,101791.32,169.26,0.0,organic,2018,California
10543,4/8/2018,1.75,194627.86,40819.09,66841.11,0.0,86967.66,86926.93,40.73,0.0,organic,2018,California
10544,4/15/2018,1.65,225550.26,49576.77,75449.73,0.0,100523.76,100483.09,40.67,0.0,organic,2018,California
10545,4/22/2018,1.6,218738.43,42558.42,68015.05,0.0,108164.96,108126.29,38.67,0.0,organic,2018,California
10546,4/29/2018,1.67,218135.24,42524.79,70881.0,0.0,104729.45,104679.98,49.47,0.0,organic,2018,California
10547,5/6/2018,1.66,179125.17,45933.7,62169.74,0.0,71021.73,70998.39,23.34,0.0,organic,2018,California
10548,5/13/2018,1.77,183923.75,39611.12,72219.65,0.0,72092.98,72062.98,30.0,0.0,organic,2018,California
10549,5/20/2018,1.58,236634.49,39409.43,95574.15,0.0,101650.91,101620.72,30.19,0.0,organic,2018,California
10550,5/27/2018,1.61,250116.68,46296.47,104441.05,0.0,99379.16,99332.74,46.42,0.0,organic,2018,California
10551,6/3/2018,1.69,222494.79,48118.71,82942.29,4.75,91429.04,91400.43,28.61,0.0,organic,2018,California
10552,6/10/2018,1.71,207339.63,39477.67,82003.91,0.0,85858.05,85831.38,26.67,0.0,organic,2018,California
10553,6/17/2018,1.7,233625.68,43756.59,88213.98,0.0,101655.11,101615.57,39.54,0.0,organic,2018,California
10554,6/24/2018,1.84,215844.47,46093.92,76290.84,0.0,93459.71,93441.73,17.98,0.0,organic,2018,California
10555,7/1/2018,1.87,214346.31,48115.07,77127.31,0.0,89103.93,89057.51,46.42,0.0,organic,2018,California
10556,7/8/2018,1.83,241435.68,51586.31,89292.55,0.0,100556.82,100377.61,179.21,0.0,organic,2018,California
10557,7/15/2018,1.82,204463.46,41015.84,75876.79,0.0,87570.83,87530.21,40.62,0.0,organic,2018,California
10558,7/22/2018,1.82,203331.06,29626.96,88012.72,0.0,85691.38,85678.99,12.39,0.0,organic,2018,California
10559,7/29/2018,1.82,210402.83,30527.44,95731.93,0.0,84143.46,83495.57,647.89,0.0,organic,2018,California
10560,8/5/2018,1.69,236845.65,31510.96,94634.68,0.0,110700.01,110499.86,200.15,0.0,organic,2018,California
10561,8/12/2018,1.73,217605.08,41258.23,73766.45,1.6,102578.8,101752.14,826.66,0.0,organic,2018,California
10562,8/19/2018,1.8,206988.24,50713.25,67236.53,0.0,89038.46,88482.92,555.54,0.0,organic,2018,California
10563,8/26/2018,2.01,194459.66,39531.6,79481.43,0.0,75446.63,74209.35,1237.28,0.0,organic,2018,California
10564,9/2/2018,2.03,197811.64,44340.36,75094.67,0.0,78376.61,77734.65,641.96,0.0,organic,2018,California
10565,9/9/2018,1.94,192627.9,37582.39,62248.61,0.0,92796.9,92445.3,351.6,0.0,organic,2018,California
10566,9/16/2018,1.96,198705.16,41726.71,64016.51,4.79,92957.15,92127.09,830.06,0.0,organic,2018,California
10567,9/23/2018,1.82,204456.17,41022.28,67689.45,0.0,95744.44,94628.54,1115.9,0.0,organic,2018,California
10568,9/30/2018,1.79,219257.85,37681.75,62693.19,0.0,118882.91,117872.54,1010.37,0.0,organic,2018,California
10569,10/7/2018,1.67,229484.0,36184.96,75731.82,0.0,117567.22,117296.05,271.17,0.0,organic,2018,California
10570,10/14/2018,1.71,199289.85,40640.21,63319.17,0.0,95330.47,95310.47,20.0,0.0,organic,2018,California
10571,10/21/2018,1.68,214884.97,34225.43,62201.06,6.43,118452.05,118420.87,31.18,0.0,organic,2018,California
10572,10/28/2018,1.68,217711.66,42366.75,57783.11,3.22,117558.58,117494.26,64.32,0.0,organic,2018,California
10573,11/4/2018,1.68,207516.27,39753.26,69630.9,19.31,98112.8,98089.56,23.24,0.0,organic,2018,California
10574,11/11/2018,1.76,195021.47,40406.3,67084.23,3.23,87527.71,87520.52,7.19,0.0,organic,2018,California
10575,11/18/2018,1.88,227106.6,36663.61,70582.79,0.0,119860.2,119829.66,30.54,0.0,organic,2018,California
10576,11/25/2018,1.86,175485.3,22221.21,78266.16,0.0,74997.93,74992.55,5.38,0.0,organic,2018,California
10577,12/2/2018,2.19,137142.69,27341.97,72172.43,16.06,37612.23,37601.52,10.71,0.0,organic,2018,California
10782,1/1/2018,1.71,11939.07,34.71,5197.49,198.71,6508.16,6416.36,91.8,0.0,organic,2018,Charlotte
10783,1/7/2018,1.08,28741.11,22.16,6254.59,225.17,22239.19,22132.06,107.13,0.0,organic,2018,Charlotte
10784,1/14/2018,1.45,19522.15,17.87,7132.92,241.85,12129.51,12116.18,13.33,0.0,organic,2018,Charlotte
10785,1/21/2018,1.62,12422.7,8.94,5461.01,246.99,6705.76,6703.12,2.64,0.0,organic,2018,Charlotte
10786,1/28/2018,1.76,12432.58,21.47,6626.86,271.36,5512.89,5080.46,432.43,0.0,organic,2018,Charlotte
10787,2/4/2018,1.89,13273.93,26.28,5187.8,201.87,7857.98,7613.73,244.25,0.0,organic,2018,Charlotte
10788,2/11/2018,1.92,11216.56,7.2,5645.05,238.86,5325.45,5176.75,148.7,0.0,organic,2018,Charlotte
10789,2/18/2018,1.83,12417.57,22.67,5878.08,232.08,6284.74,5981.3,303.44,0.0,organic,2018,Charlotte
10790,2/25/2018,1.91,11946.22,36.46,5987.21,190.71,5731.84,5667.58,64.26,0.0,organic,2018,Charlotte
10791,3/4/2018,1.88,11882.61,31.41,6586.88,268.25,4996.07,4621.84,374.23,0.0,organic,2018,Charlotte
10792,3/11/2018,1.73,13697.68,29.01,6861.78,222.69,6584.2,6511.53,72.67,0.0,organic,2018,Charlotte
10793,3/18/2018,1.75,11986.57,30.26,5808.91,205.67,5941.73,5801.28,140.45,0.0,organic,2018,Charlotte
10794,3/25/2018,1.77,12030.96,17.85,5964.29,161.23,5887.59,5792.37,95.22,0.0,organic,2018,Charlotte
10795,4/1/2018,1.84,12619.47,19.03,5513.56,122.58,6964.3,6916.17,48.13,0.0,organic,2018,Charlotte
10796,4/8/2018,1.91,13041.62,32.21,5960.94,158.62,6889.85,6386.21,503.64,0.0,organic,2018,Charlotte
10797,4/15/2018,1.94,14002.87,30.97,6347.48,161.62,7462.8,6834.76,628.04,0.0,organic,2018,Charlotte
10798,4/22/2018,1.74,15240.44,34.93,5873.04,145.76,9186.71,8129.6,1057.11,0.0,organic,2018,Charlotte
10799,4/29/2018,1.78,13918.85,47.21,6921.8,226.78,6723.06,5467.99,1255.07,0.0,organic,2018,Charlotte
10800,5/6/2018,1.78,13480.41,23.36,6626.19,155.07,6675.79,5993.8,681.99,0.0,organic,2018,Charlotte
10801,5/13/2018,1.73,13870.52,18.73,7530.07,236.86,6084.86,5676.21,408.65,0.0,organic,2018,Charlotte
10802,5/20/2018,1.69,13872.96,12.61,7245.95,252.13,6362.27,6256.16,106.11,0.0,organic,2018,Charlotte
10803,5/27/2018,2.03,12621.38,12.29,5632.2,151.75,6825.14,6596.92,228.22,0.0,organic,2018,Charlotte
10804,6/3/2018,2.04,13138.36,16.19,5669.52,114.56,7338.09,6939.3,398.79,0.0,organic,2018,Charlotte
10805,6/10/2018,1.93,12962.28,62.88,5564.58,107.25,7227.57,7046.31,181.26,0.0,organic,2018,Charlotte
10806,6/17/2018,2.07,12087.76,35.18,5000.01,108.51,6944.06,6930.47,13.59,0.0,organic,2018,Charlotte
10807,6/24/2018,1.89,13826.94,29.12,5951.1,123.13,7723.59,7646.37,77.22,0.0,organic,2018,Charlotte
10808,7/1/2018,1.88,13234.87,51.78,5898.31,166.83,7117.95,7114.62,3.33,0.0,organic,2018,Charlotte
10809,7/8/2018,2.0,12573.25,21.02,5709.36,114.31,6728.56,6725.23,3.33,0.0,organic,2018,Charlotte
10810,7/15/2018,1.93,14295.19,145.27,6391.28,116.52,7642.12,7638.79,3.33,0.0,organic,2018,Charlotte
10811,7/22/2018,1.92,13031.33,23.97,5854.1,108.09,7045.17,7045.17,0.0,0.0,organic,2018,Charlotte
10812,7/29/2018,2.01,12049.35,13.13,5561.41,117.75,6357.06,6330.39,26.67,0.0,organic,2018,Charlotte
10813,8/5/2018,2.14,11024.68,8.91,5852.02,126.48,5037.27,4893.94,143.33,0.0,organic,2018,Charlotte
10814,8/12/2018,2.07,10842.11,33.93,5342.47,93.65,5372.06,4497.64,874.42,0.0,organic,2018,Charlotte
10815,8/19/2018,2.21,10378.91,30.43,5457.75,157.18,4733.55,3481.81,1251.74,0.0,organic,2018,Charlotte
10816,8/26/2018,1.88,13700.57,64.57,6097.05,107.95,7431.0,6344.14,1086.86,0.0,organic,2018,Charlotte
10817,9/2/2018,2.04,13526.16,41.14,6258.05,135.32,7091.65,6868.3,223.35,0.0,organic,2018,Charlotte
10818,9/9/2018,2.2,13551.54,42.57,6745.72,179.52,6583.73,6061.8,521.93,0.0,organic,2018,Charlotte
10819,9/16/2018,2.08,13081.84,63.74,5423.25,192.86,7401.99,6942.95,459.04,0.0,organic,2018,Charlotte
10820,9/23/2018,2.05,11897.48,40.12,5654.66,115.94,6086.76,5078.99,1007.77,0.0,organic,2018,Charlotte
10821,9/30/2018,2.04,13753.47,75.41,4968.24,77.32,8632.5,8114.34,518.16,0.0,organic,2018,Charlotte
10822,10/7/2018,2.11,13499.98,45.28,4848.58,132.57,8473.55,8405.25,68.3,0.0,organic,2018,Charlotte
10823,10/14/2018,1.63,13774.57,51.2,4284.34,97.19,9341.84,8973.9,367.94,0.0,organic,2018,Charlotte
10824,10/21/2018,1.49,15086.14,62.22,4453.36,87.0,10483.56,10437.21,46.35,0.0,organic,2018,Charlotte
10825,10/28/2018,1.43,16736.45,27.28,4013.94,83.28,12611.95,12114.91,497.04,0.0,organic,2018,Charlotte
10826,11/4/2018,1.45,16626.85,46.3,4085.32,88.74,12406.49,12210.6,195.89,0.0,organic,2018,Charlotte
10827,11/11/2018,1.62,14046.57,40.47,4205.57,73.55,9726.98,9264.31,462.67,0.0,organic,2018,Charlotte
10828,11/18/2018,1.76,14498.7,35.98,4764.17,99.62,9598.93,9124.53,474.4,0.0,organic,2018,Charlotte
10829,11/25/2018,1.75,10213.12,15.09,3968.23,42.53,6187.27,5698.97,488.3,0.0,organic,2018,Charlotte
10830,12/2/2018,1.84,11857.34,43.84,4874.54,73.89,6865.07,6616.11,248.96,0.0,organic,2018,Charlotte
11035,1/1/2018,1.79,26040.03,142.0,16241.0,0.0,9657.03,9650.37,6.66,0.0,organic,2018,Chicago
11036,1/7/2018,1.83,41573.25,118.84,29600.36,0.0,11854.05,11850.72,3.33,0.0,organic,2018,Chicago
11037,1/14/2018,1.79,44955.89,133.39,31177.44,0.0,13645.06,13635.06,10.0,0.0,organic,2018,Chicago
11038,1/21/2018,1.82,36688.67,83.93,28134.16,0.0,8470.58,8470.58,0.0,0.0,organic,2018,Chicago
11039,1/28/2018,1.72,40770.94,215.4,31318.93,0.0,9236.61,9236.61,0.0,0.0,organic,2018,Chicago
11040,2/4/2018,1.62,46956.84,313.29,32668.25,0.0,13975.3,13975.3,0.0,0.0,organic,2018,Chicago
11041,2/11/2018,1.65,38202.17,409.68,26524.51,0.0,11267.98,11261.31,6.67,0.0,organic,2018,Chicago
11042,2/18/2018,1.66,33678.58,259.18,24314.04,0.0,9105.36,9095.36,10.0,0.0,organic,2018,Chicago
11043,2/25/2018,1.68,36432.65,246.73,29263.75,0.0,6922.17,6908.84,13.33,0.0,organic,2018,Chicago
11044,3/4/2018,1.62,46026.58,1107.05,35255.03,0.0,9664.5,9654.5,10.0,0.0,organic,2018,Chicago
11045,3/11/2018,1.66,41969.83,583.18,32382.95,0.0,9003.7,8990.36,13.34,0.0,organic,2018,Chicago
11046,3/18/2018,1.66,35542.17,184.53,26955.74,0.0,8401.9,8398.57,3.33,0.0,organic,2018,Chicago
11047,3/25/2018,1.69,35088.36,324.87,27550.29,0.0,7213.2,7176.54,36.66,0.0,organic,2018,Chicago
11048,4/1/2018,1.64,39738.48,277.87,27927.55,0.0,11533.06,11523.06,10.0,0.0,organic,2018,Chicago
11049,4/8/2018,1.66,37133.79,209.7,27043.1,0.0,9880.99,9820.34,60.65,0.0,organic,2018,Chicago
11050,4/15/2018,1.67,36087.85,225.65,26472.68,0.0,9389.52,8771.46,618.06,0.0,organic,2018,Chicago
11051,4/22/2018,1.63,38660.19,195.89,26600.35,0.0,11863.95,11528.87,335.08,0.0,organic,2018,Chicago
11052,4/29/2018,1.61,38976.58,191.55,27075.47,0.0,11709.56,11666.49,43.07,0.0,organic,2018,Chicago
11053,5/6/2018,1.66,38753.16,181.64,27064.52,0.0,11507.0,11374.14,132.86,0.0,organic,2018,Chicago
11054,5/13/2018,1.65,40811.86,127.9,26754.26,0.0,13929.7,13919.7,10.0,0.0,organic,2018,Chicago
11055,5/20/2018,1.66,38599.22,170.78,26056.02,0.0,12372.42,12359.09,13.33,0.0,organic,2018,Chicago
11056,5/27/2018,1.54,40230.0,193.25,20577.29,0.0,19459.46,19447.24,12.22,0.0,organic,2018,Chicago
11057,6/3/2018,1.57,39340.42,296.08,20587.2,0.0,18457.14,18431.58,25.56,0.0,organic,2018,Chicago
11058,6/10/2018,1.57,42780.25,223.62,20577.37,0.0,21979.26,21955.93,23.33,0.0,organic,2018,Chicago
11059,6/17/2018,1.53,45036.07,478.9,20227.99,0.0,24329.18,24315.85,13.33,0.0,organic,2018,Chicago
11060,6/24/2018,1.65,46912.01,1354.97,25618.0,0.0,19939.04,19935.71,3.33,0.0,organic,2018,Chicago
11061,7/1/2018,1.64,51242.77,302.95,26315.64,0.0,24624.18,24577.01,47.17,0.0,organic,2018,Chicago
11062,7/8/2018,1.59,48805.03,267.91,25650.59,0.0,22886.53,14047.71,8838.82,0.0,organic,2018,Chicago
11063,7/15/2018,1.59,51636.47,188.37,25557.39,0.0,25890.71,21204.75,4685.96,0.0,organic,2018,Chicago
11064,7/22/2018,1.5,40387.1,325.34,12418.26,0.0,27643.5,14665.88,12977.62,0.0,organic,2018,Chicago
11065,7/29/2018,1.41,39653.73,292.59,13812.08,0.0,25549.06,12868.3,12680.76,0.0,organic,2018,Chicago
11066,8/5/2018,1.55,37855.47,213.45,14543.52,0.0,23098.5,21831.05,1267.45,0.0,organic,2018,Chicago
11067,8/12/2018,1.58,40837.49,355.23,14931.92,0.0,25550.34,25363.5,186.84,0.0,organic,2018,Chicago
11068,8/19/2018,1.71,45783.78,395.18,18414.06,0.0,26974.54,26724.39,250.15,0.0,organic,2018,Chicago
11069,8/26/2018,1.79,45763.55,338.64,19429.09,0.0,25995.82,25864.9,130.92,0.0,organic,2018,Chicago
11070,9/2/2018,1.83,47644.86,499.62,28482.5,0.0,18662.74,18636.08,26.66,0.0,organic,2018,Chicago
11071,9/9/2018,1.79,51708.88,340.32,19540.64,0.0,31827.92,31811.25,16.67,0.0,organic,2018,Chicago
11072,9/16/2018,1.8,54982.36,416.97,20944.8,0.0,33620.59,33601.63,18.96,0.0,organic,2018,Chicago
11073,9/23/2018,1.79,53157.71,378.46,20092.95,0.0,32686.3,32636.3,50.0,0.0,organic,2018,Chicago
11074,9/30/2018,1.86,50412.48,541.18,18254.17,0.0,31617.13,31617.13,0.0,0.0,organic,2018,Chicago
11075,10/7/2018,1.95,47840.81,333.03,16351.79,0.0,31155.99,31155.99,0.0,0.0,organic,2018,Chicago
11076,10/14/2018,1.84,48733.43,402.85,14596.4,0.0,33734.18,33734.18,0.0,0.0,organic,2018,Chicago
11077,10/21/2018,1.72,52335.98,422.9,13600.68,0.0,38312.4,38312.4,0.0,0.0,organic,2018,Chicago
11078,10/28/2018,1.69,46887.85,392.91,12051.38,0.0,34443.56,34443.56,0.0,0.0,organic,2018,Chicago
11079,11/4/2018,1.57,47765.34,402.23,11557.28,0.0,35805.83,35805.83,0.0,0.0,organic,2018,Chicago
11080,11/11/2018,1.57,48009.6,417.13,11672.11,0.0,35920.36,35920.36,0.0,0.0,organic,2018,Chicago
11081,11/18/2018,1.62,46011.75,462.26,9932.96,0.0,35616.53,34922.17,694.36,0.0,organic,2018,Chicago
11082,11/25/2018,1.69,35169.81,252.37,7893.19,0.0,27024.25,20247.47,6776.78,0.0,organic,2018,Chicago
11083,12/2/2018,1.55,39609.7,356.24,8279.03,0.0,30974.43,27295.75,3678.68,0.0,organic,2018,Chicago
