Laura/avocado_sales_2018.csv
,Date,AveragePrice,Total Volume,4046,4225,4770,Total Bags,Small Bags,Large Bags,XLarge Bags,type,year,region
11288,1/1/2018,1.14,15852.37,446.28,1042.43,0.0,14363.66,13142.03,1221.63,0.0,organic,2018,Columbus
11289,1/7/2018,1.15,12589.45,1639.81,1133.28,0.0,9816.36,9106.36,710.0,0.0,organic,2018,Columbus
11290,1/14/2018,1.3,10424.33,977.0,1620.14,0.0,7827.19,7350.79,476.4,0.0,organic,2018,Columbus
11291,1/21/2018,1.5,8977.97,613.65,1852.11,0.0,6512.21,4083.63,2428.58,0.0,organic,2018,Columbus
11292,1/28/2018,1.43,7669.31,564.77,1557.33,0.0,5547.21,4090.06,1457.15,0.0,organic,2018,Columbus
11293,2/4/2018,1.47,7422.15,587.11,1186.62,0.0,5648.42,5453.09,195.33,0.0,organic,2018,Columbus
11294,2/11/2018,1.42,8970.66,445.67,1117.03,0.0,7407.96,7086.27,321.69,0.0,organic,2018,Columbus
11295,2/18/2018,1.44,7807.21,434.86,1521.43,0.0,5850.92,5850.92,0.0,0.0,organic,2018,Columbus
11296,2/25/2018,1.57,7371.84,470.96,1510.35,0.0,5390.53,4640.71,749.82,0.0,organic,2018,Columbus
11297,3/4/2018,1.48,7617.52,531.55,1246.43,0.0,5839.54,5689.68,149.86,0.0,organic,2018,Columbus
11298,3/11/2018,1.26,26620.79,820.89,10737.83,0.0,15062.07,12641.49,2420.58,0.0,organic,2018,Columbus
11299,3/18/2018,1.2,32634.06,723.66,8582.89,0.0,23327.51,11776.03,11551.48,0.0,organic,2018,Columbus
11300,3/25/2018,1.31,11125.08,533.97,1113.33,0.0,9477.78,7760.23,1717.55,0.0,organic,2018,Columbus
11301,4/1/2018,1.36,9810.33,560.99,1388.29,0.0,7861.05,7248.41,612.64,0.0,organic,2018,Columbus
11302,4/8/2018,1.41,12138.76,472.73,1848.32,0.0,9817.71,8778.71,1039.0,0.0,organic,2018,Columbus
11303,4/15/2018,1.4,10846.54,431.29,1478.37,0.0,8936.88,7298.32,1638.56,0.0,organic,2018,Columbus
11304,4/22/2018,1.38,13408.75,429.21,1375.94,0.0,11603.6,7536.27,4067.33,0.0,organic,2018,Columbus
11305,4/29/2018,1.42,16021.46,415.72,1735.15,0.0,13870.59,6754.42,7116.17,0.0,organic,2018,Columbus
11306,5/6/2018,1.43,13790.17,466.14,1642.56,0.0,11681.47,6007.7,5673.77,0.0,organic,2018,Columbus
11307,5/13/2018,1.45,12192.0,433.07,1501.76,0.0,10257.17,5127.47,5129.7,0.0,organic,2018,Columbus
11308,5/20/2018,1.39,17675.18,458.17,1864.2,1.19,12465.35,6749.32,5716.03,0.0,organic,2018,Columbus
11309,5/27/2018,1.29,35808.81,639.77,2576.89,0.0,13062.04,6432.2,6629.84,0.0,organic,2018,Columbus
11310,6/3/2018,1.26,35070.83,653.04,2553.42,0.0,12588.77,7658.96,4929.81,0.0,organic,2018,Columbus
11311,6/10/2018,1.24,30805.38,474.94,1618.3,0.0,11645.22,6495.7,5149.52,0.0,organic,2018,Columbus
11312,6/17/2018,0.71,63868.76,556.45,1725.86,0.0,12225.94,8507.39,3718.55,0.0,organic,2018,Columbus
11313,6/24/2018,0.75,32422.82,556.52,1437.13,0.0,8972.23,7285.39,1686.84,0.0,organic,2018,Columbus
11314,7/1/2018,1.35,13324.8,641.15,1668.17,0.0,10436.29,7153.54,3282.75,0.0,organic,2018,Columbus
11315,7/8/2018,1.32,14298.53,546.61,1502.9,0.0,12191.23,7745.08,4446.15,0.0,organic,2018,Columbus
11316,7/15/2018,1.46,9208.17,549.9,1511.07,0.0,7117.53,4618.58,2498.95,0.0,organic,2018,Columbus
11317,7/22/2018,1.53,10979.03,516.4,1598.15,0.0,8841.92,3969.36,4872.56,0.0,organic,2018,Columbus
11318,7/29/2018,1.34,12609.62,626.26,2038.73,0.0,9917.25,2986.95,6930.3,0.0,organic,2018,Columbus
11319,8/5/2018,1.17,17734.01,950.09,2416.91,0.0,14364.32,8285.16,6079.16,0.0,organic,2018,Columbus
11320,8/12/2018,1.55,8502.06,613.59,2304.2,0.0,5579.51,4097.67,1481.84,0.0,organic,2018,Columbus
11321,8/19/2018,1.7,7941.55,601.96,2270.13,0.0,5069.46,3675.93,1393.53,0.0,organic,2018,Columbus
11322,8/26/2018,1.69,8138.9,586.2,1866.8,0.0,5685.9,3156.51,2529.39,0.0,organic,2018,Columbus
11323,9/2/2018,1.68,8805.91,593.32,1972.17,0.0,6240.42,3527.79,2712.63,0.0,organic,2018,Columbus
11324,9/9/2018,1.66,8127.59,624.87,1971.57,0.0,5531.15,3758.16,1772.99,0.0,organic,2018,Columbus
11325,9/16/2018,1.7,8452.21,533.86,2161.89,0.0,5751.57,3223.89,2527.68,0.0,organic,2018,Columbus
11326,9/23/2018,1.68,8896.27,800.29,1892.51,0.0,6203.47,3590.75,2612.72,0.0,organic,2018,Columbus
11327,9/30/2018,1.68,8586.45,472.1,1497.99,0.0,6616.36,3447.65,3168.71,0.0,organic,2018,Columbus
11328,10/7/2018,1.68,8157.03,469.38,1778.81,0.0,5908.84,3493.76,2415.08,0.0,organic,2018,Columbus
11329,10/14/2018,1.5,12069.42,440.01,1425.82,0.0,10203.59,6543.55,3660.04,0.0,organic,2018,Columbus
11330,10/21/2018,1.36,8709.06,455.91,1089.85,0.0,7163.3,6227.69,935.61,0.0,organic,2018,Columbus
11331,10/28/2018,1.44,6282.24,469.44,1064.79,0.0,4740.58,4117.05,623.53,0.0,organic,2018,Columbus
11332,11/4/2018,1.36,9062.83,480.42,1267.97,0.0,7314.44,5946.75,1367.69,0.0,organic,2018,Columbus
11333,11/11/2018,1.47,10496.71,625.32,1146.31,0.0,8708.03,5581.11,3126.92,0.0,organic,2018,Columbus
11334,11/18/2018,1.54,9779.16,458.18,1020.44,0.0,8300.54,4942.91,3357.63,0.0,organic,2018,Columbus
11335,11/25/2018,1.6,10442.92,450.78,1298.26,0.0,8691.1,3598.24,5092.86,0.0,organic,2018,Columbus
11336,12/2/2018,1.46,8502.13,456.6,1463.04,0.0,6580.42,5140.75,1439.67,0.0,organic,2018,Columbus
11541,1/1/2018,1.48,17906.71,4400.94,482.72,12.67,13010.38,12128.68,881.7,0.0,organic,2018,Denver
11542,1/7/2018,1.38,39706.28,8896.86,939.38,22.09,29847.95,28597.18,1250.77,0.0,organic,2018,Denver
11543,1/14/2018,1.53,36501.82,8395.91,839.11,53.61,27213.19,25789.59,1423.6,0.0,organic,2018,Denver
11544,1/21/2018,1.55,30143.3,7841.79,687.2,32.61,21581.7,20613.26,968.44,0.0,organic,2018,Denver
11545,1/28/2018,1.51,27513.73,6132.33,550.8,36.18,20794.42,20366.98,427.44,0.0,organic,2018,Denver
11546,2/4/2018,1.51,16458.72,3746.88,496.84,23.49,12191.51,12101.76,89.75,0.0,organic,2018,Denver
11547,2/11/2018,1.55,22388.13,5261.02,639.37,35.39,16452.35,16367.04,85.31,0.0,organic,2018,Denver
11548,2/18/2018,1.35,36683.22,8065.46,597.63,49.7,27970.43,27804.78,165.65,0.0,organic,2018,Denver
11549,2/25/2018,1.39,36823.42,8387.3,751.32,24.81,27659.99,26783.45,876.54,0.0,organic,2018,Denver
11550,3/4/2018,1.55,24300.28,5776.81,588.5,10.66,17924.31,17177.3,747.01,0.0,organic,2018,Denver
11551,3/11/2018,1.59,31590.9,7032.9,640.35,52.08,23865.57,23032.03,833.54,0.0,organic,2018,Denver
11552,3/18/2018,1.67,21352.34,10539.17,797.06,33.21,9982.9,9087.45,895.45,0.0,organic,2018,Denver
11553,3/25/2018,1.6,24825.5,6516.4,685.92,44.09,17579.09,16514.58,1064.51,0.0,organic,2018,Denver
11554,4/1/2018,1.59,30661.96,6943.5,625.01,43.52,23049.93,21411.43,1638.5,0.0,organic,2018,Denver
11555,4/8/2018,1.59,28276.45,6096.04,677.36,73.0,21430.05,19675.35,1754.7,0.0,organic,2018,Denver
11556,4/15/2018,1.6,27928.01,6181.78,784.88,47.64,20913.71,19128.21,1785.5,0.0,organic,2018,Denver
11557,4/22/2018,1.63,24912.8,7342.8,867.66,44.04,16658.3,15094.35,1563.95,0.0,organic,2018,Denver
11558,4/29/2018,1.69,22456.68,14666.91,2296.8,58.65,5434.32,4645.72,788.6,0.0,organic,2018,Denver
11559,5/6/2018,1.65,25474.08,14334.43,3016.75,67.86,8055.04,7217.73,837.31,0.0,organic,2018,Denver
11560,5/13/2018,1.66,24628.31,10122.03,4269.58,79.27,10157.43,9310.3,847.13,0.0,organic,2018,Denver
11561,5/20/2018,1.55,27501.95,9534.81,2686.86,50.39,15229.89,14328.08,901.81,0.0,organic,2018,Denver
11562,5/27/2018,1.34,105739.76,33130.03,2435.26,162.43,70012.04,68142.66,1868.08,1.3,organic,2018,Denver
11563,6/3/2018,1.3,131420.02,23949.05,2126.84,203.72,105140.41,103023.81,2108.84,7.76,organic,2018,Denver
11564,6/10/2018,1.26,60193.54,11613.3,1166.35,62.86,47351.03,45619.09,1728.06,3.88,organic,2018,Denver
11565,6/17/2018,1.53,31326.44,12229.99,1114.85,81.5,17900.1,16146.16,1753.94,0.0,organic,2018,Denver
11566,6/24/2018,1.62,29045.67,17823.85,1328.4,47.69,9845.73,7855.73,1990.0,0.0,organic,2018,Denver
11567,7/1/2018,1.61,26606.33,10458.73,1134.91,83.72,14928.97,12715.09,2213.88,0.0,organic,2018,Denver
11568,7/8/2018,1.63,25101.47,10539.52,1077.32,89.29,13395.34,11463.13,1932.21,0.0,organic,2018,Denver
11569,7/15/2018,1.58,30197.38,7788.67,1051.02,122.08,21235.61,19057.69,2177.92,0.0,organic,2018,Denver
11570,7/22/2018,1.58,33059.2,7475.52,1515.15,124.33,23944.2,19535.12,4409.08,0.0,organic,2018,Denver
11571,7/29/2018,1.55,27356.06,5872.45,1762.96,75.59,19645.06,15538.91,4106.15,0.0,organic,2018,Denver
11572,8/5/2018,1.54,33054.89,7106.23,1159.01,152.59,24637.06,22725.79,1911.27,0.0,organic,2018,Denver
11573,8/12/2018,1.62,27851.35,5247.04,2464.8,141.35,19998.16,12197.31,7800.85,0.0,organic,2018,Denver
11574,8/19/2018,1.63,23059.25,10132.98,1566.77,122.87,11236.63,7027.55,4209.08,0.0,organic,2018,Denver
11575,8/26/2018,1.6,31192.51,17003.3,1630.58,138.22,12420.41,8432.8,3987.61,0.0,organic,2018,Denver
11576,9/2/2018,1.57,42987.66,16816.77,1716.71,129.25,24324.93,8979.78,15342.54,2.61,organic,2018,Denver
11577,9/9/2018,1.5,50249.09,10522.76,1180.05,116.01,38430.27,17533.08,20897.19,0.0,organic,2018,Denver
11578,9/16/2018,1.58,60917.27,8117.91,1041.2,129.17,51628.99,27243.21,24385.78,0.0,organic,2018,Denver
11579,9/23/2018,1.56,50077.45,4990.66,975.27,76.56,44034.96,21014.18,23018.16,2.62,organic,2018,Denver
11580,9/30/2018,1.51,64572.73,6237.64,887.2,92.61,57355.28,45901.08,11454.2,0.0,organic,2018,Denver
11581,10/7/2018,1.61,29330.14,5548.98,900.57,76.35,22804.24,19749.13,3055.11,0.0,organic,2018,Denver
11582,10/14/2018,1.62,27252.82,5687.93,756.22,59.73,20748.94,17889.42,2859.52,0.0,organic,2018,Denver
11583,10/21/2018,1.46,36685.26,5004.24,714.72,60.64,30905.66,17196.73,13708.93,0.0,organic,2018,Denver
11584,10/28/2018,1.39,41014.59,7396.28,998.57,84.25,32535.49,11556.89,20978.6,0.0,organic,2018,Denver
11585,11/4/2018,1.51,22690.16,10014.05,1140.03,83.68,11452.4,3063.03,8389.37,0.0,organic,2018,Denver
11586,11/11/2018,1.22,91563.53,15306.51,1887.05,66.28,74303.69,70528.83,3774.86,0.0,organic,2018,Denver
11587,11/18/2018,1.24,79064.68,15951.7,1660.3,52.21,61400.47,59147.75,2252.72,0.0,organic,2018,Denver
11588,11/25/2018,1.48,51013.59,26908.83,1121.43,50.23,22933.1,22498.68,434.42,0.0,organic,2018,Denver
11589,12/2/2018,1.46,44043.04,19539.6,1247.85,95.9,23159.69,20732.05,2427.64,0.0,organic,2018,Denver
11794,1/1/2018,1.05,32775.71,398.15,2116.14,0.0,30261.42,27997.42,2264.0,0.0,organic,2018,Detroit
11795,1/7/2018,1.22,23120.43,1649.74,3006.89,0.0,18452.29,16829.87,1622.42,0.0,organic,2018,Detroit
11796,1/14/2018,1.32,20636.96,750.22,3266.56,0.0,16598.98,15422.79,1176.19,0.0,organic,2018,Detroit
11797,1/21/2018,1.41,22121.43,826.25,3379.62,0.0,17890.6,11215.49,6675.11,0.0,organic,2018,Detroit
11798,1/28/2018,1.29,20073.36,738.01,3026.96,0.0,16298.93,12972.63,3326.3,0.0,organic,2018,Detroit
11799,2/4/2018,1.32,17541.66,580.19,2434.85,0.0,14480.83,13820.72,660.11,0.0,organic,2018,Detroit
11800,2/11/2018,1.36,16655.03,606.28,2464.24,0.0,13547.38,12740.25,807.13,0.0,organic,2018,Detroit
11801,2/18/2018,1.34,14647.97,577.71,2469.69,1.41,11579.79,11571.98,7.81,0.0,organic,2018,Detroit
11802,2/25/2018,1.45,15973.44,601.22,2864.17,0.0,12410.38,10325.46,2084.92,0.0,organic,2018,Detroit
11803,3/4/2018,1.16,24533.53,676.16,2624.4,0.0,21232.97,20853.85,379.12,0.0,organic,2018,Detroit
11804,3/11/2018,1.23,52514.65,1549.8,20242.92,0.0,30687.37,27074.68,3612.69,0.0,organic,2018,Detroit
11805,3/18/2018,1.2,63356.5,1452.72,18641.57,0.0,43210.85,22871.48,20339.37,0.0,organic,2018,Detroit
11806,3/25/2018,1.43,20507.49,687.46,2729.79,0.0,16887.0,13920.18,2966.82,0.0,organic,2018,Detroit
11807,4/1/2018,1.27,21992.87,802.07,3184.76,0.0,17859.99,16612.55,1247.44,0.0,organic,2018,Detroit
11808,4/8/2018,1.42,20731.56,686.0,3244.52,0.0,16751.3,15123.86,1627.44,0.0,organic,2018,Detroit
11809,4/15/2018,1.46,21804.19,895.52,3112.78,0.0,17682.06,14302.62,3379.44,0.0,organic,2018,Detroit
11810,4/22/2018,1.44,21124.16,565.29,2264.45,0.0,18262.25,12626.29,5635.96,0.0,organic,2018,Detroit
11811,4/29/2018,1.35,30160.63,495.67,2566.93,0.0,27004.97,18491.45,8513.52,0.0,organic,2018,Detroit
11812,5/6/2018,1.53,25319.03,526.24,2981.91,0.0,21775.28,11955.9,9819.38,0.0,organic,2018,Detroit
11813,5/13/2018,1.53,21686.57,471.71,2846.5,0.0,18339.05,10473.99,7865.06,0.0,organic,2018,Detroit
11814,5/20/2018,1.51,25162.93,596.09,3340.73,0.0,17147.59,8205.39,8942.2,0.0,organic,2018,Detroit
11815,5/27/2018,1.03,120538.96,1910.03,4210.24,0.0,20828.26,12136.26,8692.0,0.0,organic,2018,Detroit
11816,6/3/2018,1.0,113734.92,867.2,4281.68,0.0,13708.79,6531.95,7176.84,0.0,organic,2018,Detroit
11817,6/10/2018,1.22,76602.97,564.16,3173.23,0.0,15744.99,7544.8,8200.19,0.0,organic,2018,Detroit
11818,6/17/2018,0.69,129365.19,873.22,3484.53,0.0,17061.0,11321.87,5739.13,0.0,organic,2018,Detroit
11819,6/24/2018,0.77,51375.06,770.96,3062.19,0.0,10017.85,7888.74,2129.11,0.0,organic,2018,Detroit
11820,7/1/2018,1.45,19633.82,499.45,3127.98,0.0,12916.65,8121.93,4794.72,0.0,organic,2018,Detroit
11821,7/8/2018,1.4,22546.88,537.05,3382.25,0.0,18208.16,12674.24,5533.92,0.0,organic,2018,Detroit
11822,7/15/2018,1.52,16360.94,607.89,3373.35,0.0,12296.46,8465.84,3830.62,0.0,organic,2018,Detroit
11823,7/22/2018,1.47,22818.84,706.2,3513.83,0.0,18496.85,10511.68,7985.17,0.0,organic,2018,Detroit
11824,7/29/2018,1.25,21257.79,795.38,4221.51,0.0,16186.95,5862.94,10324.01,0.0,organic,2018,Detroit
11825,8/5/2018,1.13,34195.11,975.79,4696.09,0.0,28508.72,17509.12,10999.6,0.0,organic,2018,Detroit
11826,8/12/2018,1.48,14243.39,596.61,4556.17,0.0,9047.55,7152.58,1894.97,0.0,organic,2018,Detroit
11827,8/19/2018,1.57,14796.88,599.83,4342.82,0.0,9789.25,7741.97,2047.28,0.0,organic,2018,Detroit
11828,8/26/2018,1.63,12640.95,585.33,3670.19,0.0,8304.99,5015.7,3289.29,0.0,organic,2018,Detroit
11829,9/2/2018,1.59,15160.92,711.98,3533.31,0.0,10892.19,6467.68,4424.51,0.0,organic,2018,Detroit
11830,9/9/2018,1.53,14326.6,653.75,3519.6,0.0,10116.65,7546.96,2569.69,0.0,organic,2018,Detroit
11831,9/16/2018,1.6,14228.89,522.03,3811.84,0.0,9828.38,5982.19,3846.19,0.0,organic,2018,Detroit
11832,9/23/2018,1.56,15937.83,714.4,3405.82,0.0,11788.9,7853.52,3935.38,0.0,organic,2018,Detroit
11833,9/30/2018,1.57,14601.0,513.49,2952.35,0.0,11112.23,7274.86,3837.37,0.0,organic,2018,Detroit
11834,10/7/2018,1.56,15296.72,525.22,3189.34,0.0,11562.3,7417.13,4145.17,0.0,organic,2018,Detroit
11835,10/14/2018,1.42,21864.14,453.35,2709.88,0.0,18687.11,12663.53,6023.58,0.0,organic,2018,Detroit
11836,10/21/2018,1.21,18294.19,584.05,2151.05,0.0,15559.09,14672.74,886.35,0.0,organic,2018,Detroit
11837,10/28/2018,1.3,13296.64,619.02,2014.13,0.0,10663.49,9980.13,683.36,0.0,organic,2018,Detroit
11838,11/4/2018,1.3,14270.24,828.55,1969.18,0.0,11472.51,10103.21,1369.3,0.0,organic,2018,Detroit
11839,11/11/2018,1.44,15099.59,630.06,2067.42,0.0,12402.11,8520.75,3881.36,0.0,organic,2018,Detroit
11840,11/18/2018,1.42,19048.04,548.34,2514.32,0.0,15985.38,9787.04,6198.34,0.0,organic,2018,Detroit
11841,11/25/2018,1.53,20208.71,615.9,3117.44,0.0,16475.37,8290.94,8184.43,0.0,organic,2018,Detroit
11842,12/2/2018,1.37,17609.59,538.56,3335.84,0.0,13735.19,11137.28,2597.91,0.0,organic,2018,Detroit
