Laura/avocado_sales_2018.csv
,Date,AveragePrice,Total Volume,4046,4225,4770,Total Bags,Small Bags,Large Bags,XLarge Bags,type,year,region
11995,1/1/2018,1.28,6792.67,9.88,770.79,0.0,6012.0,5991.42,20.58,0.0,organic,2018,Grand Rapids
11996,1/7/2018,1.25,11449.3,12.71,3013.06,0.0,8423.53,8423.53,0.0,0.0,organic,2018,Grand Rapids
11997,1/14/2018,1.32,10308.41,14.16,1519.63,0.0,8774.62,8744.72,29.9,0.0,organic,2018,Grand Rapids
11998,1/21/2018,1.31,8566.64,4.26,1118.8,0.0,7443.58,7418.31,25.27,0.0,organic,2018,Grand Rapids
11999,1/28/2018,1.26,8251.66,45.63,737.22,0.0,7468.81,7468.81,0.0,0.0,organic,2018,Grand Rapids
12000,2/4/2018,1.21,8320.22,15.77,626.63,0.0,7677.82,7677.82,0.0,0.0,organic,2018,Grand Rapids
12001,2/11/2018,1.25,8859.53,11.55,2034.77,0.0,6813.21,6813.21,0.0,0.0,organic,2018,Grand Rapids
12002,2/18/2018,1.29,7658.93,5.81,858.31,0.0,6794.81,6794.81,0.0,0.0,organic,2018,Grand Rapids
12003,2/25/2018,1.34,7115.37,10.15,1084.45,0.0,6020.77,6007.44,13.33,0.0,organic,2018,Grand Rapids
12004,3/4/2018,1.01,17987.77,78.5,7765.2,0.0,10144.07,10144.07,0.0,0.0,organic,2018,Grand Rapids
12005,3/11/2018,1.32,8381.09,35.72,1201.8,0.0,7143.57,7143.57,0.0,0.0,organic,2018,Grand Rapids
12006,3/18/2018,1.33,9211.25,4.48,1362.75,0.0,7844.02,7815.81,28.21,0.0,organic,2018,Grand Rapids
12007,3/25/2018,1.34,8539.23,73.78,1301.09,0.0,7164.36,7162.69,1.67,0.0,organic,2018,Grand Rapids
12008,4/1/2018,1.18,10172.47,24.06,1061.7,0.0,9086.71,9083.38,3.33,0.0,organic,2018,Grand Rapids
12009,4/8/2018,1.3,10266.68,22.88,3631.16,0.0,6612.64,6609.31,3.33,0.0,organic,2018,Grand Rapids
12010,4/15/2018,1.39,9683.22,56.8,1806.76,0.0,7819.66,7816.33,3.33,0.0,organic,2018,Grand Rapids
12011,4/22/2018,1.31,8821.8,3.06,1181.05,0.0,7637.69,7608.79,28.9,0.0,organic,2018,Grand Rapids
12012,4/29/2018,1.16,11368.32,33.67,1212.23,0.0,10122.42,10090.18,32.24,0.0,organic,2018,Grand Rapids
12013,5/6/2018,1.29,8721.35,30.52,1075.76,0.0,7615.07,7608.29,6.78,0.0,organic,2018,Grand Rapids
12014,5/13/2018,1.26,9762.71,37.8,984.26,0.0,8740.65,8720.49,20.16,0.0,organic,2018,Grand Rapids
12015,5/20/2018,1.29,8436.07,52.52,1269.4,0.0,7114.15,7029.12,85.03,0.0,organic,2018,Grand Rapids
12016,5/27/2018,1.24,15298.32,104.56,5620.77,0.0,9572.99,9531.49,41.5,0.0,organic,2018,Grand Rapids
12017,6/3/2018,1.32,9836.79,17.79,3506.16,0.0,6312.84,6312.84,0.0,0.0,organic,2018,Grand Rapids
12018,6/10/2018,1.31,10884.69,26.57,3778.32,0.0,7079.8,7030.55,49.25,0.0,organic,2018,Grand Rapids
12019,6/17/2018,1.2,17517.67,74.94,4635.8,0.0,12806.93,12798.7,8.23,0.0,organic,2018,Grand Rapids
12020,6/24/2018,1.34,9792.33,59.93,1438.38,0.0,8294.02,8287.36,6.66,0.0,organic,2018,Grand Rapids
12021,7/1/2018,1.32,12622.26,34.88,2691.33,0.0,9896.05,9847.2,48.85,0.0,organic,2018,Grand Rapids
12022,7/8/2018,1.2,13456.06,31.78,1544.42,0.0,11879.86,11854.17,25.69,0.0,organic,2018,Grand Rapids
12023,7/15/2018,1.31,10408.72,15.39,1197.76,0.0,9195.57,9134.72,60.85,0.0,organic,2018,Grand Rapids
12024,7/22/2018,1.22,12562.9,36.43,1137.82,0.0,11388.65,11335.71,52.94,0.0,organic,2018,Grand Rapids
12025,7/29/2018,1.3,13461.22,58.69,4509.17,0.0,8893.36,8795.05,98.31,0.0,organic,2018,Grand Rapids
12026,8/5/2018,1.26,9204.69,12.63,1100.36,0.0,8091.7,8019.59,72.11,0.0,organic,2018,Grand Rapids
12027,8/12/2018,1.32,9546.55,38.6,1394.2,0.0,8113.75,8067.09,46.66,0.0,organic,2018,Grand Rapids
12028,8/19/2018,1.3,9588.97,36.28,1207.53,0.0,8345.16,8278.49,66.67,0.0,organic,2018,Grand Rapids
12029,8/26/2018,1.24,9935.35,41.55,792.5,0.0,9101.3,9094.63,6.67,0.0,organic,2018,Grand Rapids
12030,9/2/2018,1.26,11304.42,21.66,1080.41,0.0,10202.35,10154.73,47.62,0.0,organic,2018,Grand Rapids
12031,9/9/2018,1.37,10763.9,61.26,1370.53,0.0,9332.11,9332.11,0.0,0.0,organic,2018,Grand Rapids
12032,9/16/2018,1.41,9825.75,45.92,1430.74,0.0,8349.09,8152.53,196.56,0.0,organic,2018,Grand Rapids
12033,9/23/2018,1.41,10749.35,37.66,1487.75,0.0,9223.94,8897.08,326.86,0.0,organic,2018,Grand Rapids
12034,9/30/2018,1.37,9777.1,45.07,1155.94,0.0,8576.09,8553.47,22.62,0.0,organic,2018,Grand Rapids
12035,10/7/2018,1.35,11636.91,36.7,2750.77,0.0,8849.44,8841.29,8.15,0.0,organic,2018,Grand Rapids
12036,10/14/2018,1.29,10612.99,22.2,1025.47,0.0,9565.32,9565.32,0.0,0.0,organic,2018,Grand Rapids
12037,10/21/2018,1.29,15885.89,68.27,5182.69,0.0,10634.93,10634.93,0.0,0.0,organic,2018,Grand Rapids
12038,10/28/2018,1.35,10634.51,38.76,1544.42,0.0,9051.33,9018.2,33.13,0.0,organic,2018,Grand Rapids
12039,11/4/2018,1.29,10556.22,72.91,1702.12,0.0,8781.19,8776.23,4.96,0.0,organic,2018,Grand Rapids
12040,11/11/2018,1.08,16741.25,17.91,1176.18,0.0,15547.16,15547.16,0.0,0.0,organic,2018,Grand Rapids
12041,11/18/2018,1.05,16767.44,5.98,1323.73,0.0,15437.73,15331.36,106.37,0.0,organic,2018,Grand Rapids
12042,11/25/2018,1.16,12454.47,66.19,976.36,0.0,11411.92,10520.98,890.94,0.0,organic,2018,Grand Rapids
12043,12/2/2018,1.27,9716.38,26.89,1351.38,0.0,8338.11,8143.99,194.12,0.0,organic,2018,Grand Rapids
12553,1/1/2018,1.36,25590.34,9524.47,114.02,0.0,15951.85,15635.18,316.67,0.0,organic,2018,Houston
12554,1/7/2018,1.38,30428.43,9238.55,61.24,0.0,21128.64,20778.64,350.0,0.0,organic,2018,Houston
12555,1/14/2018,1.49,35522.77,11013.42,108.93,0.0,24400.42,23953.75,446.67,0.0,organic,2018,Houston
12556,1/21/2018,1.41,32722.61,7335.69,43.11,0.0,25343.81,25100.48,243.33,0.0,organic,2018,Houston
12557,1/28/2018,1.45,26854.2,10288.17,114.77,0.0,16451.26,16394.59,56.67,0.0,organic,2018,Houston
12558,2/4/2018,1.43,27155.44,10163.94,216.52,0.0,16774.98,16644.99,129.99,0.0,organic,2018,Houston
12559,2/11/2018,1.4,24385.65,5208.72,60.53,0.0,19116.4,19029.73,86.67,0.0,organic,2018,Houston
12560,2/18/2018,1.41,31029.02,6697.58,149.14,0.0,24182.3,24082.3,100.0,0.0,organic,2018,Houston
12561,2/25/2018,1.41,25590.99,5721.05,68.95,0.0,19800.99,19544.33,256.66,0.0,organic,2018,Houston
12562,3/4/2018,1.37,28699.66,6442.57,67.11,0.0,22189.98,21933.32,256.66,0.0,organic,2018,Houston
12563,3/11/2018,1.26,40506.15,8456.51,165.94,0.0,31883.7,31440.37,443.33,0.0,organic,2018,Houston
12564,3/18/2018,1.07,30564.4,7515.02,138.75,0.0,22910.63,22467.29,443.34,0.0,organic,2018,Houston
12565,3/25/2018,1.31,36999.72,8247.81,67.33,0.0,28684.58,28094.58,590.0,0.0,organic,2018,Houston
12566,4/1/2018,1.15,40863.98,8281.07,84.29,0.0,32498.62,31798.62,700.0,0.0,organic,2018,Houston
12567,4/8/2018,1.4,35239.75,6251.23,111.74,0.0,28876.78,28213.45,663.33,0.0,organic,2018,Houston
12568,4/15/2018,1.25,33291.89,6479.96,87.1,0.0,26724.83,26161.5,563.33,0.0,organic,2018,Houston
12569,4/22/2018,1.23,31696.25,7004.95,115.01,0.0,24576.29,24066.29,510.0,0.0,organic,2018,Houston
12570,4/29/2018,1.43,33305.27,6553.29,87.46,0.0,26664.52,26131.19,533.33,0.0,organic,2018,Houston
12571,5/6/2018,1.21,31129.37,7027.85,154.32,0.0,23947.2,23493.87,453.33,0.0,organic,2018,Houston
12572,5/13/2018,1.14,28860.29,6228.15,193.99,0.0,22438.15,21961.48,476.67,0.0,organic,2018,Houston
12573,5/20/2018,1.25,33998.54,7234.38,187.57,0.0,26576.59,26096.59,480.0,0.0,organic,2018,Houston
12574,5/27/2018,1.23,31498.02,6386.59,68.2,0.0,25043.23,24299.9,743.33,0.0,organic,2018,Houston
12575,6/3/2018,1.39,32252.0,8826.32,119.16,0.0,23306.52,22506.51,800.01,0.0,organic,2018,Houston
12576,6/10/2018,1.42,39360.97,12346.99,174.95,0.0,26839.03,25919.04,919.99,0.0,organic,2018,Houston
12577,6/17/2018,1.39,44901.97,9130.76,147.24,0.0,35623.97,35083.97,540.0,0.0,organic,2018,Houston
12578,6/24/2018,1.36,33556.22,7306.66,83.2,0.0,26166.36,25396.36,770.0,0.0,organic,2018,Houston
12579,7/1/2018,1.26,26041.73,5546.08,60.06,0.0,20435.59,19546.06,889.53,0.0,organic,2018,Houston
12580,7/8/2018,1.35,24313.22,5906.98,66.51,0.0,18339.73,17436.4,903.33,0.0,organic,2018,Houston
12581,7/15/2018,1.31,32339.53,6864.69,30.13,0.0,25444.71,24544.71,900.0,0.0,organic,2018,Houston
12582,7/22/2018,1.16,29847.63,5066.4,28.02,0.0,24753.21,24000.99,752.22,0.0,organic,2018,Houston
12583,7/29/2018,1.14,28129.67,6116.76,73.36,0.0,21939.55,21462.88,476.67,0.0,organic,2018,Houston
12584,8/5/2018,0.84,101063.25,6980.82,174.79,0.0,93907.64,93340.97,566.67,0.0,organic,2018,Houston
12585,8/12/2018,1.45,29686.56,6814.73,121.08,0.0,22750.75,21950.75,800.0,0.0,organic,2018,Houston
12586,8/19/2018,0.77,61481.09,7127.42,146.89,0.0,54206.78,53556.78,650.0,0.0,organic,2018,Houston
12587,8/26/2018,0.85,65192.09,8485.83,159.75,0.0,56546.51,55876.51,670.0,0.0,organic,2018,Houston
12588,9/2/2018,1.02,40284.89,8705.89,70.68,0.0,31508.32,30984.98,523.34,0.0,organic,2018,Houston
12589,9/9/2018,1.05,42268.89,9111.48,147.65,0.0,33009.76,32463.1,546.66,0.0,organic,2018,Houston
12590,9/16/2018,1.04,43111.17,8825.28,607.35,0.0,33678.54,33108.54,570.0,0.0,organic,2018,Houston
12591,9/23/2018,1.04,33428.72,7790.86,158.61,0.0,25479.25,23952.59,1526.66,0.0,organic,2018,Houston
12592,9/30/2018,1.43,31949.35,6201.2,188.38,0.0,25559.77,21683.11,3876.66,0.0,organic,2018,Houston
12593,10/7/2018,1.6,27644.98,5403.22,83.44,0.0,22158.32,21638.32,520.0,0.0,organic,2018,Houston
12594,10/14/2018,1.64,28457.28,5268.63,106.95,0.0,23081.7,21195.04,1886.66,0.0,organic,2018,Houston
12595,10/21/2018,1.7,23892.94,5141.59,154.91,0.0,18596.44,14786.44,3810.0,0.0,organic,2018,Houston
12596,10/28/2018,1.65,23567.61,4431.87,136.73,0.0,18999.01,18432.35,566.66,0.0,organic,2018,Houston
12597,11/4/2018,1.46,28612.5,4981.44,53.01,0.0,23578.05,20828.05,2750.0,0.0,organic,2018,Houston
12598,11/11/2018,1.27,29957.37,6799.21,32.09,0.0,23126.07,22472.74,653.33,0.0,organic,2018,Houston
12599,11/18/2018,1.34,27966.72,5505.49,19.26,0.0,22441.97,20348.63,2093.34,0.0,organic,2018,Houston
12600,11/25/2018,1.53,20217.4,3158.97,32.11,0.0,17026.32,16382.99,643.33,0.0,organic,2018,Houston
12601,12/2/2018,1.57,26569.67,3764.49,55.68,0.0,22749.5,21939.5,810.0,0.0,organic,2018,Houston
12806,1/1/2018,1.45,9437.04,200.76,1231.56,0.0,8004.72,5566.32,2438.4,0.0,organic,2018,Indianapolis
12807,1/7/2018,1.46,9885.05,205.23,1460.83,0.0,8204.03,5889.7,2314.33,0.0,organic,2018,Indianapolis
12808,1/14/2018,1.46,13651.18,221.76,1861.23,0.0,11544.01,8183.14,3360.87,0.0,organic,2018,Indianapolis
12809,1/21/2018,1.48,9495.46,281.81,1266.88,0.0,7884.46,4149.72,3734.74,0.0,organic,2018,Indianapolis
12810,1/28/2018,1.4,8935.85,205.04,1254.73,0.0,7455.25,4711.37,2743.88,0.0,organic,2018,Indianapolis
12811,2/4/2018,1.36,9773.21,275.47,1302.43,0.0,8144.5,5633.86,2510.64,0.0,organic,2018,Indianapolis
12812,2/11/2018,1.34,8377.74,280.47,939.13,0.0,7105.49,5468.35,1637.14,0.0,organic,2018,Indianapolis
12813,2/18/2018,1.34,7478.79,230.01,1110.05,0.0,6084.89,3988.42,2096.47,0.0,organic,2018,Indianapolis
12814,2/25/2018,1.45,9345.93,256.43,1278.39,0.0,7761.04,4655.23,3105.81,0.0,organic,2018,Indianapolis
12815,3/4/2018,1.23,10713.61,283.05,1481.74,0.0,8706.42,6217.0,2489.42,0.0,organic,2018,Indianapolis
12816,3/11/2018,1.22,15216.33,341.99,3553.23,0.0,11298.11,8448.16,2849.95,0.0,organic,2018,Indianapolis
12817,3/18/2018,1.2,17377.59,384.68,3856.94,0.0,13122.54,7412.71,5709.83,0.0,organic,2018,Indianapolis
12818,3/25/2018,1.28,9506.07,319.39,1427.13,0.0,7685.05,3437.74,4247.31,0.0,organic,2018,Indianapolis
12819,4/1/2018,1.23,10655.15,254.97,1630.28,0.0,8582.77,4731.88,3850.89,0.0,organic,2018,Indianapolis
12820,4/8/2018,1.24,9949.83,310.28,1507.33,0.0,7935.49,4678.61,3256.88,0.0,organic,2018,Indianapolis
12821,4/15/2018,1.27,9992.44,269.02,1239.44,0.0,8407.67,5468.29,2939.38,0.0,organic,2018,Indianapolis
12822,4/22/2018,1.33,11181.07,279.61,1123.23,0.0,9778.23,6245.55,3532.68,0.0,organic,2018,Indianapolis
12823,4/29/2018,1.29,12972.05,241.55,1529.78,0.0,11200.72,4671.63,6529.09,0.0,organic,2018,Indianapolis
12824,5/6/2018,1.31,9713.07,349.34,1384.94,0.0,7978.79,3557.35,4421.44,0.0,organic,2018,Indianapolis
12825,5/13/2018,1.33,10188.27,465.51,1197.29,0.0,8525.47,3455.36,5070.11,0.0,organic,2018,Indianapolis
12826,5/20/2018,1.37,11441.53,353.24,1360.4,0.0,9727.89,3147.35,6580.54,0.0,organic,2018,Indianapolis
12827,5/27/2018,1.3,11764.21,332.45,1809.58,0.0,9562.19,3331.35,6230.84,0.0,organic,2018,Indianapolis
12828,6/3/2018,1.34,9642.97,415.25,1726.45,0.0,7466.29,2458.37,5007.92,0.0,organic,2018,Indianapolis
12829,6/10/2018,1.39,10964.85,333.14,1340.93,0.0,9290.78,3029.23,6261.55,0.0,organic,2018,Indianapolis
12830,6/17/2018,1.33,11838.56,377.05,1317.89,0.0,10059.43,3581.68,6477.75,0.0,organic,2018,Indianapolis
12831,6/24/2018,1.34,10841.2,362.87,1134.27,0.0,9289.99,3598.62,5691.37,0.0,organic,2018,Indianapolis
12832,7/1/2018,1.36,10766.21,351.75,1339.32,0.0,9056.44,3236.24,5820.2,0.0,organic,2018,Indianapolis
12833,7/8/2018,1.3,8634.4,256.6,1388.31,0.0,6965.5,2514.7,4450.8,0.0,organic,2018,Indianapolis
12834,7/15/2018,1.38,9866.66,310.07,1588.04,0.0,7928.5,3072.77,4855.73,0.0,organic,2018,Indianapolis
12835,7/22/2018,1.34,11226.02,346.48,1818.9,0.0,9042.94,3961.25,5081.69,0.0,organic,2018,Indianapolis
12836,7/29/2018,1.4,10753.7,400.63,1715.23,0.0,8620.36,2738.22,5882.14,0.0,organic,2018,Indianapolis
12837,8/5/2018,1.34,11234.68,565.3,1596.8,0.0,9069.97,2224.3,6845.67,0.0,organic,2018,Indianapolis
12838,8/12/2018,1.35,8795.16,358.53,1630.99,0.0,6805.64,2438.33,4367.31,0.0,organic,2018,Indianapolis
12839,8/19/2018,1.38,9060.75,532.5,1667.11,0.0,6861.14,2091.84,4769.3,0.0,organic,2018,Indianapolis
12840,8/26/2018,1.43,7977.07,406.79,1401.03,0.0,6169.25,2463.45,3705.8,0.0,organic,2018,Indianapolis
12841,9/2/2018,1.56,11125.21,546.82,1767.26,0.0,8803.4,3483.82,5319.58,0.0,organic,2018,Indianapolis
12842,9/9/2018,1.52,8659.97,510.6,1672.74,0.0,6476.63,2731.37,3745.26,0.0,organic,2018,Indianapolis
12843,9/16/2018,1.56,8093.08,600.03,1526.57,0.0,5966.48,2171.69,3794.79,0.0,organic,2018,Indianapolis
12844,9/23/2018,1.48,8895.64,417.4,1225.64,0.0,7252.6,3660.3,3592.3,0.0,organic,2018,Indianapolis
12845,9/30/2018,1.47,9852.64,317.76,1389.5,0.0,8145.38,3938.39,4206.99,0.0,organic,2018,Indianapolis
12846,10/7/2018,1.42,10763.35,307.81,1274.77,0.0,9180.77,4876.69,4304.08,0.0,organic,2018,Indianapolis
12847,10/14/2018,1.19,12369.2,250.4,875.53,0.0,11243.27,8263.18,2980.09,0.0,organic,2018,Indianapolis
12848,10/21/2018,1.23,11870.6,290.03,885.72,0.0,10694.85,7577.97,3116.88,0.0,organic,2018,Indianapolis
12849,10/28/2018,1.34,10660.2,222.87,1130.37,0.0,9306.96,5525.38,3781.58,0.0,organic,2018,Indianapolis
12850,11/4/2018,1.26,11254.02,244.13,990.37,0.0,10019.52,6457.18,3562.34,0.0,organic,2018,Indianapolis
12851,11/11/2018,1.33,9588.04,233.83,883.01,0.0,8471.2,5443.0,3028.2,0.0,organic,2018,Indianapolis
12852,11/18/2018,1.32,8425.48,312.55,771.38,0.0,7341.55,4607.08,2734.47,0.0,organic,2018,Indianapolis
12853,11/25/2018,1.44,8697.96,448.16,808.83,0.0,7440.97,2988.8,4452.17,0.0,organic,2018,Indianapolis
12854,12/2/2018,1.37,8862.91,330.33,1132.68,0.0,7399.9,4126.63,3273.27,0.0,organic,2018,Indianapolis
