Laura/avocado_sales_2018.csv
,Date,AveragePrice,Total Volume,4046,4225,4770,Total Bags,Small Bags,Large Bags,XLarge Bags,type,year,region
13059,1/1/2018,1.65,2023.95,44.23,496.69,5.06,1477.97,1431.11,46.86,0.0,organic,2018,Jacksonville
13060,1/7/2018,1.43,2989.39,43.23,531.48,0.0,2414.68,2400.05,14.63,0.0,organic,2018,Jacksonville
13061,1/14/2018,1.57,2808.84,44.77,587.12,5.12,2171.83,2171.83,0.0,0.0,organic,2018,Jacksonville
13062,1/21/2018,1.77,3510.16,67.15,597.85,6.46,2838.7,2105.56,733.14,0.0,organic,2018,Jacksonville
13063,1/28/2018,2.01,5704.39,160.85,1076.66,6.49,4460.39,1776.66,2683.73,0.0,organic,2018,Jacksonville
13064,2/4/2018,1.62,2838.38,57.22,465.58,0.0,2315.58,2008.9,306.68,0.0,organic,2018,Jacksonville
13065,2/11/2018,1.83,5216.61,165.47,836.48,6.51,4208.15,2420.23,1787.92,0.0,organic,2018,Jacksonville
13066,2/18/2018,1.89,5389.68,149.89,1094.56,2.62,4142.61,2283.94,1858.67,0.0,organic,2018,Jacksonville
13067,2/25/2018,1.73,4988.75,106.24,915.35,0.0,3967.16,2877.78,1089.38,0.0,organic,2018,Jacksonville
13068,3/4/2018,1.92,6562.68,176.31,1177.74,0.0,5208.63,2442.22,2766.41,0.0,organic,2018,Jacksonville
13069,3/11/2018,1.53,3375.33,92.46,616.99,3.93,2661.95,2561.1,100.85,0.0,organic,2018,Jacksonville
13070,3/18/2018,1.6,4077.51,87.69,667.47,3.93,3318.42,2769.35,549.07,0.0,organic,2018,Jacksonville
13071,3/25/2018,1.75,5518.73,171.22,806.65,3.93,4536.93,2944.89,1592.04,0.0,organic,2018,Jacksonville
13072,4/1/2018,1.94,6809.6,212.62,1092.33,7.85,5496.8,2421.71,3075.09,0.0,organic,2018,Jacksonville
13073,4/8/2018,1.9,7296.13,210.14,1149.58,13.05,5923.36,2877.46,3045.9,0.0,organic,2018,Jacksonville
13074,4/15/2018,1.74,5872.54,120.28,990.38,2.61,4759.27,3270.8,1488.47,0.0,organic,2018,Jacksonville
13075,4/22/2018,1.75,5194.54,123.25,919.52,2.66,4149.11,2809.61,1339.5,0.0,organic,2018,Jacksonville
13076,4/29/2018,1.94,6550.3,207.06,1092.77,0.0,5250.47,2158.5,3091.97,0.0,organic,2018,Jacksonville
13077,5/6/2018,1.85,4445.33,117.66,892.08,5.32,3430.27,1864.06,1566.21,0.0,organic,2018,Jacksonville
13078,5/13/2018,1.39,3397.23,41.18,471.34,15.93,2868.78,2666.67,202.11,0.0,organic,2018,Jacksonville
13079,5/20/2018,1.56,3772.87,97.14,530.38,7.96,3137.39,2983.79,153.6,0.0,organic,2018,Jacksonville
13080,5/27/2018,1.77,5678.59,271.45,730.94,13.24,4662.96,4447.66,215.3,0.0,organic,2018,Jacksonville
13081,6/3/2018,1.46,3567.59,53.25,583.18,2.64,2928.52,2875.23,53.29,0.0,organic,2018,Jacksonville
13082,6/10/2018,1.8,5398.52,212.16,832.58,0.0,4353.78,4341.64,12.14,0.0,organic,2018,Jacksonville
13083,6/17/2018,1.53,3441.08,87.53,528.29,2.64,2822.62,2810.49,12.13,0.0,organic,2018,Jacksonville
13084,6/24/2018,1.36,3917.87,51.28,584.7,10.56,3271.33,3249.6,21.73,0.0,organic,2018,Jacksonville
13085,7/1/2018,1.32,2890.04,79.0,579.46,1.32,2230.26,2230.26,0.0,0.0,organic,2018,Jacksonville
13086,7/8/2018,1.31,3868.7,71.23,621.3,0.0,3176.17,3176.17,0.0,0.0,organic,2018,Jacksonville
13087,7/15/2018,1.31,3863.63,33.0,617.17,5.28,3208.18,3143.64,64.54,0.0,organic,2018,Jacksonville
13088,7/22/2018,1.48,4539.71,97.77,765.7,2.64,3673.6,2660.0,1013.6,0.0,organic,2018,Jacksonville
13089,7/29/2018,1.45,3025.39,75.59,644.06,5.28,2300.46,1840.0,460.46,0.0,organic,2018,Jacksonville
13090,8/5/2018,1.35,3519.98,65.26,611.39,0.0,2843.33,2843.33,0.0,0.0,organic,2018,Jacksonville
13091,8/12/2018,1.58,5895.35,205.59,1037.32,0.0,4652.44,2537.74,2114.7,0.0,organic,2018,Jacksonville
13092,8/19/2018,1.65,5409.34,216.71,1151.41,1.31,4039.91,2258.47,1781.44,0.0,organic,2018,Jacksonville
13093,8/26/2018,1.3,5955.51,83.32,815.1,0.0,5057.09,5020.0,37.09,0.0,organic,2018,Jacksonville
13094,9/2/2018,1.39,7374.08,139.32,1059.6,2.63,6172.53,6164.4,8.13,0.0,organic,2018,Jacksonville
13095,9/9/2018,1.56,5779.92,144.53,1094.74,0.0,4540.65,4526.67,13.98,0.0,organic,2018,Jacksonville
13096,9/16/2018,1.43,5240.83,116.07,723.51,2.64,4398.61,3636.21,762.4,0.0,organic,2018,Jacksonville
13097,9/23/2018,1.68,7753.1,218.27,1280.71,5.28,6248.84,2856.66,3392.18,0.0,organic,2018,Jacksonville
13098,9/30/2018,1.53,3715.64,112.41,601.69,11.88,2989.66,2844.44,145.22,0.0,organic,2018,Jacksonville
13099,10/7/2018,1.52,4049.25,145.47,603.8,0.0,3299.98,3191.11,108.87,0.0,organic,2018,Jacksonville
13100,10/14/2018,1.56,3660.44,98.11,697.94,14.57,2849.82,2551.11,298.71,0.0,organic,2018,Jacksonville
13101,10/21/2018,1.67,6277.37,141.97,1126.16,7.96,5001.28,2609.25,2392.03,0.0,organic,2018,Jacksonville
13102,10/28/2018,1.61,5368.16,121.52,768.36,0.0,4478.28,3219.99,1258.29,0.0,organic,2018,Jacksonville
13103,11/4/2018,1.64,4871.19,99.58,782.7,15.92,3972.99,2671.45,1301.54,0.0,organic,2018,Jacksonville
13104,11/11/2018,1.7,6745.67,210.04,1032.85,6.65,5496.13,2650.0,2846.13,0.0,organic,2018,Jacksonville
13105,11/18/2018,1.7,5831.51,161.74,841.21,7.99,4820.57,2356.67,2463.9,0.0,organic,2018,Jacksonville
13106,11/25/2018,1.65,404.62,3.33,114.22,5.31,281.76,256.67,25.09,0.0,organic,2018,Jacksonville
13107,12/2/2018,1.5,2425.03,54.53,151.61,2.66,2216.23,2195.55,20.68,0.0,organic,2018,Jacksonville
13260,1/1/2018,1.55,9413.05,1479.66,1733.93,0.0,6199.46,6190.31,9.15,0.0,organic,2018,Las Vegas
13261,1/7/2018,1.73,10293.36,1701.33,2012.1,0.0,6579.93,6553.06,26.87,0.0,organic,2018,Las Vegas
13262,1/14/2018,1.98,9883.94,1497.55,2199.58,0.0,6186.81,6180.41,6.4,0.0,organic,2018,Las Vegas
13263,1/21/2018,1.91,7491.53,1096.07,1280.31,0.0,5115.15,5115.15,0.0,0.0,organic,2018,Las Vegas
13264,1/28/2018,1.78,8672.12,1005.73,2110.22,0.0,5556.17,5538.46,17.71,0.0,organic,2018,Las Vegas
13265,2/4/2018,1.79,9503.13,1479.32,1512.78,0.0,6511.03,6465.39,45.64,0.0,organic,2018,Las Vegas
13266,2/11/2018,1.7,9399.33,1244.97,1641.29,0.0,6513.07,6503.74,9.33,0.0,organic,2018,Las Vegas
13267,2/18/2018,1.64,11078.27,1473.68,1915.56,0.0,7689.03,7665.64,23.39,0.0,organic,2018,Las Vegas
13268,2/25/2018,1.66,10302.5,1407.85,1898.15,0.0,6996.5,6957.59,38.91,0.0,organic,2018,Las Vegas
13269,3/4/2018,1.66,11529.02,1575.2,2190.42,0.0,7763.4,7763.4,0.0,0.0,organic,2018,Las Vegas
13270,3/11/2018,1.62,13792.54,1966.47,2132.96,0.0,9693.11,9686.91,6.2,0.0,organic,2018,Las Vegas
13271,3/18/2018,1.66,11198.86,1458.43,2174.4,0.0,7566.03,7545.71,20.32,0.0,organic,2018,Las Vegas
13272,3/25/2018,1.65,10720.47,1541.02,1842.23,0.0,7337.22,7283.04,54.18,0.0,organic,2018,Las Vegas
13273,4/1/2018,1.71,14113.57,2285.7,3303.89,0.0,8523.98,8452.32,71.66,0.0,organic,2018,Las Vegas
13274,4/8/2018,1.65,14883.34,1812.94,2788.45,0.0,10281.95,10271.95,10.0,0.0,organic,2018,Las Vegas
13275,4/15/2018,1.63,13240.76,1415.33,2748.04,0.0,9077.39,9074.35,3.04,0.0,organic,2018,Las Vegas
13276,4/22/2018,1.62,12195.34,1300.28,2645.68,0.0,8249.38,8244.53,4.85,0.0,organic,2018,Las Vegas
13277,4/29/2018,1.67,14164.34,1537.99,2841.16,0.0,9785.19,9767.62,17.57,0.0,organic,2018,Las Vegas
13278,5/6/2018,1.67,13035.16,1608.65,2781.67,0.0,8644.84,8643.33,1.51,0.0,organic,2018,Las Vegas
13279,5/13/2018,1.65,12612.74,1561.04,2457.01,0.0,8594.69,8594.69,0.0,0.0,organic,2018,Las Vegas
13280,5/20/2018,1.63,13608.12,1567.43,2221.79,0.0,9818.9,9818.9,0.0,0.0,organic,2018,Las Vegas
13281,5/27/2018,1.63,11739.48,1375.67,2772.38,0.0,7591.43,7581.43,10.0,0.0,organic,2018,Las Vegas
13282,6/3/2018,1.58,14497.03,1799.83,2452.6,0.0,10244.6,10241.27,3.33,0.0,organic,2018,Las Vegas
13283,6/10/2018,1.62,15317.11,1965.39,2299.14,0.0,11052.58,10998.48,54.1,0.0,organic,2018,Las Vegas
13284,6/17/2018,1.63,14850.84,1775.91,2484.56,0.0,10590.37,10557.02,33.35,0.0,organic,2018,Las Vegas
13285,6/24/2018,1.62,13183.63,2101.84,2152.46,0.0,8929.33,8877.16,52.17,0.0,organic,2018,Las Vegas
13286,7/1/2018,1.61,13210.63,2479.25,1981.29,0.0,8750.09,8728.35,21.74,0.0,organic,2018,Las Vegas
13287,7/8/2018,1.62,14316.66,2956.62,2071.88,0.0,9288.16,9267.89,20.27,0.0,organic,2018,Las Vegas
13288,7/15/2018,1.6,14464.01,2746.56,1997.11,0.0,9720.34,9715.95,4.39,0.0,organic,2018,Las Vegas
13289,7/22/2018,1.54,13221.39,2286.23,1897.91,0.0,9037.25,9012.22,25.03,0.0,organic,2018,Las Vegas
13290,7/29/2018,1.56,11831.36,1864.1,2419.33,0.0,7547.93,7488.38,59.55,0.0,organic,2018,Las Vegas
13291,8/5/2018,1.56,11511.93,1846.07,2180.62,0.0,7485.24,7421.5,63.74,0.0,organic,2018,Las Vegas
13292,8/12/2018,1.68,13066.15,3874.49,2438.05,0.0,6753.61,6636.03,117.58,0.0,organic,2018,Las Vegas
13293,8/19/2018,1.51,13806.2,1912.42,2402.11,0.0,9491.67,9461.48,30.19,0.0,organic,2018,Las Vegas
13294,8/26/2018,1.49,14722.17,2467.26,2482.47,0.0,9772.44,9745.1,27.34,0.0,organic,2018,Las Vegas
13295,9/2/2018,1.83,12920.32,6727.29,3140.04,0.0,3052.99,3043.96,9.03,0.0,organic,2018,Las Vegas
13296,9/9/2018,1.75,13968.45,4798.14,2453.64,0.0,6716.67,6653.33,63.34,0.0,organic,2018,Las Vegas
13297,9/16/2018,1.74,15318.56,2547.22,2750.09,0.0,10021.25,9997.92,23.33,0.0,organic,2018,Las Vegas
13298,9/23/2018,1.74,13804.62,2734.62,2428.69,0.0,8641.31,8621.31,20.0,0.0,organic,2018,Las Vegas
13299,9/30/2018,1.67,15932.76,2662.38,2623.7,0.0,10646.68,10646.68,0.0,0.0,organic,2018,Las Vegas
13300,10/7/2018,1.57,16822.39,2819.22,2278.92,0.0,11724.25,11724.25,0.0,0.0,organic,2018,Las Vegas
13301,10/14/2018,1.57,16268.56,2446.27,2082.04,0.0,11740.25,11731.42,8.83,0.0,organic,2018,Las Vegas
13302,10/21/2018,1.59,15062.78,2178.61,1900.7,0.0,10983.47,10979.09,4.38,0.0,organic,2018,Las Vegas
13303,10/28/2018,1.6,14820.93,2292.0,1962.35,0.0,10566.58,10563.66,2.92,0.0,organic,2018,Las Vegas
13304,11/4/2018,1.58,15488.08,2348.21,1930.46,0.0,11209.41,11209.41,0.0,0.0,organic,2018,Las Vegas
13305,11/11/2018,1.36,14630.58,2271.01,1599.43,0.0,10760.14,10760.14,0.0,0.0,organic,2018,Las Vegas
13306,11/18/2018,1.4,12212.61,2143.68,1252.78,0.0,8816.15,8807.38,8.77,0.0,organic,2018,Las Vegas
13307,11/25/2018,1.64,12396.03,3147.16,989.6,0.0,8259.27,8212.29,46.98,0.0,organic,2018,Las Vegas
13308,12/2/2018,1.72,7377.26,694.37,1745.81,0.0,4937.08,4934.15,2.93,0.0,organic,2018,Las Vegas
13513,1/1/2018,1.74,78872.75,15369.81,20722.83,0.0,42780.11,42693.41,86.7,0.0,organic,2018,Los Angeles
13514,1/7/2018,1.8,87517.23,20189.33,24193.04,0.0,43134.86,43077.03,57.83,0.0,organic,2018,Los Angeles
13515,1/14/2018,1.68,106624.63,15769.61,39738.42,0.0,51116.6,51104.4,12.2,0.0,organic,2018,Los Angeles
13516,1/21/2018,1.75,94441.5,9239.41,24527.98,0.0,60674.11,60647.03,27.08,0.0,organic,2018,Los Angeles
13517,1/28/2018,1.73,97026.15,11366.1,25056.37,0.0,60603.68,60596.54,7.14,0.0,organic,2018,Los Angeles
13518,2/4/2018,1.6,100274.88,12267.41,21472.21,0.0,66535.26,66486.1,49.16,0.0,organic,2018,Los Angeles
13519,2/11/2018,1.74,92968.52,11627.06,23735.33,0.0,57606.13,57577.44,28.69,0.0,organic,2018,Los Angeles
13520,2/18/2018,1.88,88854.41,9009.79,35316.2,0.0,44528.42,44519.43,8.99,0.0,organic,2018,Los Angeles
13521,2/25/2018,1.74,90985.4,10382.97,35406.21,0.0,45196.22,45169.68,26.54,0.0,organic,2018,Los Angeles
13522,3/4/2018,1.4,145608.11,14856.48,27596.01,0.0,103155.62,103108.51,47.11,0.0,organic,2018,Los Angeles
13523,3/11/2018,1.39,141932.83,12839.05,36894.48,0.0,92199.3,92190.53,8.77,0.0,organic,2018,Los Angeles
13524,3/18/2018,1.72,93566.16,10829.18,30437.33,0.0,52299.65,52187.11,112.54,0.0,organic,2018,Los Angeles
13525,3/25/2018,1.74,91739.92,11197.66,29959.26,0.0,50583.0,50420.81,162.19,0.0,organic,2018,Los Angeles
13526,4/1/2018,1.72,103982.03,14428.7,41294.82,0.0,48258.51,48124.84,133.67,0.0,organic,2018,Los Angeles
13527,4/8/2018,1.81,96383.93,16300.42,25670.63,0.0,54412.88,54395.62,17.26,0.0,organic,2018,Los Angeles
13528,4/15/2018,1.52,127038.59,26356.98,31579.67,0.0,69101.94,69088.04,13.9,0.0,organic,2018,Los Angeles
13529,4/22/2018,1.57,112906.12,20640.45,28358.06,0.0,63907.61,63898.86,8.75,0.0,organic,2018,Los Angeles
13530,4/29/2018,1.68,103260.3,21521.24,30199.83,0.0,51539.23,51519.33,19.9,0.0,organic,2018,Los Angeles
13531,5/6/2018,1.66,90590.94,22997.06,23616.8,0.0,43977.08,43963.75,13.33,0.0,organic,2018,Los Angeles
13532,5/13/2018,1.7,95883.72,17566.59,30976.7,0.0,47340.43,47340.43,0.0,0.0,organic,2018,Los Angeles
13533,5/20/2018,1.55,110641.29,18161.03,43747.54,0.0,48732.72,48725.79,6.93,0.0,organic,2018,Los Angeles
13534,5/27/2018,1.55,118992.1,21923.37,47370.84,0.0,49697.89,49672.48,25.41,0.0,organic,2018,Los Angeles
13535,6/3/2018,1.64,108958.64,25179.84,35238.63,0.0,48540.17,48526.83,13.34,0.0,organic,2018,Los Angeles
13536,6/10/2018,1.65,111594.7,18389.1,37990.45,0.0,55215.15,55201.82,13.33,0.0,organic,2018,Los Angeles
13537,6/17/2018,1.69,113924.09,21650.71,39267.87,0.0,53005.51,52995.93,9.58,0.0,organic,2018,Los Angeles
13538,6/24/2018,1.88,98118.95,22625.12,33207.25,0.0,42286.58,42276.3,10.28,0.0,organic,2018,Los Angeles
13539,7/1/2018,1.87,100906.49,23467.93,33398.8,0.0,44039.76,44020.98,18.78,0.0,organic,2018,Los Angeles
13540,7/8/2018,1.88,109917.99,26104.35,35591.01,0.0,48222.63,48091.18,131.45,0.0,organic,2018,Los Angeles
13541,7/15/2018,1.84,103513.53,23183.16,32513.94,0.0,47816.43,47800.72,15.71,0.0,organic,2018,Los Angeles
13542,7/22/2018,1.85,99547.25,20901.26,31562.69,0.0,47083.3,47070.62,12.68,0.0,organic,2018,Los Angeles
13543,7/29/2018,1.79,102241.61,21658.44,35796.87,0.0,44786.3,44209.25,577.05,0.0,organic,2018,Los Angeles
13544,8/5/2018,1.69,105646.26,20446.63,38272.25,0.0,46927.38,46768.15,159.23,0.0,organic,2018,Los Angeles
13545,8/12/2018,1.51,121326.96,20424.42,31118.72,0.0,69783.82,69353.82,430.0,0.0,organic,2018,Los Angeles
13546,8/19/2018,1.56,114455.33,23958.47,28530.13,0.0,61966.73,61600.98,365.75,0.0,organic,2018,Los Angeles
13547,8/26/2018,1.85,108554.9,18325.94,38294.42,0.0,51934.54,51284.86,649.68,0.0,organic,2018,Los Angeles
13548,9/2/2018,1.92,99930.13,22648.0,33803.29,0.0,43478.84,43165.8,313.04,0.0,organic,2018,Los Angeles
13549,9/9/2018,1.83,92729.22,16856.84,25834.74,0.0,50037.64,49910.79,126.85,0.0,organic,2018,Los Angeles
13550,9/16/2018,1.85,97542.1,20292.46,28358.73,0.0,48890.91,48741.79,149.12,0.0,organic,2018,Los Angeles
13551,9/23/2018,1.69,109788.22,21171.57,33461.86,0.0,55154.79,55053.24,101.55,0.0,organic,2018,Los Angeles
13552,9/30/2018,1.67,114452.14,19405.67,28306.04,0.0,66740.43,66678.86,61.57,0.0,organic,2018,Los Angeles
13553,10/7/2018,1.55,126201.59,17866.3,35277.89,0.0,73057.4,73041.04,16.36,0.0,organic,2018,Los Angeles
13554,10/14/2018,1.59,102353.8,20572.63,26276.64,0.0,55504.53,55504.53,0.0,0.0,organic,2018,Los Angeles
13555,10/21/2018,1.58,101455.52,15417.8,26537.5,0.0,59500.22,59468.71,31.51,0.0,organic,2018,Los Angeles
13556,10/28/2018,1.57,108369.25,21997.13,24466.68,0.0,61905.44,61849.36,56.08,0.0,organic,2018,Los Angeles
13557,11/4/2018,1.53,115277.4,19373.07,32978.81,1.64,62923.88,62900.24,23.64,0.0,organic,2018,Los Angeles
13558,11/11/2018,1.64,104225.88,19123.6,30757.63,0.0,54344.65,54342.83,1.82,0.0,organic,2018,Los Angeles
13559,11/18/2018,1.76,92326.3,14389.05,23731.52,0.0,54205.73,54192.97,12.76,0.0,organic,2018,Los Angeles
13560,11/25/2018,1.67,87364.03,9612.0,18787.08,0.0,58964.95,58959.49,5.46,0.0,organic,2018,Los Angeles
13561,12/2/2018,2.01,60341.1,7663.87,26754.23,0.0,25923.0,25912.17,10.83,0.0,organic,2018,Los Angeles
