Laura/avocado_sales_2018.csv
,Date,AveragePrice,Total Volume,4046,4225,4770,Total Bags,Small Bags,Large Bags,XLarge Bags,type,year,region
13818,1/1/2018,1.16,5828.21,1.27,755.49,0.0,5071.45,3623.32,1448.13,0.0,organic,2018,Louisville
13819,1/7/2018,1.38,4622.45,4.0,1207.46,0.0,3410.99,2226.12,1184.87,0.0,organic,2018,Louisville
13820,1/14/2018,1.54,3737.85,0.0,1199.91,0.0,2537.94,1769.94,768.0,0.0,organic,2018,Louisville
13821,1/21/2018,1.6,4170.14,1.0,1008.63,0.0,3160.51,1596.03,1564.48,0.0,organic,2018,Louisville
13822,1/28/2018,1.48,3245.58,1.27,1036.16,0.0,2208.15,1853.15,355.0,0.0,organic,2018,Louisville
13823,2/4/2018,1.48,3001.55,0.0,950.25,0.0,2051.3,1736.68,314.62,0.0,organic,2018,Louisville
13824,2/11/2018,1.56,2174.66,6.0,883.15,0.0,1285.51,1027.05,258.46,0.0,organic,2018,Louisville
13825,2/18/2018,1.59,2064.9,0.0,1076.45,0.0,988.45,975.57,12.88,0.0,organic,2018,Louisville
13826,2/25/2018,1.59,3673.2,1.0,1293.28,0.0,2378.92,1487.59,891.33,0.0,organic,2018,Louisville
13827,3/4/2018,1.43,5076.9,13.39,1011.72,0.0,4051.79,1959.38,2092.41,0.0,organic,2018,Louisville
13828,3/11/2018,1.35,5905.79,1.3,1528.74,0.0,4375.75,2099.42,2276.33,0.0,organic,2018,Louisville
13829,3/18/2018,1.38,4573.23,0.0,1367.86,0.0,3205.37,1470.9,1734.47,0.0,organic,2018,Louisville
13830,3/25/2018,1.46,4173.7,8.0,988.64,0.0,3177.06,2031.65,1145.41,0.0,organic,2018,Louisville
13831,4/1/2018,1.45,5151.13,0.0,1374.52,0.0,3776.61,2403.59,1373.02,0.0,organic,2018,Louisville
13832,4/8/2018,1.17,8882.17,3.0,2000.96,0.0,6878.21,5563.51,1314.7,0.0,organic,2018,Louisville
13833,4/15/2018,1.25,7975.64,4.34,1716.59,0.0,6254.71,4631.33,1623.38,0.0,organic,2018,Louisville
13834,4/22/2018,1.47,6679.9,0.0,1536.9,0.0,5143.0,2781.3,2361.7,0.0,organic,2018,Louisville
13835,4/29/2018,1.49,5117.11,6.68,1641.84,0.0,3468.59,1424.64,2043.95,0.0,organic,2018,Louisville
13836,5/6/2018,1.57,6825.98,10.7,1516.11,0.0,5299.17,1407.14,3892.03,0.0,organic,2018,Louisville
13837,5/13/2018,1.55,5153.82,18.37,1240.13,0.0,3895.32,1343.6,2551.72,0.0,organic,2018,Louisville
13838,5/20/2018,1.59,5777.15,4.0,1741.35,0.0,4031.8,1409.89,2621.91,0.0,organic,2018,Louisville
13839,5/27/2018,1.46,6356.63,0.0,2348.18,0.0,4008.45,1442.36,2566.09,0.0,organic,2018,Louisville
13840,6/3/2018,1.41,5480.18,0.0,2200.75,0.0,3279.43,1603.83,1675.6,0.0,organic,2018,Louisville
13841,6/10/2018,1.66,5457.72,5.22,1476.5,0.0,3976.0,1415.16,2560.84,0.0,organic,2018,Louisville
13842,6/17/2018,1.55,6126.67,12.32,1500.33,0.0,4614.02,2070.72,2543.3,0.0,organic,2018,Louisville
13843,6/24/2018,1.53,4734.02,0.0,1370.55,0.0,3363.47,1525.76,1837.71,0.0,organic,2018,Louisville
13844,7/1/2018,1.61,4780.79,0.0,1294.93,0.0,3485.86,1107.88,2377.98,0.0,organic,2018,Louisville
13845,7/8/2018,1.6,4955.17,7.74,1353.92,0.0,3593.51,1206.59,2386.92,0.0,organic,2018,Louisville
13846,7/15/2018,1.69,5385.93,0.0,1328.11,0.0,4057.82,1644.11,2413.71,0.0,organic,2018,Louisville
13847,7/22/2018,1.62,6393.33,10.29,1132.32,0.0,5250.72,2026.75,3223.97,0.0,organic,2018,Louisville
13848,7/29/2018,1.67,6084.41,8.58,1402.89,0.0,4672.94,1499.05,3173.89,0.0,organic,2018,Louisville
13849,8/5/2018,1.74,5346.33,3.0,1373.24,0.0,3970.09,602.42,3367.67,0.0,organic,2018,Louisville
13850,8/12/2018,1.63,3192.46,20.0,1549.06,0.0,1623.4,491.46,1131.94,0.0,organic,2018,Louisville
13851,8/19/2018,1.57,3084.18,9.0,1796.4,0.0,1278.78,461.46,817.32,0.0,organic,2018,Louisville
13852,8/26/2018,1.7,2531.99,5.27,1316.49,0.0,1210.23,744.26,465.97,0.0,organic,2018,Louisville
13853,9/2/2018,1.75,4506.36,0.0,1314.31,0.0,3192.05,827.05,2365.0,0.0,organic,2018,Louisville
13854,9/9/2018,1.74,2457.98,3.96,1210.93,0.0,1243.09,916.25,326.84,0.0,organic,2018,Louisville
13855,9/16/2018,1.72,3438.94,1.32,977.98,0.0,2459.64,961.96,1497.68,0.0,organic,2018,Louisville
13856,9/23/2018,1.51,4118.16,10.63,1500.32,0.0,2607.21,1558.48,1048.73,0.0,organic,2018,Louisville
13857,9/30/2018,1.51,5065.12,1.32,1485.02,0.0,3578.78,1410.09,2168.69,0.0,organic,2018,Louisville
13858,10/7/2018,1.64,3937.58,0.0,1188.86,0.0,2748.72,1269.43,1479.29,0.0,organic,2018,Louisville
13859,10/14/2018,1.65,3974.5,2.64,1209.05,0.0,2762.81,1265.26,1497.55,0.0,organic,2018,Louisville
13860,10/21/2018,1.47,4689.68,0.0,1175.04,0.0,3514.64,2253.15,1261.49,0.0,organic,2018,Louisville
13861,10/28/2018,1.37,4187.65,2.64,1114.39,0.0,3070.62,2552.74,517.88,0.0,organic,2018,Louisville
13862,11/4/2018,1.31,4302.94,0.0,1106.89,0.0,3196.05,2514.73,681.32,0.0,organic,2018,Louisville
13863,11/11/2018,1.46,5617.11,1.32,1220.69,0.0,4395.1,1892.13,2502.97,0.0,organic,2018,Louisville
13864,11/18/2018,1.58,4949.38,1.32,1039.62,0.0,3908.44,1709.58,2198.86,0.0,organic,2018,Louisville
13865,11/25/2018,1.51,4160.49,0.0,1194.77,0.0,2965.72,1795.84,1169.88,0.0,organic,2018,Louisville
13866,12/2/2018,1.56,4490.87,0.0,1153.79,0.0,3337.08,1543.76,1793.32,0.0,organic,2018,Louisville
14324,1/1/2018,1.52,7098.52,51.97,1535.55,0.0,5511.0,3056.04,2454.96,0.0,organic,2018,Nashville
14325,1/7/2018,1.57,7700.96,41.48,2384.27,0.0,5275.21,3330.37,1944.84,0.0,organic,2018,Nashville
14326,1/14/2018,1.58,7618.85,47.32,2392.03,0.0,5179.5,3581.76,1597.74,0.0,organic,2018,Nashville
14327,1/21/2018,1.68,8546.3,59.53,2081.22,0.0,6405.55,2314.95,4090.6,0.0,organic,2018,Nashville
14328,1/28/2018,1.63,6610.16,41.96,2301.94,0.0,4266.26,2704.59,1561.67,0.0,organic,2018,Nashville
14329,2/4/2018,1.58,5109.24,54.15,2042.32,0.0,3012.77,2310.41,702.36,0.0,organic,2018,Nashville
14330,2/11/2018,1.36,5194.01,43.62,1629.27,0.0,3521.12,3117.67,403.45,0.0,organic,2018,Nashville
14331,2/18/2018,1.38,5810.43,23.53,2027.68,0.0,3759.22,3424.33,334.89,0.0,organic,2018,Nashville
14332,2/25/2018,1.48,10360.85,43.33,2258.33,0.0,8059.19,3862.2,4196.99,0.0,organic,2018,Nashville
14333,3/4/2018,1.5,10565.18,41.88,2211.37,0.0,8311.93,6653.26,1658.67,0.0,organic,2018,Nashville
14334,3/11/2018,1.32,10160.96,38.32,2553.36,0.0,7569.28,5132.05,2437.23,0.0,organic,2018,Nashville
14335,3/18/2018,1.27,10422.05,20.41,2115.89,0.0,8285.75,4797.98,3487.77,0.0,organic,2018,Nashville
14336,3/25/2018,1.48,7250.69,43.77,1759.47,0.0,5447.45,4834.97,612.48,0.0,organic,2018,Nashville
14337,4/1/2018,1.43,8486.38,19.78,1972.56,0.0,6494.04,5116.87,1377.17,0.0,organic,2018,Nashville
14338,4/8/2018,1.24,13958.36,73.57,2783.31,0.0,11101.48,7846.48,3255.0,0.0,organic,2018,Nashville
14339,4/15/2018,1.25,12494.65,38.77,2460.89,0.0,9994.99,8127.74,1867.25,0.0,organic,2018,Nashville
14340,4/22/2018,1.44,13068.47,33.23,2275.19,0.0,10760.05,6404.0,4356.05,0.0,organic,2018,Nashville
14341,4/29/2018,1.56,9093.61,32.25,2413.59,0.0,6647.77,2936.8,3710.97,0.0,organic,2018,Nashville
14342,5/6/2018,1.55,12399.16,27.77,2164.88,0.0,10206.51,4145.81,6060.7,0.0,organic,2018,Nashville
14343,5/13/2018,1.48,10267.54,61.61,2187.04,0.0,8018.89,4116.9,3901.99,0.0,organic,2018,Nashville
14344,5/20/2018,1.44,10690.3,60.92,2307.49,0.0,8321.89,4852.74,3469.15,0.0,organic,2018,Nashville
14345,5/27/2018,1.38,11643.43,41.98,2727.32,0.0,8874.13,4895.84,3978.29,0.0,organic,2018,Nashville
14346,6/3/2018,1.34,10402.53,33.26,2584.31,0.0,7784.96,4207.65,3577.31,0.0,organic,2018,Nashville
14347,6/10/2018,1.51,12524.88,80.33,2369.98,0.0,10074.57,5039.57,5035.0,0.0,organic,2018,Nashville
14348,6/17/2018,1.48,13903.42,30.25,2136.69,0.0,11736.48,5742.3,5994.18,0.0,organic,2018,Nashville
14349,6/24/2018,1.42,11593.88,23.53,2795.2,0.0,8775.15,5662.71,3112.44,0.0,organic,2018,Nashville
14350,7/1/2018,1.51,13398.51,28.22,2487.04,0.0,10883.25,4787.54,6095.71,0.0,organic,2018,Nashville
14351,7/8/2018,1.44,10644.56,57.52,2471.15,0.0,8115.89,4984.75,3131.14,0.0,organic,2018,Nashville
14352,7/15/2018,1.5,12238.06,45.65,2371.64,0.0,9820.77,4617.19,5203.58,0.0,organic,2018,Nashville
14353,7/22/2018,1.68,12221.58,40.58,2344.43,0.0,9836.57,2774.72,7061.85,0.0,organic,2018,Nashville
14354,7/29/2018,1.7,10948.77,26.43,2241.26,0.0,8681.08,2612.28,6068.8,0.0,organic,2018,Nashville
14355,8/5/2018,1.75,10631.21,9.7,2662.78,0.0,7958.73,1553.8,6404.93,0.0,organic,2018,Nashville
14356,8/12/2018,1.54,6771.98,35.13,2623.21,0.0,4113.64,1407.05,2706.59,0.0,organic,2018,Nashville
14357,8/19/2018,1.56,5549.8,17.82,2730.01,0.0,2801.97,1003.45,1798.52,0.0,organic,2018,Nashville
14358,8/26/2018,1.79,4336.23,30.4,2155.78,0.0,2150.05,1574.51,575.54,0.0,organic,2018,Nashville
14359,9/2/2018,1.78,8418.31,49.72,2478.42,0.0,5890.17,1957.81,3932.36,0.0,organic,2018,Nashville
14360,9/9/2018,1.72,6443.14,45.96,2349.81,0.0,4047.37,3210.22,837.15,0.0,organic,2018,Nashville
14361,9/16/2018,1.76,8622.59,62.4,2261.32,0.0,6298.87,2954.14,3344.73,0.0,organic,2018,Nashville
14362,9/23/2018,1.59,8606.64,69.9,2549.29,0.0,5987.45,3719.83,2267.62,0.0,organic,2018,Nashville
14363,9/30/2018,1.57,10583.76,34.87,2492.32,0.0,8056.57,3419.78,4636.79,0.0,organic,2018,Nashville
14364,10/7/2018,1.54,9251.09,19.83,2318.12,0.0,6913.14,4169.12,2744.02,0.0,organic,2018,Nashville
14365,10/14/2018,1.53,8229.64,19.18,2066.74,0.0,6143.72,3361.15,2782.57,0.0,organic,2018,Nashville
14366,10/21/2018,1.54,7568.23,33.17,2044.03,0.0,5491.03,519.64,4971.39,0.0,organic,2018,Nashville
14367,10/28/2018,1.57,4891.03,106.53,2017.8,0.0,2766.7,367.71,2398.99,0.0,organic,2018,Nashville
14368,11/4/2018,1.52,4310.23,107.31,2087.12,0.0,2115.8,408.05,1707.75,0.0,organic,2018,Nashville
14369,11/11/2018,1.54,8923.78,129.08,2108.75,0.0,6685.95,1048.8,5637.15,0.0,organic,2018,Nashville
14370,11/18/2018,1.76,6271.3,148.73,1778.45,0.0,4344.12,477.17,3866.95,0.0,organic,2018,Nashville
14371,11/25/2018,1.73,4737.95,162.01,1609.89,0.0,2966.05,456.98,2509.07,0.0,organic,2018,Nashville
14372,12/2/2018,1.64,6756.09,198.39,1778.14,0.0,4779.56,1232.74,3546.82,0.0,organic,2018,Nashville
14525,1/1/2018,1.83,69777.3,6476.19,16996.47,134.7,46169.94,46167.94,2.0,0.0,organic,2018,New York
14526,1/7/2018,1.97,82637.97,6158.73,19251.81,47.04,57180.39,57180.39,0.0,0.0,organic,2018,New York
14527,1/14/2018,1.91,86632.25,7433.43,17885.26,49.43,61264.13,60763.71,500.42,0.0,organic,2018,New York
14528,1/21/2018,1.91,71760.69,5732.09,13124.59,157.72,52746.29,52130.98,615.31,0.0,organic,2018,New York
14529,1/28/2018,1.75,96380.28,13196.3,24933.01,128.24,58122.73,56090.23,2032.5,0.0,organic,2018,New York
14530,2/4/2018,1.83,93204.08,9300.64,21428.22,814.47,61660.75,61516.19,144.56,0.0,organic,2018,New York
14531,2/11/2018,1.92,79877.83,6604.28,15647.94,863.92,56761.69,55116.51,1645.18,0.0,organic,2018,New York
14532,2/18/2018,1.36,495083.69,107369.04,329956.5,956.38,56801.77,55583.56,1218.21,0.0,organic,2018,New York
14533,2/25/2018,1.72,112128.84,12369.59,43197.79,217.92,56343.54,56343.54,0.0,0.0,organic,2018,New York
14534,3/4/2018,1.69,133768.12,20987.96,52637.04,92.18,60050.94,59997.6,53.34,0.0,organic,2018,New York
14535,3/11/2018,1.92,108114.03,10655.17,33419.62,144.52,63894.72,63842.58,52.14,0.0,organic,2018,New York
14536,3/18/2018,1.7,189434.04,44234.93,80052.02,53.56,65093.53,64851.08,242.45,0.0,organic,2018,New York
14537,3/25/2018,1.86,118503.55,12695.3,35094.5,205.59,70508.16,70377.52,130.64,0.0,organic,2018,New York
14538,4/1/2018,1.73,130310.98,22456.82,42468.03,732.66,64653.47,62281.47,2372.0,0.0,organic,2018,New York
14539,4/8/2018,1.93,89322.48,9317.03,22242.31,962.36,56800.78,56394.05,406.73,0.0,organic,2018,New York
14540,4/15/2018,1.85,89628.01,9797.66,21365.39,677.54,57787.42,56893.76,893.66,0.0,organic,2018,New York
14541,4/22/2018,1.73,127189.37,23932.92,48260.57,163.56,54832.32,54491.79,340.53,0.0,organic,2018,New York
14542,4/29/2018,1.95,92412.79,11088.62,27505.81,925.35,52893.01,52726.73,166.28,0.0,organic,2018,New York
14543,5/6/2018,1.92,84040.48,8725.25,20181.34,535.53,54598.36,54584.16,14.2,0.0,organic,2018,New York
14544,5/13/2018,1.73,127303.22,28163.41,35430.27,1030.82,62678.72,62664.57,14.15,0.0,organic,2018,New York
14545,5/20/2018,1.91,90085.62,10524.52,16291.88,1465.68,61803.54,61773.14,30.4,0.0,organic,2018,New York
14546,5/27/2018,1.87,79858.6,7208.56,10444.44,1702.42,60503.18,60477.62,25.56,0.0,organic,2018,New York
14547,6/3/2018,1.73,132185.25,32292.99,38568.9,1710.8,59612.56,59390.04,222.52,0.0,organic,2018,New York
14548,6/10/2018,1.85,82648.09,7812.89,12255.53,1727.56,60852.11,60840.07,12.04,0.0,organic,2018,New York
14549,6/17/2018,1.73,166567.51,45656.2,55197.88,1805.01,63908.42,63874.12,34.3,0.0,organic,2018,New York
14550,6/24/2018,1.95,84263.88,11993.76,17765.81,1776.2,52728.11,52597.04,131.07,0.0,organic,2018,New York
14551,7/1/2018,1.94,79750.46,10234.62,16548.51,1944.09,51023.24,50897.53,125.71,0.0,organic,2018,New York
14552,7/8/2018,1.96,82191.93,10923.08,19152.56,392.64,51723.65,51698.17,25.48,0.0,organic,2018,New York
14553,7/15/2018,1.7,139288.85,28501.17,47120.77,565.18,63101.73,62549.87,551.86,0.0,organic,2018,New York
14554,7/22/2018,1.9,91720.13,9902.45,16894.53,1681.17,63241.98,61169.62,2072.36,0.0,organic,2018,New York
14555,7/29/2018,1.73,106676.99,15323.36,22927.57,1615.01,66811.05,66517.82,293.23,0.0,organic,2018,New York
14556,8/5/2018,1.93,89036.78,10956.2,13809.97,1621.64,62648.97,60886.89,1762.08,0.0,organic,2018,New York
14557,8/12/2018,1.76,103761.14,18934.06,16747.94,1514.52,66564.62,66540.52,24.1,0.0,organic,2018,New York
14558,8/19/2018,1.94,96410.82,14586.94,13727.58,1025.13,67071.17,67064.5,6.67,0.0,organic,2018,New York
14559,8/26/2018,1.75,104987.76,20832.0,22333.68,391.39,61430.69,61428.67,2.02,0.0,organic,2018,New York
14560,9/2/2018,1.95,92657.31,15787.83,15663.77,354.27,60851.44,60851.44,0.0,0.0,organic,2018,New York
14561,9/9/2018,1.95,99175.77,14675.33,13827.92,1176.76,69495.76,69486.87,8.89,0.0,organic,2018,New York
14562,9/16/2018,1.95,86558.86,14891.5,13684.5,770.13,57212.73,57205.35,7.38,0.0,organic,2018,New York
14563,9/23/2018,1.95,88571.06,13294.86,13531.47,207.64,61537.09,61323.18,213.91,0.0,organic,2018,New York
14564,9/30/2018,1.92,92188.39,12466.84,12582.18,221.31,66918.06,66879.64,38.42,0.0,organic,2018,New York
14565,10/7/2018,1.76,97450.56,12264.43,12447.66,194.81,72543.66,72480.51,63.15,0.0,organic,2018,New York
14566,10/14/2018,1.61,108194.48,11453.44,12014.32,76.37,84650.35,83021.19,1629.16,0.0,organic,2018,New York
14567,10/21/2018,1.72,87829.32,11055.79,11171.11,33.04,65569.38,65563.27,6.11,0.0,organic,2018,New York
14568,10/28/2018,1.74,80883.88,11132.02,10949.6,10.16,58792.1,58787.66,4.44,0.0,organic,2018,New York
14569,11/4/2018,1.8,76999.86,11800.21,10145.59,5.67,55048.39,53146.51,1901.88,0.0,organic,2018,New York
14570,11/11/2018,1.71,79129.99,11529.02,14404.18,23.73,53173.06,53154.8,18.26,0.0,organic,2018,New York
14571,11/18/2018,1.41,182329.44,68104.85,62676.26,107.54,51440.79,50533.51,907.28,0.0,organic,2018,New York
14572,11/25/2018,2.08,80343.21,14174.3,13406.5,2.03,52760.38,52671.12,89.26,0.0,organic,2018,New York
14573,12/2/2018,1.83,53297.17,12721.1,10399.8,1.99,30174.28,29929.68,244.6,0.0,organic,2018,New York
