Laura/avocado_sales_2018.csv
,Date,AveragePrice,Total Volume,4046,4225,4770,Total Bags,Small Bags,Large Bags,XLarge Bags,type,year,region
16802,1/1/2018,2.0,14150.95,2721.78,7973.65,0.0,3455.52,3455.52,0.0,0.0,organic,2018,San Diego
16803,1/7/2018,2.06,16746.82,5150.82,9366.31,0.0,2229.69,2229.69,0.0,0.0,organic,2018,San Diego
16804,1/14/2018,1.81,21770.02,3285.98,14338.52,0.0,4145.52,4145.52,0.0,0.0,organic,2018,San Diego
16805,1/21/2018,1.95,18676.37,1088.49,9282.37,0.0,8305.51,8305.51,0.0,0.0,organic,2018,San Diego
16806,1/28/2018,1.91,17579.47,1145.64,8284.41,0.0,8149.42,8149.42,0.0,0.0,organic,2018,San Diego
16807,2/4/2018,1.81,17454.74,1158.41,7388.27,0.0,8908.06,8908.06,0.0,0.0,organic,2018,San Diego
16808,2/11/2018,1.88,18517.54,1101.05,8243.72,0.0,9172.77,9172.77,0.0,0.0,organic,2018,San Diego
16809,2/18/2018,2.05,17875.93,946.25,10002.06,0.0,6927.62,6917.62,10.0,0.0,organic,2018,San Diego
16810,2/25/2018,1.83,20171.93,1274.61,13035.32,0.0,5862.0,5858.67,3.33,0.0,organic,2018,San Diego
16811,3/4/2018,1.65,24614.51,1558.03,10118.36,0.0,12938.12,12934.79,3.33,0.0,organic,2018,San Diego
16812,3/11/2018,1.59,25324.3,1328.95,14303.09,0.0,9692.26,9692.26,0.0,0.0,organic,2018,San Diego
16813,3/18/2018,1.75,18371.03,836.22,10877.69,0.0,6657.12,6657.12,0.0,0.0,organic,2018,San Diego
16814,3/25/2018,1.75,19086.94,865.91,10936.47,0.0,7284.56,7284.56,0.0,0.0,organic,2018,San Diego
16815,4/1/2018,1.8,22140.76,1118.68,14572.91,0.0,6449.17,6439.17,10.0,0.0,organic,2018,San Diego
16816,4/8/2018,1.96,14335.22,3003.31,7776.95,0.0,3554.96,3548.29,6.67,0.0,organic,2018,San Diego
16817,4/15/2018,1.91,19647.76,5291.87,10922.64,0.0,3433.25,3426.58,6.67,0.0,organic,2018,San Diego
16818,4/22/2018,1.87,17964.1,4031.78,9296.1,0.0,4636.22,4636.22,0.0,0.0,organic,2018,San Diego
16819,4/29/2018,1.75,16865.2,4520.98,9005.02,0.0,3339.2,3339.2,0.0,0.0,organic,2018,San Diego
16820,5/6/2018,1.7,15211.99,4826.34,7478.39,0.0,2907.26,2907.26,0.0,0.0,organic,2018,San Diego
16821,5/13/2018,1.78,17850.64,4049.62,10897.1,0.0,2903.92,2900.59,3.33,0.0,organic,2018,San Diego
16822,5/20/2018,1.49,23490.79,4268.66,16047.61,0.0,3174.52,3164.52,10.0,0.0,organic,2018,San Diego
16823,5/27/2018,1.5,26285.46,4909.92,18497.0,0.0,2878.54,2870.77,7.77,0.0,organic,2018,San Diego
16824,6/3/2018,1.77,20315.11,5450.65,12285.52,0.0,2578.94,2578.94,0.0,0.0,organic,2018,San Diego
16825,6/10/2018,1.76,22261.93,4617.33,13681.01,0.0,3963.59,3963.59,0.0,0.0,organic,2018,San Diego
16826,6/17/2018,1.78,21409.35,4449.81,12995.0,0.0,3964.54,3961.21,3.33,0.0,organic,2018,San Diego
16827,6/24/2018,2.09,20330.2,4471.49,12480.45,0.0,3378.26,3378.26,0.0,0.0,organic,2018,San Diego
16828,7/1/2018,2.1,19239.55,4531.84,11743.22,0.0,2964.49,2964.49,0.0,0.0,organic,2018,San Diego
16829,7/8/2018,2.09,22458.35,5479.52,13516.21,0.0,3462.62,3419.38,43.24,0.0,organic,2018,San Diego
16830,7/15/2018,2.04,20454.23,5345.75,11443.26,0.0,3665.22,3663.33,1.89,0.0,organic,2018,San Diego
16831,7/22/2018,2.08,18023.47,3295.12,11328.16,0.0,3400.19,3400.19,0.0,0.0,organic,2018,San Diego
16832,7/29/2018,2.05,18901.46,4019.86,11545.66,0.0,3335.94,3332.61,3.33,0.0,organic,2018,San Diego
16833,8/5/2018,1.77,21543.17,4153.84,13476.1,0.0,3913.23,3904.27,8.96,0.0,organic,2018,San Diego
16834,8/12/2018,1.99,18672.23,3942.7,11743.21,0.0,2986.32,2859.66,126.66,0.0,organic,2018,San Diego
16835,8/19/2018,1.88,18960.53,6165.41,9959.85,0.0,2835.27,2745.27,90.0,0.0,organic,2018,San Diego
16836,8/26/2018,2.14,21556.48,3544.44,13908.67,0.0,4103.37,4042.97,60.4,0.0,organic,2018,San Diego
16837,9/2/2018,2.03,22050.93,3513.35,11833.48,0.0,6704.1,6687.44,16.66,0.0,organic,2018,San Diego
16838,9/9/2018,2.01,17382.49,4425.23,9181.03,0.0,3776.23,3766.23,10.0,0.0,organic,2018,San Diego
16839,9/16/2018,2.06,17836.6,5114.25,9851.49,0.0,2870.86,2864.19,6.67,0.0,organic,2018,San Diego
16840,9/23/2018,1.86,19961.7,4288.28,9824.82,0.0,5848.6,5829.31,19.29,0.0,organic,2018,San Diego
16841,9/30/2018,1.85,21896.96,3585.44,9791.89,0.0,8519.63,8519.63,0.0,0.0,organic,2018,San Diego
16842,10/7/2018,1.59,27014.71,3188.53,12198.18,0.0,11628.0,11628.0,0.0,0.0,organic,2018,San Diego
16843,10/14/2018,1.65,19546.23,3357.21,9877.53,0.0,6311.49,6311.49,0.0,0.0,organic,2018,San Diego
16844,10/21/2018,1.59,21828.01,2934.49,10079.89,0.0,8813.63,8813.63,0.0,0.0,organic,2018,San Diego
16845,10/28/2018,1.6,21454.4,4591.89,8982.29,0.0,7880.22,7878.35,1.87,0.0,organic,2018,San Diego
16846,11/4/2018,1.6,22346.13,3951.1,10808.77,0.0,7586.26,7586.26,0.0,0.0,organic,2018,San Diego
16847,11/11/2018,1.68,20746.0,3937.73,10891.39,0.0,5916.88,5911.24,5.64,0.0,organic,2018,San Diego
16848,11/18/2018,2.07,15809.64,2284.08,9243.37,0.0,4282.19,4263.31,18.88,0.0,organic,2018,San Diego
16849,11/25/2018,2.19,7853.3,264.21,5866.86,0.0,1722.23,1722.23,0.0,0.0,organic,2018,San Diego
16850,12/2/2018,2.11,13902.03,1246.86,8836.24,0.0,3818.93,3818.93,0.0,0.0,organic,2018,San Diego
17003,1/1/2018,1.52,24699.21,14037.89,8786.88,0.0,1874.44,1871.11,3.33,0.0,organic,2018,San Francisco
17004,1/7/2018,2.3,20151.24,10165.34,8042.56,0.0,1943.34,1943.34,0.0,0.0,organic,2018,San Francisco
17005,1/14/2018,1.32,37347.89,19301.15,14957.23,0.0,3089.51,3089.51,0.0,0.0,organic,2018,San Francisco
17006,1/21/2018,1.36,27919.45,13037.67,11998.44,0.0,2883.34,2883.34,0.0,0.0,organic,2018,San Francisco
17007,1/28/2018,2.27,20325.75,9368.06,8808.8,0.0,2148.89,2148.89,0.0,0.0,organic,2018,San Francisco
17008,2/4/2018,1.34,28070.07,13610.05,12257.81,0.0,2202.21,2202.21,0.0,0.0,organic,2018,San Francisco
17009,2/11/2018,2.22,21708.65,9960.19,9215.13,0.0,2533.33,2533.33,0.0,0.0,organic,2018,San Francisco
17010,2/18/2018,2.25,21551.76,9721.38,9543.71,0.0,2286.67,2283.34,3.33,0.0,organic,2018,San Francisco
17011,2/25/2018,2.11,24475.48,9731.2,11686.51,0.0,3057.77,3057.77,0.0,0.0,organic,2018,San Francisco
17012,3/4/2018,2.07,25055.39,9521.74,10818.1,0.0,4715.55,4715.55,0.0,0.0,organic,2018,San Francisco
17013,3/11/2018,2.16,25741.84,10368.17,10850.44,0.0,4523.23,4523.23,0.0,0.0,organic,2018,San Francisco
17014,3/18/2018,1.86,38845.77,10129.17,10074.1,0.0,18642.5,18639.17,3.33,0.0,organic,2018,San Francisco
17015,3/25/2018,1.64,34687.2,10102.62,10778.96,0.0,13805.62,13802.29,3.33,0.0,organic,2018,San Francisco
17016,4/1/2018,1.82,39339.2,10094.08,9076.99,0.0,20168.13,20161.46,6.67,0.0,organic,2018,San Francisco
17017,4/8/2018,1.69,32215.81,11537.48,12187.06,0.0,8491.27,8487.94,3.33,0.0,organic,2018,San Francisco
17018,4/15/2018,1.94,28690.05,9680.5,11360.41,0.0,7649.14,7642.48,6.66,0.0,organic,2018,San Francisco
17019,4/22/2018,1.57,36189.05,9453.73,10691.02,0.0,16044.3,16040.97,3.33,0.0,organic,2018,San Francisco
17020,4/29/2018,1.73,39936.22,9072.35,10465.42,0.0,20398.45,20394.01,4.44,0.0,organic,2018,San Francisco
17021,5/6/2018,1.73,27863.15,10016.58,10961.46,0.0,6885.11,6885.11,0.0,0.0,organic,2018,San Francisco
17022,5/13/2018,2.09,25338.78,10037.85,9975.9,0.0,5325.03,5325.03,0.0,0.0,organic,2018,San Francisco
17023,5/20/2018,1.75,43212.01,9662.73,11737.59,0.0,21811.69,21811.69,0.0,0.0,organic,2018,San Francisco
17024,5/27/2018,1.83,40676.02,10427.67,11447.16,0.0,18801.19,18797.86,3.33,0.0,organic,2018,San Francisco
17025,6/3/2018,1.8,38921.86,9589.5,12061.75,0.0,17270.61,17267.28,3.33,0.0,organic,2018,San Francisco
17026,6/10/2018,1.95,27085.16,8899.86,9763.67,0.0,8421.63,8421.63,0.0,0.0,organic,2018,San Francisco
17027,6/17/2018,1.77,39411.03,9277.41,11835.35,0.0,18298.27,18298.27,0.0,0.0,organic,2018,San Francisco
17028,6/24/2018,1.79,40048.41,10214.06,10136.86,0.0,19697.49,19697.49,0.0,0.0,organic,2018,San Francisco
17029,7/1/2018,1.84,38216.58,10308.92,9923.98,0.0,17983.68,17979.24,4.44,0.0,organic,2018,San Francisco
17030,7/8/2018,1.76,44264.96,10700.23,13053.1,0.0,20511.63,20511.63,0.0,0.0,organic,2018,San Francisco
17031,7/15/2018,1.84,30398.31,6623.47,11159.29,0.0,12615.55,12615.55,0.0,0.0,organic,2018,San Francisco
17032,7/22/2018,1.81,33031.6,2395.92,18083.91,0.0,12551.77,12551.77,0.0,0.0,organic,2018,San Francisco
17033,7/29/2018,1.87,37054.9,2040.02,20525.06,0.0,14489.82,14486.49,3.33,0.0,organic,2018,San Francisco
17034,8/5/2018,1.75,46507.63,3616.89,16722.07,0.0,26168.67,26165.34,3.33,0.0,organic,2018,San Francisco
17035,8/12/2018,2.23,30293.59,9433.52,10987.94,0.0,9872.13,9872.13,0.0,0.0,organic,2018,San Francisco
17036,8/19/2018,2.5,28671.47,12135.66,10697.98,0.0,5837.83,5837.83,0.0,0.0,organic,2018,San Francisco
17037,8/26/2018,2.56,23484.15,9810.14,9325.06,0.0,4348.95,4348.95,0.0,0.0,organic,2018,San Francisco
17038,9/2/2018,2.39,29893.32,9794.5,10344.38,0.0,9754.44,9751.11,3.33,0.0,organic,2018,San Francisco
17039,9/9/2018,2.22,34338.72,9170.71,9928.3,0.0,15239.71,15213.05,26.66,0.0,organic,2018,San Francisco
17040,9/16/2018,2.14,38736.65,9120.04,9472.17,1.52,20142.92,20026.26,116.66,0.0,organic,2018,San Francisco
17041,9/23/2018,2.16,30467.12,8667.63,8499.36,0.0,13300.13,13266.79,33.34,0.0,organic,2018,San Francisco
17042,9/30/2018,2.03,37400.02,8153.89,8706.13,0.0,20540.0,20436.67,103.33,0.0,organic,2018,San Francisco
17043,10/7/2018,2.19,25312.86,8025.52,9022.28,0.0,8265.06,8238.39,26.67,0.0,organic,2018,San Francisco
17044,10/14/2018,2.21,27289.21,9259.53,9467.31,0.0,8562.37,8555.7,6.67,0.0,organic,2018,San Francisco
17045,10/21/2018,2.05,36264.14,9134.31,8962.28,0.0,18167.55,18167.55,0.0,0.0,organic,2018,San Francisco
17046,10/28/2018,2.05,35452.8,9043.39,8930.32,0.0,17479.09,17479.09,0.0,0.0,organic,2018,San Francisco
17047,11/4/2018,2.26,25444.03,9680.78,8616.07,7.52,7139.66,7139.66,0.0,0.0,organic,2018,San Francisco
17048,11/11/2018,2.31,24541.63,9691.54,8371.46,0.0,6478.63,6478.63,0.0,0.0,organic,2018,San Francisco
17049,11/18/2018,1.99,50469.75,9818.37,12276.29,0.0,28375.09,28375.09,0.0,0.0,organic,2018,San Francisco
17050,11/25/2018,2.02,19338.66,3282.03,11937.16,0.0,4119.47,4119.47,0.0,0.0,organic,2018,San Francisco
17051,12/2/2018,2.71,21379.6,10480.79,9468.33,1.5,1428.98,1428.98,0.0,0.0,organic,2018,San Francisco
17360,1/1/2018,1.24,82749.14,1450.69,29692.0,23.44,51583.01,1469.39,50019.56,94.06,organic,2018,Seattle
17361,1/7/2018,1.26,98765.23,1404.78,33170.68,11.77,64178.0,2054.96,62104.14,18.9,organic,2018,Seattle
17362,1/14/2018,2.03,36228.45,1147.33,18370.39,9.23,16701.5,1630.19,15063.98,7.33,organic,2018,Seattle
17363,1/21/2018,2.02,33986.68,928.1,12632.06,23.62,20402.9,1469.79,18905.41,27.7,organic,2018,Seattle
17364,1/28/2018,1.99,35988.0,954.77,11558.54,32.0,23442.69,1487.79,21867.48,87.42,organic,2018,Seattle
17365,2/4/2018,1.14,124659.55,1345.94,32088.04,85.31,91140.26,1998.66,88880.93,260.67,organic,2018,Seattle
17366,2/11/2018,1.22,101110.96,1318.39,31821.41,175.52,67795.64,4818.28,62844.86,132.5,organic,2018,Seattle
17367,2/18/2018,1.86,40425.93,1033.98,12852.51,33.58,26505.86,11523.9,14950.62,31.34,organic,2018,Seattle
17368,2/25/2018,1.36,105545.72,1285.8,23264.24,41.54,80954.14,2511.78,78344.09,98.27,organic,2018,Seattle
17369,3/4/2018,1.27,156527.16,1999.5,37762.97,24.38,116740.31,2489.87,114116.48,133.96,organic,2018,Seattle
17370,3/11/2018,1.54,69014.81,1542.56,26198.85,139.06,41134.34,2974.28,38160.06,0.0,organic,2018,Seattle
17371,3/18/2018,1.83,45893.2,1490.12,15816.48,32.34,28554.26,2763.22,25662.29,128.75,organic,2018,Seattle
17372,3/25/2018,1.48,96048.46,1753.94,41364.9,40.54,52889.08,8496.71,44278.26,114.11,organic,2018,Seattle
17373,4/1/2018,1.46,92822.06,1598.82,34839.11,34.11,56350.02,25538.36,30805.6,6.06,organic,2018,Seattle
17374,4/8/2018,1.85,38478.67,1279.08,23377.89,8.1,13813.6,4908.25,8905.35,0.0,organic,2018,Seattle
17375,4/15/2018,1.44,93479.1,1484.74,32932.58,148.34,58913.44,3015.15,55779.92,118.37,organic,2018,Seattle
17376,4/22/2018,1.3,138910.99,1411.62,59733.99,116.85,77648.53,2291.97,75290.9,65.66,organic,2018,Seattle
17377,4/29/2018,1.39,116508.65,1487.33,30499.62,24.03,84497.67,2332.53,82165.14,0.0,organic,2018,Seattle
17378,5/6/2018,1.77,51548.72,1501.1,16009.12,25.35,34013.15,2165.65,31820.81,26.69,organic,2018,Seattle
17379,5/13/2018,1.82,55046.34,2237.05,22969.16,26.49,29813.64,2212.14,27598.56,2.94,organic,2018,Seattle
17380,5/20/2018,1.81,53808.85,2416.88,20594.44,121.7,30675.83,2382.58,28269.73,23.52,organic,2018,Seattle
17381,5/27/2018,1.38,138702.18,2035.45,34242.26,58.08,102366.39,2040.79,100214.13,111.47,organic,2018,Seattle
17382,6/3/2018,1.41,124414.05,2227.96,37634.01,18.36,84533.72,2049.9,82322.09,161.73,organic,2018,Seattle
17383,6/10/2018,1.81,57789.93,1901.3,17511.82,13.15,38363.66,3432.09,34931.57,0.0,organic,2018,Seattle
17384,6/17/2018,1.85,57560.13,2113.82,19372.18,25.03,36049.1,2531.8,33449.97,67.33,organic,2018,Seattle
17385,6/24/2018,1.83,57131.71,1845.58,18603.01,38.45,36644.67,2843.95,33426.54,374.18,organic,2018,Seattle
17386,7/1/2018,1.45,106112.61,1715.4,34132.05,23.81,70241.35,3271.22,66842.28,127.85,organic,2018,Seattle
17387,7/8/2018,1.42,126707.65,1887.82,41767.22,6.59,83046.02,3397.74,79605.79,42.49,organic,2018,Seattle
17388,7/15/2018,1.86,62374.56,2080.02,25017.17,2.65,35274.72,3426.69,31837.73,10.3,organic,2018,Seattle
17389,7/22/2018,1.87,55326.7,1586.12,23098.66,9.25,30632.67,3113.71,27518.96,0.0,organic,2018,Seattle
17390,7/29/2018,1.9,55691.64,1927.18,22761.96,1.32,31001.18,2566.38,28395.1,39.7,organic,2018,Seattle
17391,8/5/2018,2.02,40670.61,1259.48,14133.62,0.0,25277.51,1873.41,23389.46,14.64,organic,2018,Seattle
17392,8/12/2018,1.97,65663.56,1167.84,19341.9,0.0,45153.82,4230.39,40879.49,43.94,organic,2018,Seattle
17393,8/19/2018,2.08,60045.3,1610.21,20166.51,0.0,38268.58,4429.87,33831.38,7.33,organic,2018,Seattle
17394,8/26/2018,2.3,48168.19,1640.37,23509.23,29.13,22989.46,897.25,21936.28,155.93,organic,2018,Seattle
17395,9/2/2018,2.26,62619.97,1548.23,18892.86,54.39,42124.49,2805.16,38941.97,377.36,organic,2018,Seattle
17396,9/9/2018,2.23,65094.33,1386.71,20051.77,11.91,43643.94,2302.37,41320.99,20.58,organic,2018,Seattle
17397,9/16/2018,2.27,43266.16,1300.14,16338.87,47.67,25579.48,2640.18,22939.3,0.0,organic,2018,Seattle
17398,9/23/2018,2.32,38533.15,1162.47,15183.96,21.31,22165.41,1746.75,20315.09,103.57,organic,2018,Seattle
17399,9/30/2018,2.03,71646.61,1253.4,20011.82,9.31,50372.08,1115.69,49164.73,91.66,organic,2018,Seattle
17400,10/7/2018,2.04,85090.69,1046.62,22580.55,6.68,61456.84,1950.42,59488.6,17.82,organic,2018,Seattle
17401,10/14/2018,2.22,61147.13,1066.84,17891.51,18.68,42170.1,2279.27,39868.6,22.23,organic,2018,Seattle
17402,10/21/2018,2.16,42660.84,1130.22,15261.22,5.35,26264.05,1677.8,24538.71,47.54,organic,2018,Seattle
17403,10/28/2018,1.52,91235.6,1197.95,40650.42,17.43,49369.8,7694.71,41624.44,50.65,organic,2018,Seattle
17404,11/4/2018,1.55,85632.09,1158.99,36687.18,5.37,47780.55,11254.58,36503.59,22.38,organic,2018,Seattle
17405,11/11/2018,2.16,50942.21,1524.08,21102.82,6.75,28308.56,7650.39,20623.68,34.49,organic,2018,Seattle
17406,11/18/2018,2.41,45867.9,1408.82,20875.42,9.5,23574.16,11448.72,12125.44,0.0,organic,2018,Seattle
17407,11/25/2018,1.95,40574.43,843.85,9943.86,4.07,29782.65,2436.96,27345.69,0.0,organic,2018,Seattle
17408,12/2/2018,1.6,69326.51,671.35,15368.58,13.5,53273.08,1290.03,51983.05,0.0,organic,2018,Seattle
