Laura/avocado_sales_2018.csv
,Date,AveragePrice,Total Volume,4046,4225,4770,Total Bags,Small Bags,Large Bags,XLarge Bags,type,year,region
17561,1/1/2018,1.36,16505.2,72.42,4072.89,116.33,12243.56,11889.19,354.37,0.0,organic,2018,South Carolina
17562,1/7/2018,1.26,19702.51,257.05,4243.68,151.13,15050.65,14269.86,780.79,0.0,organic,2018,South Carolina
17563,1/14/2018,1.31,18678.63,67.8,4372.27,114.33,14124.23,13152.29,971.94,0.0,organic,2018,South Carolina
17564,1/21/2018,1.4,17566.45,105.95,4280.36,73.29,13106.85,11152.35,1954.5,0.0,organic,2018,South Carolina
17565,1/28/2018,1.46,14938.24,110.46,5096.23,94.82,9636.73,8443.69,1193.04,0.0,organic,2018,South Carolina
17566,2/4/2018,1.42,16666.13,132.57,4063.83,102.86,12366.87,11819.92,546.95,0.0,organic,2018,South Carolina
17567,2/11/2018,1.47,14289.52,70.09,4206.95,84.14,9928.34,8754.94,1173.4,0.0,organic,2018,South Carolina
17568,2/18/2018,1.43,15443.91,145.58,4665.8,78.05,10554.48,9900.82,653.66,0.0,organic,2018,South Carolina
17569,2/25/2018,1.41,17191.34,212.48,4438.03,95.27,12445.56,12088.07,357.49,0.0,organic,2018,South Carolina
17570,3/4/2018,1.44,16468.01,206.2,5412.8,71.81,10777.2,9893.94,883.26,0.0,organic,2018,South Carolina
17571,3/11/2018,1.36,17561.89,181.68,4942.56,99.85,12337.8,11957.7,380.1,0.0,organic,2018,South Carolina
17572,3/18/2018,1.35,16296.42,135.34,4345.05,111.34,11704.69,10661.48,1043.21,0.0,organic,2018,South Carolina
17573,3/25/2018,1.38,16025.2,163.55,4234.24,81.45,11545.96,9882.44,1663.52,0.0,organic,2018,South Carolina
17574,4/1/2018,1.43,19346.79,172.25,4549.9,78.98,14545.66,13435.81,1109.85,0.0,organic,2018,South Carolina
17575,4/8/2018,1.4,20515.36,170.27,5205.94,53.42,15085.73,13021.99,2063.74,0.0,organic,2018,South Carolina
17576,4/15/2018,1.35,23381.88,93.8,4989.7,78.48,18219.9,16391.92,1827.98,0.0,organic,2018,South Carolina
17577,4/22/2018,1.44,19424.72,121.66,4310.57,100.0,14892.49,12056.64,2835.85,0.0,organic,2018,South Carolina
17578,4/29/2018,1.43,17478.38,174.5,4994.34,78.78,12230.76,10105.46,2125.3,0.0,organic,2018,South Carolina
17579,5/6/2018,1.37,19530.67,218.09,4574.97,47.51,14690.1,12179.74,2510.36,0.0,organic,2018,South Carolina
17580,5/13/2018,1.42,18101.14,72.98,5337.9,78.54,12611.72,10510.26,2101.46,0.0,organic,2018,South Carolina
17581,5/20/2018,1.34,19470.0,83.7,5302.9,59.31,14024.09,12611.19,1412.9,0.0,organic,2018,South Carolina
17582,5/27/2018,1.43,19285.19,118.12,4632.97,45.54,14488.56,13092.74,1395.82,0.0,organic,2018,South Carolina
17583,6/3/2018,1.42,19976.18,58.67,4877.95,50.97,14988.59,12955.66,2032.93,0.0,organic,2018,South Carolina
17584,6/10/2018,1.45,22111.49,132.99,4853.43,79.12,17045.95,15023.68,2022.27,0.0,organic,2018,South Carolina
17585,6/17/2018,1.4,19362.98,55.55,3994.48,24.1,15288.85,13628.1,1660.75,0.0,organic,2018,South Carolina
17586,6/24/2018,1.35,21091.89,30.3,4702.49,74.58,16284.52,15211.68,1072.84,0.0,organic,2018,South Carolina
17587,7/1/2018,1.36,22212.41,65.84,4785.92,50.53,17310.12,16208.56,1101.56,0.0,organic,2018,South Carolina
17588,7/8/2018,1.36,21898.88,89.9,4496.39,53.67,17258.92,15677.69,1581.23,0.0,organic,2018,South Carolina
17589,7/15/2018,1.44,20865.84,177.57,4926.74,44.78,15716.75,13807.4,1909.35,0.0,organic,2018,South Carolina
17590,7/22/2018,1.48,18981.59,53.31,4928.62,67.03,13932.63,11850.19,2082.44,0.0,organic,2018,South Carolina
17591,7/29/2018,1.51,16551.14,50.34,4301.04,43.34,12156.42,9455.45,2700.97,0.0,organic,2018,South Carolina
17592,8/5/2018,1.59,14315.3,59.28,4807.89,36.79,9411.34,6591.58,2819.76,0.0,organic,2018,South Carolina
17593,8/12/2018,1.5,17269.14,101.14,5222.24,105.1,11840.66,9464.33,2376.33,0.0,organic,2018,South Carolina
17594,8/19/2018,1.61,13753.75,54.78,5174.74,67.08,8457.15,6359.32,2097.83,0.0,organic,2018,South Carolina
17595,8/26/2018,1.65,15011.17,108.32,5032.77,98.3,9771.78,8329.6,1442.18,0.0,organic,2018,South Carolina
17596,9/2/2018,1.64,18205.51,81.46,4963.48,100.06,13060.51,10752.02,2308.49,0.0,organic,2018,South Carolina
17597,9/9/2018,1.67,16773.53,41.51,5542.92,96.93,11092.17,10408.33,683.84,0.0,organic,2018,South Carolina
17598,9/16/2018,1.66,14951.3,74.66,3926.98,30.98,10918.68,9751.69,1166.99,0.0,organic,2018,South Carolina
17599,9/23/2018,1.64,20039.29,62.13,5224.73,90.34,14662.09,12286.1,2375.99,0.0,organic,2018,South Carolina
17600,9/30/2018,1.57,20174.9,81.02,4367.63,59.48,15666.77,14305.05,1361.72,0.0,organic,2018,South Carolina
17601,10/7/2018,1.6,18642.42,79.33,4321.89,56.26,14184.94,12958.25,1226.69,0.0,organic,2018,South Carolina
17602,10/14/2018,1.49,19090.14,103.71,3953.99,70.45,14961.99,13536.07,1425.92,0.0,organic,2018,South Carolina
17603,10/21/2018,1.36,21519.26,64.14,4102.84,77.03,17275.25,16133.16,1142.09,0.0,organic,2018,South Carolina
17604,10/28/2018,1.35,19110.1,96.87,3533.22,59.06,15420.95,14516.79,904.16,0.0,organic,2018,South Carolina
17605,11/4/2018,1.33,20776.16,53.24,3987.78,60.48,16674.66,15476.73,1197.93,0.0,organic,2018,South Carolina
17606,11/11/2018,1.34,22101.21,107.91,4337.47,47.74,17608.09,15775.21,1832.88,0.0,organic,2018,South Carolina
17607,11/18/2018,1.34,23651.51,70.99,3961.83,46.34,19572.35,17647.93,1924.42,0.0,organic,2018,South Carolina
17608,11/25/2018,1.32,19813.39,132.84,3566.19,23.84,16090.52,14798.65,1291.87,0.0,organic,2018,South Carolina
17609,12/2/2018,1.51,10683.81,55.08,3877.74,49.41,6701.58,5691.2,1010.38,0.0,organic,2018,South Carolina
17866,1/1/2018,1.82,2468.87,251.57,692.89,0.0,1524.41,426.67,1097.74,0.0,organic,2018,Spokane
17867,1/7/2018,1.74,3788.91,212.72,1413.85,0.0,2162.34,600.0,1562.34,0.0,organic,2018,Spokane
17868,1/14/2018,1.85,4412.54,150.54,1948.36,0.0,2313.64,564.45,1749.19,0.0,organic,2018,Spokane
17869,1/21/2018,1.76,4532.08,227.35,1340.5,0.0,2964.23,745.55,2216.3,2.38,organic,2018,Spokane
17870,1/28/2018,1.7,4300.76,195.24,1169.26,0.0,2936.26,535.55,2400.71,0.0,organic,2018,Spokane
17871,2/4/2018,1.7,4561.62,277.76,1722.99,0.0,2560.87,593.4,1948.18,19.29,organic,2018,Spokane
17872,2/11/2018,1.66,4099.32,243.98,1330.99,0.0,2524.35,583.17,1941.18,0.0,organic,2018,Spokane
17873,2/18/2018,1.64,4747.13,271.98,1421.43,0.0,3053.72,1301.83,1751.89,0.0,organic,2018,Spokane
17874,2/25/2018,1.64,4720.69,269.06,1496.26,0.0,2955.37,747.5,2207.87,0.0,organic,2018,Spokane
17875,3/4/2018,1.6,5305.01,461.71,2076.61,0.0,2766.69,755.97,2010.72,0.0,organic,2018,Spokane
17876,3/11/2018,1.72,4790.07,307.23,1845.22,0.0,2637.62,1042.98,1594.64,0.0,organic,2018,Spokane
17877,3/18/2018,1.6,5793.89,242.52,1753.53,0.0,3797.84,837.78,2947.85,12.21,organic,2018,Spokane
17878,3/25/2018,1.59,5750.56,266.92,1707.42,2.21,3774.01,638.89,3105.71,29.41,organic,2018,Spokane
17879,4/1/2018,1.67,4939.6,315.29,1862.56,0.0,2761.75,1379.53,1382.22,0.0,organic,2018,Spokane
17880,4/8/2018,1.75,5096.76,284.75,2871.79,0.0,1940.22,776.79,1163.43,0.0,organic,2018,Spokane
17881,4/15/2018,1.63,5644.13,224.42,2180.4,0.0,3239.31,928.22,2311.09,0.0,organic,2018,Spokane
17882,4/22/2018,1.69,4584.25,291.68,2098.78,0.0,2193.79,787.78,1406.01,0.0,organic,2018,Spokane
17883,4/29/2018,1.68,5570.28,343.2,2566.37,2.19,2658.52,844.13,1814.39,0.0,organic,2018,Spokane
17884,5/6/2018,1.59,6352.76,267.67,1901.97,0.0,4183.12,867.77,3315.35,0.0,organic,2018,Spokane
17885,5/13/2018,1.61,6446.51,285.97,2398.27,0.0,3762.27,724.43,3033.03,4.81,organic,2018,Spokane
17886,5/20/2018,1.67,6053.41,352.51,1992.53,0.0,3708.37,660.0,3048.37,0.0,organic,2018,Spokane
17887,5/27/2018,1.7,6974.76,395.13,2551.17,0.0,4028.46,888.9,3139.56,0.0,organic,2018,Spokane
17888,6/3/2018,1.76,5726.95,295.42,2482.77,4.19,2944.57,590.0,2354.57,0.0,organic,2018,Spokane
17889,6/10/2018,1.53,6687.02,390.89,1703.85,2.11,4590.17,1318.89,3271.28,0.0,organic,2018,Spokane
17890,6/17/2018,1.7,5544.38,179.88,2074.95,0.0,3289.55,637.77,2647.13,4.65,organic,2018,Spokane
17891,6/24/2018,1.68,6166.26,238.65,2208.56,0.0,3719.05,895.56,2811.86,11.63,organic,2018,Spokane
17892,7/1/2018,1.67,6513.19,263.99,2396.87,0.0,3852.33,1155.55,2687.47,9.31,organic,2018,Spokane
17893,7/8/2018,1.65,7113.42,303.63,2489.38,0.0,4320.41,1120.0,3200.41,0.0,organic,2018,Spokane
17894,7/15/2018,1.63,6789.38,266.86,2360.05,0.0,4162.47,1153.34,3004.5,4.63,organic,2018,Spokane
17895,7/22/2018,1.65,6656.9,288.42,2309.46,0.0,4059.02,1098.17,2960.85,0.0,organic,2018,Spokane
17896,7/29/2018,1.76,6081.97,271.04,2503.97,0.0,3306.96,976.51,2330.45,0.0,organic,2018,Spokane
17897,8/5/2018,1.93,4814.37,275.55,2214.79,0.0,2324.03,670.85,1653.18,0.0,organic,2018,Spokane
17898,8/12/2018,1.81,7751.16,334.18,2401.55,0.0,5015.43,208.07,4802.75,4.61,organic,2018,Spokane
17899,8/19/2018,1.93,6363.69,309.77,2160.04,0.0,3893.88,184.42,3709.46,0.0,organic,2018,Spokane
17900,8/26/2018,2.3,4634.25,265.08,2389.9,0.0,1979.27,301.31,1677.96,0.0,organic,2018,Spokane
17901,9/2/2018,2.14,5134.32,292.77,1979.28,0.0,2862.27,943.45,1918.82,0.0,organic,2018,Spokane
17902,9/9/2018,2.08,5305.44,217.49,1589.97,4.22,3493.76,1124.53,2362.19,7.04,organic,2018,Spokane
17903,9/16/2018,2.11,5209.23,235.58,1763.66,0.0,3209.99,1006.34,2203.65,0.0,organic,2018,Spokane
17904,9/23/2018,2.26,5454.12,287.98,2406.27,0.0,2759.87,406.08,2339.57,14.22,organic,2018,Spokane
17905,9/30/2018,2.13,4923.21,273.88,1987.24,0.0,2662.09,241.11,2420.98,0.0,organic,2018,Spokane
17906,10/7/2018,2.04,5689.82,252.64,2205.24,0.0,3231.94,894.91,2337.03,0.0,organic,2018,Spokane
17907,10/14/2018,2.0,4547.8,174.31,1609.69,0.0,2763.8,989.6,1774.2,0.0,organic,2018,Spokane
17908,10/21/2018,1.97,4797.65,157.9,1912.13,0.0,2727.62,600.62,2127.0,0.0,organic,2018,Spokane
17909,10/28/2018,1.85,5009.3,273.59,1963.3,0.0,2772.41,1206.25,1566.16,0.0,organic,2018,Spokane
17910,11/4/2018,1.92,5350.17,217.07,2577.69,0.0,2555.41,1300.72,1254.69,0.0,organic,2018,Spokane
17911,11/11/2018,1.85,5520.61,185.33,1899.6,0.0,3435.68,1793.24,1642.44,0.0,organic,2018,Spokane
17912,11/18/2018,2.02,4351.96,150.12,1379.78,0.0,2822.06,1958.62,863.44,0.0,organic,2018,Spokane
17913,11/25/2018,2.66,4777.32,270.41,2633.21,0.0,1873.7,9.37,1864.33,0.0,organic,2018,Spokane
17914,12/2/2018,2.16,4315.53,161.91,2002.76,57.67,2093.19,289.3,1803.89,0.0,organic,2018,Spokane
18067,1/1/2018,1.54,12274.98,1689.61,1140.91,0.0,9444.46,6613.72,2830.74,0.0,organic,2018,St. Louis
18068,1/7/2018,1.49,11148.12,842.57,815.93,0.0,9489.62,7538.34,1951.28,0.0,organic,2018,St. Louis
18069,1/14/2018,1.97,8138.94,2054.96,1185.62,0.0,4898.36,2004.4,2893.96,0.0,organic,2018,St. Louis
18070,1/21/2018,1.77,6887.8,1559.68,823.81,0.0,4504.31,2868.51,1635.8,0.0,organic,2018,St. Louis
18071,1/28/2018,1.76,6297.35,1399.87,649.18,0.0,4248.3,2360.0,1888.3,0.0,organic,2018,St. Louis
18072,2/4/2018,1.69,6493.79,1328.38,666.47,0.0,4498.94,2696.67,1802.27,0.0,organic,2018,St. Louis
18073,2/11/2018,1.75,7732.34,1448.4,752.88,1.75,5529.31,3018.89,2510.42,0.0,organic,2018,St. Louis
18074,2/18/2018,1.76,7007.39,1253.21,756.65,3.53,4994.0,2970.0,2024.0,0.0,organic,2018,St. Louis
18075,2/25/2018,1.69,7970.31,1546.57,774.53,0.0,5649.21,3548.89,2100.32,0.0,organic,2018,St. Louis
18076,3/4/2018,1.76,6858.14,982.72,2294.52,0.0,3580.9,3054.45,526.45,0.0,organic,2018,St. Louis
18077,3/11/2018,1.71,8092.62,1127.67,2916.23,0.0,4048.72,4022.23,26.49,0.0,organic,2018,St. Louis
18078,3/18/2018,1.8,7105.79,1052.26,2821.98,7.09,3224.46,3207.79,16.67,0.0,organic,2018,St. Louis
18079,3/25/2018,1.82,8210.37,1426.49,2452.5,0.0,4331.38,3427.78,903.6,0.0,organic,2018,St. Louis
18080,4/1/2018,1.79,8807.74,1509.66,2922.0,7.18,4368.9,3904.87,464.03,0.0,organic,2018,St. Louis
18081,4/8/2018,1.25,16719.52,10069.07,1343.98,3.59,5302.88,3438.88,1864.0,0.0,organic,2018,St. Louis
18082,4/15/2018,1.53,14819.79,5425.67,3062.56,10.73,6320.83,4941.99,1378.84,0.0,organic,2018,St. Louis
18083,4/22/2018,1.36,20591.71,7636.52,2437.49,0.0,10517.7,9649.43,868.27,0.0,organic,2018,St. Louis
18084,4/29/2018,1.45,14914.12,5193.56,2847.25,7.18,6866.13,6402.93,463.2,0.0,organic,2018,St. Louis
18085,5/6/2018,1.48,14262.77,1903.49,2553.83,0.0,9805.45,8864.73,940.72,0.0,organic,2018,St. Louis
18086,5/13/2018,1.16,14528.98,1187.5,2738.36,0.0,10603.12,8990.31,1612.81,0.0,organic,2018,St. Louis
18087,5/20/2018,1.09,22932.38,1790.33,1512.99,0.0,19629.06,17631.41,1997.65,0.0,organic,2018,St. Louis
18088,5/27/2018,1.57,14056.73,2699.72,2480.13,0.0,8876.88,8130.5,746.38,0.0,organic,2018,St. Louis
18089,6/3/2018,1.7,10777.56,1558.04,3307.85,0.0,5911.67,5342.41,569.26,0.0,organic,2018,St. Louis
18090,6/10/2018,1.35,11875.43,353.76,2733.43,0.0,8788.24,8486.45,301.79,0.0,organic,2018,St. Louis
18091,6/17/2018,1.63,8165.69,252.55,2885.76,0.0,5027.38,4360.99,666.39,0.0,organic,2018,St. Louis
18092,6/24/2018,1.75,11710.91,1845.93,3793.24,0.0,6071.74,5397.39,674.35,0.0,organic,2018,St. Louis
18093,7/1/2018,1.69,10320.64,1948.94,2494.91,7.06,5869.73,5148.86,720.87,0.0,organic,2018,St. Louis
18094,7/8/2018,1.62,13267.49,1878.49,3693.46,0.0,7695.54,7225.42,470.12,0.0,organic,2018,St. Louis
18095,7/15/2018,1.66,13068.46,1089.56,4535.42,1.76,7441.72,6784.19,657.53,0.0,organic,2018,St. Louis
18096,7/22/2018,1.79,7810.0,986.41,2992.71,3.52,3827.36,3422.23,405.13,0.0,organic,2018,St. Louis
18097,7/29/2018,1.76,9124.92,1199.5,3433.77,0.0,4491.65,4097.78,393.87,0.0,organic,2018,St. Louis
18098,8/5/2018,2.24,6031.17,667.17,3146.08,1.77,2216.15,706.67,1509.48,0.0,organic,2018,St. Louis
18099,8/12/2018,2.25,4480.19,295.28,2689.58,0.0,1495.33,335.56,1159.77,0.0,organic,2018,St. Louis
18100,8/19/2018,1.92,6725.88,115.29,3300.94,21.39,3288.26,2254.1,1034.16,0.0,organic,2018,St. Louis
18101,8/26/2018,1.71,8957.42,83.89,2678.28,33.88,6161.37,4699.1,1462.27,0.0,organic,2018,St. Louis
18102,9/2/2018,1.75,11038.12,1666.89,3445.64,23.17,5902.42,5832.91,69.51,0.0,organic,2018,St. Louis
18103,9/9/2018,2.05,7958.28,1052.09,4051.78,17.59,2836.82,2820.15,16.67,0.0,organic,2018,St. Louis
18104,9/16/2018,1.81,9008.54,1168.51,3678.93,29.85,4131.25,4114.58,16.67,0.0,organic,2018,St. Louis
18105,9/23/2018,1.66,10710.96,1302.21,3696.63,24.61,5687.51,5610.84,76.67,0.0,organic,2018,St. Louis
18106,9/30/2018,1.63,8864.62,1216.02,2769.53,3.51,4875.56,4875.56,0.0,0.0,organic,2018,St. Louis
18107,10/7/2018,1.66,9877.3,1021.47,2689.28,3.51,6163.04,5030.57,1132.47,0.0,organic,2018,St. Louis
18108,10/14/2018,1.54,8599.01,1027.89,1945.41,3.48,5622.23,5053.29,568.94,0.0,organic,2018,St. Louis
18109,10/21/2018,1.6,9025.63,989.22,1872.24,18.96,6145.21,4907.78,1237.43,0.0,organic,2018,St. Louis
18110,10/28/2018,1.63,7675.46,643.68,1371.44,8.57,5651.77,3931.1,1720.67,0.0,organic,2018,St. Louis
18111,11/4/2018,1.67,9770.72,1023.85,1718.41,6.73,7021.73,4714.45,2307.28,0.0,organic,2018,St. Louis
18112,11/11/2018,1.44,10646.32,3239.04,1457.42,6.04,5943.82,4403.33,1540.49,0.0,organic,2018,St. Louis
18113,11/18/2018,1.56,14923.13,5589.54,948.89,0.0,8384.7,7317.01,1067.69,0.0,organic,2018,St. Louis
18114,11/25/2018,1.73,12602.59,6161.3,575.54,0.0,5865.75,5395.68,470.07,0.0,organic,2018,St. Louis
18115,12/2/2018,1.7,10498.86,3932.18,1576.7,62.3,4927.68,3151.07,1776.61,0.0,organic,2018,St. Louis
