Laura/avocado_sales_2018.csv
,Date,AveragePrice,Total Volume,4046,4225,4770,Total Bags,Small Bags,Large Bags,XLarge Bags,type,year,region
18372,1/1/2018,1.2,4873.1,51.97,54.57,0.0,4766.56,3051.42,1715.14,0.0,organic,2018,Syracuse
18373,1/7/2018,1.25,4764.47,59.95,133.89,0.0,4570.63,3125.05,1445.58,0.0,organic,2018,Syracuse
18374,1/14/2018,1.25,4343.09,116.19,64.16,0.0,4162.74,1986.09,2176.65,0.0,organic,2018,Syracuse
18375,1/21/2018,1.27,3159.8,92.12,73.17,0.0,2994.51,2117.69,876.82,0.0,organic,2018,Syracuse
18376,1/28/2018,1.19,6393.58,30.09,128.49,0.0,6235.0,5670.94,564.06,0.0,organic,2018,Syracuse
18377,2/4/2018,1.22,6294.16,85.22,152.09,0.0,6056.85,2847.48,3209.37,0.0,organic,2018,Syracuse
18378,2/11/2018,1.23,4815.48,69.81,56.64,0.0,4689.03,1972.88,2716.15,0.0,organic,2018,Syracuse
18379,2/18/2018,1.3,5092.83,310.36,84.43,0.0,4698.04,2136.41,2561.63,0.0,organic,2018,Syracuse
18380,2/25/2018,1.3,4162.96,154.36,133.07,0.0,3875.53,1645.95,2229.58,0.0,organic,2018,Syracuse
18381,3/4/2018,1.42,3061.66,395.14,89.31,0.0,2577.21,721.5,1855.71,0.0,organic,2018,Syracuse
18382,3/11/2018,1.25,4685.01,168.95,61.01,0.0,4455.05,775.9,3679.15,0.0,organic,2018,Syracuse
18383,3/18/2018,1.19,6981.22,162.32,87.87,0.0,6731.03,2782.91,3948.12,0.0,organic,2018,Syracuse
18384,3/25/2018,1.04,14503.47,78.95,148.37,0.0,14276.15,9992.31,4283.84,0.0,organic,2018,Syracuse
18385,4/1/2018,1.1,9859.34,68.17,95.99,0.0,9695.18,4958.02,4737.16,0.0,organic,2018,Syracuse
18386,4/8/2018,1.05,10882.43,71.14,77.98,0.0,10733.31,7534.62,3198.69,0.0,organic,2018,Syracuse
18387,4/15/2018,1.13,11648.15,121.71,446.31,0.0,11080.13,7310.12,3770.01,0.0,organic,2018,Syracuse
18388,4/22/2018,1.13,8255.59,228.86,85.13,0.0,7941.6,4434.25,3507.35,0.0,organic,2018,Syracuse
18389,4/29/2018,1.08,11248.99,203.86,64.55,0.0,10980.58,7370.59,3609.99,0.0,organic,2018,Syracuse
18390,5/6/2018,1.04,14576.22,162.01,77.51,0.0,14336.7,10405.05,3931.65,0.0,organic,2018,Syracuse
18391,5/13/2018,1.13,9642.69,144.73,240.09,0.0,9257.87,5052.89,4204.98,0.0,organic,2018,Syracuse
18392,5/20/2018,1.09,11376.83,140.46,252.29,0.0,10984.08,7564.7,3419.38,0.0,organic,2018,Syracuse
18393,5/27/2018,1.08,14203.85,179.19,146.11,0.0,13878.55,9498.11,4380.44,0.0,organic,2018,Syracuse
18394,6/3/2018,1.2,7074.75,132.46,64.18,0.0,6878.11,2129.47,4748.64,0.0,organic,2018,Syracuse
18395,6/10/2018,1.24,4206.85,60.92,68.31,0.0,4077.62,1346.51,2731.11,0.0,organic,2018,Syracuse
18396,6/17/2018,1.14,6234.81,142.46,85.69,0.0,6006.66,3415.98,2590.68,0.0,organic,2018,Syracuse
18397,6/24/2018,1.11,8019.42,153.3,71.9,0.0,7794.22,5650.72,2143.5,0.0,organic,2018,Syracuse
18398,7/1/2018,1.29,5112.25,105.07,83.89,0.0,4923.29,1418.68,3504.61,0.0,organic,2018,Syracuse
18399,7/8/2018,1.29,3934.64,141.03,105.08,0.0,3688.53,869.89,2818.64,0.0,organic,2018,Syracuse
18400,7/15/2018,1.28,4708.69,129.82,77.42,0.0,4501.45,1750.05,2751.4,0.0,organic,2018,Syracuse
18401,7/22/2018,1.23,5644.54,82.6,89.26,0.0,5472.68,4298.79,1173.89,0.0,organic,2018,Syracuse
18402,7/29/2018,1.23,4619.62,64.73,65.04,0.0,4489.85,2377.99,2111.86,0.0,organic,2018,Syracuse
18403,8/5/2018,1.25,4390.02,88.05,145.08,0.0,4156.89,1888.52,2268.37,0.0,organic,2018,Syracuse
18404,8/12/2018,1.2,4319.67,72.15,93.89,0.0,4153.63,1614.94,2538.69,0.0,organic,2018,Syracuse
18405,8/19/2018,1.22,5180.21,74.67,192.45,0.0,4913.09,3874.37,1038.72,0.0,organic,2018,Syracuse
18406,8/26/2018,1.25,4335.88,119.62,175.44,0.0,4040.82,3990.82,50.0,0.0,organic,2018,Syracuse
18407,9/2/2018,1.3,5428.43,269.85,243.94,0.0,4914.64,4901.31,13.33,0.0,organic,2018,Syracuse
18408,9/9/2018,1.28,5937.06,148.36,217.74,0.0,5570.96,5570.96,0.0,0.0,organic,2018,Syracuse
18409,9/16/2018,1.26,4506.21,77.44,193.36,0.0,4235.41,4235.41,0.0,0.0,organic,2018,Syracuse
18410,9/23/2018,1.26,6192.92,64.83,304.59,0.0,5823.5,5796.83,26.67,0.0,organic,2018,Syracuse
18411,9/30/2018,1.28,4945.81,75.16,218.5,0.0,4652.15,3620.72,1031.43,0.0,organic,2018,Syracuse
18412,10/7/2018,1.24,5792.9,46.33,182.97,0.0,5563.6,3397.15,2166.45,0.0,organic,2018,Syracuse
18413,10/14/2018,1.19,7509.3,110.29,188.88,0.0,7210.13,4465.03,2745.1,0.0,organic,2018,Syracuse
18414,10/21/2018,1.19,5356.11,27.68,164.67,0.0,5163.76,2217.85,2945.91,0.0,organic,2018,Syracuse
18415,10/28/2018,1.22,5407.32,87.4,184.5,0.0,5135.42,2718.57,2416.85,0.0,organic,2018,Syracuse
18416,11/4/2018,1.26,4912.3,87.32,169.9,0.0,4655.08,3231.54,1423.54,0.0,organic,2018,Syracuse
18417,11/11/2018,1.26,4571.42,56.54,152.67,0.0,4362.21,3149.68,1212.53,0.0,organic,2018,Syracuse
18418,11/18/2018,1.22,4823.51,78.23,160.22,0.0,4585.06,3267.97,1317.09,0.0,organic,2018,Syracuse
18419,11/25/2018,1.36,2935.2,96.83,110.36,0.0,2728.01,2196.37,531.64,0.0,organic,2018,Syracuse
18420,12/2/2018,1.25,4679.51,55.3,146.05,0.0,4478.16,3028.69,1449.47,0.0,organic,2018,Syracuse
18625,1/1/2018,1.59,5528.74,76.28,474.42,0.0,4978.04,4716.25,261.79,0.0,organic,2018,Tampa
18626,1/7/2018,1.51,7370.53,42.17,400.58,0.0,6927.78,6921.12,6.66,0.0,organic,2018,Tampa
18627,1/14/2018,1.53,7238.04,106.98,496.61,0.0,6634.45,6634.45,0.0,0.0,organic,2018,Tampa
18628,1/21/2018,1.52,6871.05,76.66,407.09,0.0,6387.3,6375.55,11.75,0.0,organic,2018,Tampa
18629,1/28/2018,1.61,7695.89,156.01,859.2,0.0,6680.68,5567.39,1113.29,0.0,organic,2018,Tampa
18630,2/4/2018,1.32,7363.56,89.59,440.31,0.0,6833.66,6827.78,5.88,0.0,organic,2018,Tampa
18631,2/11/2018,1.34,8467.46,40.73,486.03,0.0,7940.7,7499.96,440.74,0.0,organic,2018,Tampa
18632,2/18/2018,1.5,8534.53,131.47,781.0,0.0,7622.06,6452.23,1169.83,0.0,organic,2018,Tampa
18633,2/25/2018,1.37,9144.2,206.39,542.89,0.0,8394.92,7895.92,499.0,0.0,organic,2018,Tampa
18634,3/4/2018,1.51,9851.33,223.68,839.86,0.0,8787.79,7327.76,1460.03,0.0,organic,2018,Tampa
18635,3/11/2018,1.31,8115.07,101.14,392.38,0.0,7621.55,7494.08,127.47,0.0,organic,2018,Tampa
18636,3/18/2018,1.5,10311.24,190.28,901.77,0.0,9219.19,7687.03,1532.16,0.0,organic,2018,Tampa
18637,3/25/2018,1.41,10028.49,138.15,773.22,0.0,9117.12,8208.82,908.3,0.0,organic,2018,Tampa
18638,4/1/2018,1.38,9983.85,149.02,667.42,0.0,9167.41,8256.67,910.74,0.0,organic,2018,Tampa
18639,4/8/2018,1.51,12339.77,235.98,1050.94,0.0,11052.85,8923.34,2129.51,0.0,organic,2018,Tampa
18640,4/15/2018,1.36,10455.38,131.34,640.98,0.0,9683.06,9016.29,666.77,0.0,organic,2018,Tampa
18641,4/22/2018,1.37,9593.03,173.54,624.83,0.0,8794.66,8117.12,677.54,0.0,organic,2018,Tampa
18642,4/29/2018,1.54,10308.61,187.89,957.96,0.0,9162.76,7074.83,2087.93,0.0,organic,2018,Tampa
18643,5/6/2018,1.44,10051.09,164.36,723.4,0.0,9163.33,7835.95,1327.38,0.0,organic,2018,Tampa
18644,5/13/2018,1.27,8547.08,91.99,361.39,0.0,8093.7,8019.99,73.71,0.0,organic,2018,Tampa
18645,5/20/2018,1.24,7956.77,89.62,250.49,0.0,7616.66,7603.33,13.33,0.0,organic,2018,Tampa
18646,5/27/2018,1.27,8557.45,115.44,445.33,0.0,7996.68,7976.68,20.0,0.0,organic,2018,Tampa
18647,6/3/2018,1.44,10054.56,255.95,485.16,0.0,9313.45,9300.12,13.33,0.0,organic,2018,Tampa
18648,6/10/2018,1.37,11687.56,410.04,618.79,0.0,10658.73,10642.06,16.67,0.0,organic,2018,Tampa
18649,6/17/2018,1.25,7831.36,83.61,462.33,0.0,7285.42,7265.42,20.0,0.0,organic,2018,Tampa
18650,6/24/2018,1.27,8440.86,108.91,545.05,0.0,7786.9,7783.57,3.33,0.0,organic,2018,Tampa
18651,7/1/2018,1.25,8749.62,109.21,461.14,0.0,8179.27,8139.27,40.0,0.0,organic,2018,Tampa
18652,7/8/2018,1.25,8390.96,74.0,498.06,0.0,7818.9,7818.9,0.0,0.0,organic,2018,Tampa
18653,7/15/2018,1.32,8244.19,138.1,843.31,0.0,7262.78,6669.99,592.79,0.0,organic,2018,Tampa
18654,7/22/2018,1.48,10550.97,177.4,1292.36,0.0,9081.21,6049.74,3031.47,0.0,organic,2018,Tampa
18655,7/29/2018,1.43,4912.66,180.9,887.06,0.0,3844.7,3156.66,688.04,0.0,organic,2018,Tampa
18656,8/5/2018,1.4,8805.3,184.48,946.73,0.0,7674.09,6145.29,1528.8,0.0,organic,2018,Tampa
18657,8/12/2018,1.4,9715.72,255.01,1157.51,0.0,8303.2,6875.72,1427.48,0.0,organic,2018,Tampa
18658,8/19/2018,1.38,9328.47,160.5,910.56,0.0,8257.41,7583.33,674.08,0.0,organic,2018,Tampa
18659,8/26/2018,1.27,15610.64,133.65,801.75,0.0,14675.24,14627.1,48.14,0.0,organic,2018,Tampa
18660,9/2/2018,1.28,16970.3,156.33,815.62,0.0,15998.35,15998.35,0.0,0.0,organic,2018,Tampa
18661,9/9/2018,1.33,16616.03,274.9,1206.28,0.0,15134.85,15105.05,29.8,0.0,organic,2018,Tampa
18662,9/16/2018,1.46,14315.97,364.53,2029.3,0.0,11922.14,10346.15,1575.99,0.0,organic,2018,Tampa
18663,9/23/2018,1.52,13521.81,328.48,1269.73,0.0,11923.6,8549.65,3373.95,0.0,organic,2018,Tampa
18664,9/30/2018,1.45,8259.37,172.01,653.21,0.0,7434.15,7308.89,125.26,0.0,organic,2018,Tampa
18665,10/7/2018,1.44,9887.9,126.09,757.37,0.0,9004.44,9004.44,0.0,0.0,organic,2018,Tampa
18666,10/14/2018,1.51,10251.45,142.18,753.06,0.0,9356.21,8163.33,1192.88,0.0,organic,2018,Tampa
18667,10/21/2018,1.57,11159.01,180.91,1055.84,0.0,9922.26,7399.59,2522.67,0.0,organic,2018,Tampa
18668,10/28/2018,1.52,10069.83,159.86,679.85,0.0,9230.12,7601.91,1628.21,0.0,organic,2018,Tampa
18669,11/4/2018,1.49,8300.71,152.99,521.23,0.0,7626.49,6953.34,673.15,0.0,organic,2018,Tampa
18670,11/11/2018,1.54,9113.31,136.55,670.58,0.0,8306.18,7048.18,1258.0,0.0,organic,2018,Tampa
18671,11/18/2018,1.52,12259.52,220.91,1231.73,0.0,10806.88,7333.34,3473.54,0.0,organic,2018,Tampa
18672,11/25/2018,1.24,710.36,52.13,25.74,0.0,632.49,567.77,64.72,0.0,organic,2018,Tampa
18673,12/2/2018,1.29,7374.15,176.32,5.44,0.0,7192.39,7192.39,0.0,0.0,organic,2018,Tampa
